******************************************************************************
                  TI ARM Linker PC v18.1.2                     
******************************************************************************
>> Linked Mon Nov 19 11:58:32 2018

OUTPUT FILE NAME:   <outofbox_msp432p401r_MSP_EXP432P401R_nortos_ccs.out>
ENTRY POINT SYMBOL: "_c_int00_noargs"  address: 00000659


MEMORY CONFIGURATION

         name            origin    length      used     unused   attr    fill
----------------------  --------  ---------  --------  --------  ----  --------
  MAIN                  00000000   00040000  0000071a  0003f8e6  R  X
  INFO                  00200000   00004000  00000000  00004000  R  X
  SRAM_CODE             01000000   00010000  00000230  0000fdd0  RW X
  SRAM_DATA             20000000   00010000  00000230  0000fdd0  RW  


SEGMENT ALLOCATION MAP

run origin  load origin   length   init length attrs members
----------  ----------- ---------- ----------- ----- -------
00000000    00000000    00000720   00000720    r-x
  00000000    00000000    000000e4   000000e4    r-- .intvecs
  000000e4    000000e4    000005f6   000005f6    r-x .text
  000006dc    000006dc    00000020   00000020    r-- .const
  00000700    00000700    00000020   00000020    r-- .cinit
20000000    20000000    00000030   00000000    rw-
  20000000    20000000    00000030   00000000    rw- .data
2000fe00    2000fe00    00000200   00000000    rw-
  2000fe00    2000fe00    00000200   00000000    rw- .stack


SECTION ALLOCATION MAP

 output                                  attributes/
section   page    origin      length       input sections
--------  ----  ----------  ----------   ----------------
.intvecs   0    00000000    000000e4     
                  00000000    000000e4     startup_msp432p401r_ccs.obj (.intvecs:retain)

.text      0    000000e4    000005f6     
                  000000e4    000001b8     main.obj (.text:main)
                  0000029c    00000138     main.obj (.text:PORT1_IRQHandler)
                  000003d4    0000009c     rtsv7M4_T_le_v4SPD16_eabi.lib : memcpy_t2.asm.obj (.text)
                  00000470    00000078     system_msp432p401r.obj (.text:SystemInit)
                  000004e8    00000070     main.obj (.text:TA1_0_IRQHandler)
                  00000558    00000068     rtsv7M4_T_le_v4SPD16_eabi.lib : copy_decompress_lzss.c.obj (.text:decompress:lzss:__TI_decompress_lzss)
                  000005c0    00000054     main.obj (.text:SysTick_Handler)
                  00000614    00000044     rtsv7M4_T_le_v4SPD16_eabi.lib : autoinit.c.obj (.text:__TI_auto_init_nobinit_nopinit:__TI_auto_init_nobinit_nopinit)
                  00000658    00000038                                   : boot_cortex_m.c.obj (.text:_c_int00_noargs:_c_int00_noargs)
                  00000690    00000024                                   : rand.c.obj (.text:srand)
                  000006b4    0000000e                                   : copy_decompress_none.c.obj (.text:decompress:none:__TI_decompress_none)
                  000006c2    0000000c     startup_msp432p401r_ccs.obj (.text:Reset_Handler)
                  000006ce    00000004     rtsv7M4_T_le_v4SPD16_eabi.lib : pre_init.c.obj (.text:_system_pre_init)
                  000006d2    00000004                                   : exit.c.obj (.text:abort:abort)
                  000006d6    00000002     startup_msp432p401r_ccs.obj (.text:Default_Handler)
                  000006d8    00000002     rtsv7M4_T_le_v4SPD16_eabi.lib : _lock.c.obj (.text:_nop)

.const     0    000006dc    00000020     
                  000006dc    00000018     main.obj (.const:upConfig)
                  000006f4    00000008     main.obj (.const:.string:port_mapping)

.cinit     0    00000700    00000020     
                  00000700    0000000f     (.cinit..data.load) [load image, compression = lzss]
                  0000070f    00000001     --HOLE-- [fill = 0]
                  00000710    00000008     (__TI_handler_table)
                  00000718    00000008     (__TI_cinit_table)

.init_array 
*          0    00000000    00000000     UNINITIALIZED

.binit     0    00000000    00000000     

.data      0    20000000    00000030     UNINITIALIZED
                  20000000    00000024     main.obj (.data)
                  20000024    00000008     rtsv7M4_T_le_v4SPD16_eabi.lib : _lock.c.obj (.data:$O1$$)
                  2000002c    00000004                                   : rand.c.obj (.data)

.stack     0    2000fe00    00000200     UNINITIALIZED
                  2000fe00    00000004     rtsv7M4_T_le_v4SPD16_eabi.lib : boot_cortex_m.c.obj (.stack)
                  2000fe04    000001fc     --HOLE--

MODULE SUMMARY

       Module                        code   ro data   rw data
       ------                        ----   -------   -------
    .\
       main.obj                      948    32        72     
       system_msp432p401r.obj        120    0         0      
    +--+-----------------------------+------+---------+---------+
       Total:                        1068   32        72     
                                                             
    .\ccs\
       startup_msp432p401r_ccs.obj   14     228       0      
    +--+-----------------------------+------+---------+---------+
       Total:                        14     228       0      
                                                             
    C:\ti\ccsv8\tools\compiler\ti-cgt-arm_18.1.2.LTS\lib\rtsv7M4_T_le_v4SPD16_eabi.lib
       memcpy_t2.asm.obj             156    0         0      
       copy_decompress_lzss.c.obj    104    0         0      
       autoinit.c.obj                68     0         0      
       boot_cortex_m.c.obj           56     0         0      
       rand.c.obj                    36     0         8      
       _lock.c.obj                   2      0         16     
       copy_decompress_none.c.obj    14     0         0      
       exit.c.obj                    4      0         0      
       pre_init.c.obj                4      0         0      
    +--+-----------------------------+------+---------+---------+
       Total:                        444    0         24     
                                                             
       Stack:                        0      0         1024   
       Linker Generated:             0      31        0      
    +--+-----------------------------+------+---------+---------+
       Grand Total:                  1526   291       1120   


LINKER GENERATED COPY TABLES

__TI_cinit_table @ 00000718 records: 1, size/record: 8, table size: 8
	.data: load addr=00000700, load size=0000000f bytes, run addr=20000000, run size=00000030 bytes, compression=lzss


LINKER GENERATED HANDLER TABLE

__TI_handler_table @ 00000710 records: 2, size/record: 4, table size: 8
	index: 0, handler: __TI_decompress_lzss
	index: 1, handler: __TI_decompress_none


GLOBAL SYMBOLS: SORTED ALPHABETICALLY BY Name 

address   name                          
-------   ----                          
000006d7  ADC14_IRQHandler              
000006d7  AES256_IRQHandler             
000006d7  BusFault_Handler              
000006d3  C$$EXIT                       
000006d7  COMP_E0_IRQHandler            
000006d7  COMP_E1_IRQHandler            
000006d7  CS_IRQHandler                 
000006d7  DMA_ERR_IRQHandler            
000006d7  DMA_INT0_IRQHandler           
000006d7  DMA_INT1_IRQHandler           
000006d7  DMA_INT2_IRQHandler           
000006d7  DMA_INT3_IRQHandler           
000006d7  DebugMon_Handler              
000006d7  Default_Handler               
000006d7  EUSCIA0_IRQHandler            
000006d7  EUSCIA1_IRQHandler            
000006d7  EUSCIA2_IRQHandler            
000006d7  EUSCIA3_IRQHandler            
000006d7  EUSCIB0_IRQHandler            
000006d7  EUSCIB1_IRQHandler            
000006d7  EUSCIB2_IRQHandler            
000006d7  EUSCIB3_IRQHandler            
000006d7  FLCTL_IRQHandler              
000006d7  FPU_IRQHandler                
000006d7  HardFault_Handler             
000006d7  MemManage_Handler             
000006d7  NMI_Handler                   
000006d7  PCM_IRQHandler                
0000029d  PORT1_IRQHandler              
0000029d  PORT1_IRQHandler              
000006d7  PORT2_IRQHandler              
000006d7  PORT3_IRQHandler              
000006d7  PORT4_IRQHandler              
000006d7  PORT5_IRQHandler              
000006d7  PORT6_IRQHandler              
000006d7  PSS_IRQHandler                
000006d7  PendSV_Handler                
000006d7  RTC_C_IRQHandler              
000006c3  Reset_Handler                 
20000000  S1buttonDebounce              
20000004  S2buttonDebounce              
000006d7  SVC_Handler                   
000005c1  SysTick_Handler               
000005c1  SysTick_Handler               
00000471  SystemInit                    
000006d7  T32_INT1_IRQHandler           
000006d7  T32_INT2_IRQHandler           
000006d7  T32_INTC_IRQHandler           
000006d7  TA0_0_IRQHandler              
000006d7  TA0_N_IRQHandler              
000004e9  TA1_0_IRQHandler              
000004e9  TA1_0_IRQHandler              
000006d7  TA1_N_IRQHandler              
000006d7  TA2_0_IRQHandler              
000006d7  TA2_N_IRQHandler              
000006d7  TA3_0_IRQHandler              
000006d7  TA3_N_IRQHandler              
000006d7  UsageFault_Handler            
4000480c  WDTCTL_SYM                    
000006d7  WDT_A_IRQHandler              
20010000  __STACK_END                   
00000200  __STACK_SIZE                  
00000718  __TI_CINIT_Base               
00000720  __TI_CINIT_Limit              
00000710  __TI_Handler_Table_Base       
00000718  __TI_Handler_Table_Limit      
00000615  __TI_auto_init_nobinit_nopinit
00000559  __TI_decompress_lzss          
000006b5  __TI_decompress_none          
ffffffff  __TI_pprof_out_hndl           
ffffffff  __TI_prof_data_size           
ffffffff  __TI_prof_data_start          
00000000  __TI_static_base__            
000003d5  __aeabi_memcpy                
000003d5  __aeabi_memcpy4               
000003d5  __aeabi_memcpy8               
ffffffff  __binit__                     
ffffffff  __c_args__                    
UNDEFED   __mpu_init                    
2000fe00  __stack                       
00000659  _c_int00_noargs               
20000024  _lock                         
000006d9  _nop                          
UNDEFED   _system_post_cinit            
000006cf  _system_pre_init              
20000028  _unlock                       
000006d3  abort                         
ffffffff  binit                         
20000014  count                         
20000010  counting                      
20000020  currentColor                  
00000000  interruptVectors              
000000e5  main                          
000003d5  memcpy                        
2000000c  newTick                       
20000008  oldTick                       
000006f4  port_mapping                  
00000691  srand                         
20000018  sysTickCount                  
2000001c  taps                          
000006dc  upConfig                      


GLOBAL SYMBOLS: SORTED BY Symbol Address 

address   name                          
-------   ----                          
00000000  __TI_static_base__            
00000000  interruptVectors              
000000e5  main                          
00000200  __STACK_SIZE                  
0000029d  PORT1_IRQHandler              
0000029d  PORT1_IRQHandler              
000003d5  __aeabi_memcpy                
000003d5  __aeabi_memcpy4               
000003d5  __aeabi_memcpy8               
000003d5  memcpy                        
00000471  SystemInit                    
000004e9  TA1_0_IRQHandler              
000004e9  TA1_0_IRQHandler              
00000559  __TI_decompress_lzss          
000005c1  SysTick_Handler               
000005c1  SysTick_Handler               
00000615  __TI_auto_init_nobinit_nopinit
00000659  _c_int00_noargs               
00000691  srand                         
000006b5  __TI_decompress_none          
000006c3  Reset_Handler                 
000006cf  _system_pre_init              
000006d3  C$$EXIT                       
000006d3  abort                         
000006d7  ADC14_IRQHandler              
000006d7  AES256_IRQHandler             
000006d7  BusFault_Handler              
000006d7  COMP_E0_IRQHandler            
000006d7  COMP_E1_IRQHandler            
000006d7  CS_IRQHandler                 
000006d7  DMA_ERR_IRQHandler            
000006d7  DMA_INT0_IRQHandler           
000006d7  DMA_INT1_IRQHandler           
000006d7  DMA_INT2_IRQHandler           
000006d7  DMA_INT3_IRQHandler           
000006d7  DebugMon_Handler              
000006d7  Default_Handler               
000006d7  EUSCIA0_IRQHandler            
000006d7  EUSCIA1_IRQHandler            
000006d7  EUSCIA2_IRQHandler            
000006d7  EUSCIA3_IRQHandler            
000006d7  EUSCIB0_IRQHandler            
000006d7  EUSCIB1_IRQHandler            
000006d7  EUSCIB2_IRQHandler            
000006d7  EUSCIB3_IRQHandler            
000006d7  FLCTL_IRQHandler              
000006d7  FPU_IRQHandler                
000006d7  HardFault_Handler             
000006d7  MemManage_Handler             
000006d7  NMI_Handler                   
000006d7  PCM_IRQHandler                
000006d7  PORT2_IRQHandler              
000006d7  PORT3_IRQHandler              
000006d7  PORT4_IRQHandler              
000006d7  PORT5_IRQHandler              
000006d7  PORT6_IRQHandler              
000006d7  PSS_IRQHandler                
000006d7  PendSV_Handler                
000006d7  RTC_C_IRQHandler              
000006d7  SVC_Handler                   
000006d7  T32_INT1_IRQHandler           
000006d7  T32_INT2_IRQHandler           
000006d7  T32_INTC_IRQHandler           
000006d7  TA0_0_IRQHandler              
000006d7  TA0_N_IRQHandler              
000006d7  TA1_N_IRQHandler              
000006d7  TA2_0_IRQHandler              
000006d7  TA2_N_IRQHandler              
000006d7  TA3_0_IRQHandler              
000006d7  TA3_N_IRQHandler              
000006d7  UsageFault_Handler            
000006d7  WDT_A_IRQHandler              
000006d9  _nop                          
000006dc  upConfig                      
000006f4  port_mapping                  
00000710  __TI_Handler_Table_Base       
00000718  __TI_CINIT_Base               
00000718  __TI_Handler_Table_Limit      
00000720  __TI_CINIT_Limit              
20000000  S1buttonDebounce              
20000004  S2buttonDebounce              
20000008  oldTick                       
2000000c  newTick                       
20000010  counting                      
20000014  count                         
20000018  sysTickCount                  
2000001c  taps                          
20000020  currentColor                  
20000024  _lock                         
20000028  _unlock                       
2000fe00  __stack                       
20010000  __STACK_END                   
4000480c  WDTCTL_SYM                    
ffffffff  __TI_pprof_out_hndl           
ffffffff  __TI_prof_data_size           
ffffffff  __TI_prof_data_start          
ffffffff  __binit__                     
ffffffff  __c_args__                    
ffffffff  binit                         
UNDEFED   __mpu_init                    
UNDEFED   _system_post_cinit            

[101 symbols]
