<?xml version="1.0" encoding="ISO-8859-1" ?>
<link_info>
   <banner>TI ARM Linker PC v18.1.2.LTS</banner>
   <copyright>Copyright (c) 1996-2017 Texas Instruments Incorporated</copyright>
   <link_time>0x5c0536b8</link_time>
   <link_errors>0x0</link_errors>
   <output_file>RTOSDemo.out</output_file>
   <entry_point>
      <name>_c_int00_noargs</name>
      <address>0x931d</address>
   </entry_point>
   <input_file_list>
      <input_file id="fl-2">
         <path>.\</path>
         <kind>object</kind>
         <file>main.obj</file>
         <name>main.obj</name>
      </input_file>
      <input_file id="fl-3">
         <path>.\FreeRTOS_Source\</path>
         <kind>object</kind>
         <file>croutine.obj</file>
         <name>croutine.obj</name>
      </input_file>
      <input_file id="fl-4">
         <path>.\FreeRTOS_Source\</path>
         <kind>object</kind>
         <file>event_groups.obj</file>
         <name>event_groups.obj</name>
      </input_file>
      <input_file id="fl-5">
         <path>.\FreeRTOS_Source\</path>
         <kind>object</kind>
         <file>list.obj</file>
         <name>list.obj</name>
      </input_file>
      <input_file id="fl-6">
         <path>.\FreeRTOS_Source\</path>
         <kind>object</kind>
         <file>queue.obj</file>
         <name>queue.obj</name>
      </input_file>
      <input_file id="fl-7">
         <path>.\FreeRTOS_Source\</path>
         <kind>object</kind>
         <file>stream_buffer.obj</file>
         <name>stream_buffer.obj</name>
      </input_file>
      <input_file id="fl-8">
         <path>.\FreeRTOS_Source\</path>
         <kind>object</kind>
         <file>tasks.obj</file>
         <name>tasks.obj</name>
      </input_file>
      <input_file id="fl-9">
         <path>.\FreeRTOS_Source\</path>
         <kind>object</kind>
         <file>timers.obj</file>
         <name>timers.obj</name>
      </input_file>
      <input_file id="fl-a">
         <path>.\FreeRTOS_Source\portable\CCS\ARM_CM4F\</path>
         <kind>object</kind>
         <file>port.obj</file>
         <name>port.obj</name>
      </input_file>
      <input_file id="fl-b">
         <path>.\FreeRTOS_Source\portable\CCS\ARM_CM4F\</path>
         <kind>object</kind>
         <file>portasm.obj</file>
         <name>portasm.obj</name>
      </input_file>
      <input_file id="fl-c">
         <path>.\FreeRTOS_Source\portable\MemMang\</path>
         <kind>object</kind>
         <file>heap_4.obj</file>
         <name>heap_4.obj</name>
      </input_file>
      <input_file id="fl-d">
         <path>.\Full_Demo\FreeRTOS+CLI\</path>
         <kind>object</kind>
         <file>FreeRTOS_CLI.obj</file>
         <name>FreeRTOS_CLI.obj</name>
      </input_file>
      <input_file id="fl-e">
         <path>.\Full_Demo\</path>
         <kind>object</kind>
         <file>IntQueueTimer.obj</file>
         <name>IntQueueTimer.obj</name>
      </input_file>
      <input_file id="fl-f">
         <path>.\Full_Demo\</path>
         <kind>object</kind>
         <file>RegTest.obj</file>
         <name>RegTest.obj</name>
      </input_file>
      <input_file id="fl-10">
         <path>.\Full_Demo\</path>
         <kind>object</kind>
         <file>RunTimeStatsTimer.obj</file>
         <name>RunTimeStatsTimer.obj</name>
      </input_file>
      <input_file id="fl-11">
         <path>.\Full_Demo\</path>
         <kind>object</kind>
         <file>Sample-CLI-commands.obj</file>
         <name>Sample-CLI-commands.obj</name>
      </input_file>
      <input_file id="fl-12">
         <path>.\Full_Demo\</path>
         <kind>object</kind>
         <file>UARTCommandConsole.obj</file>
         <name>UARTCommandConsole.obj</name>
      </input_file>
      <input_file id="fl-13">
         <path>.\Full_Demo\</path>
         <kind>object</kind>
         <file>main_full.obj</file>
         <name>main_full.obj</name>
      </input_file>
      <input_file id="fl-14">
         <path>.\Full_Demo\</path>
         <kind>object</kind>
         <file>serial.obj</file>
         <name>serial.obj</name>
      </input_file>
      <input_file id="fl-15">
         <path>.\Full_Demo\Standard_Demo_Tasks\</path>
         <kind>object</kind>
         <file>EventGroupsDemo.obj</file>
         <name>EventGroupsDemo.obj</name>
      </input_file>
      <input_file id="fl-16">
         <path>.\Full_Demo\Standard_Demo_Tasks\</path>
         <kind>object</kind>
         <file>GenQTest.obj</file>
         <name>GenQTest.obj</name>
      </input_file>
      <input_file id="fl-17">
         <path>.\Full_Demo\Standard_Demo_Tasks\</path>
         <kind>object</kind>
         <file>IntQueue.obj</file>
         <name>IntQueue.obj</name>
      </input_file>
      <input_file id="fl-18">
         <path>.\Full_Demo\Standard_Demo_Tasks\</path>
         <kind>object</kind>
         <file>IntSemTest.obj</file>
         <name>IntSemTest.obj</name>
      </input_file>
      <input_file id="fl-19">
         <path>.\Full_Demo\Standard_Demo_Tasks\</path>
         <kind>object</kind>
         <file>TaskNotify.obj</file>
         <name>TaskNotify.obj</name>
      </input_file>
      <input_file id="fl-1a">
         <path>.\Full_Demo\Standard_Demo_Tasks\</path>
         <kind>object</kind>
         <file>TimerDemo.obj</file>
         <name>TimerDemo.obj</name>
      </input_file>
      <input_file id="fl-1b">
         <path>.\Full_Demo\Standard_Demo_Tasks\</path>
         <kind>object</kind>
         <file>countsem.obj</file>
         <name>countsem.obj</name>
      </input_file>
      <input_file id="fl-1c">
         <path>.\Full_Demo\Standard_Demo_Tasks\</path>
         <kind>object</kind>
         <file>recmutex.obj</file>
         <name>recmutex.obj</name>
      </input_file>
      <input_file id="fl-1d">
         <path>.\Full_Demo\Standard_Demo_Tasks\</path>
         <kind>object</kind>
         <file>semtest.obj</file>
         <name>semtest.obj</name>
      </input_file>
      <input_file id="fl-1e">
         <path>.\Full_Demo\Standard_Demo_Tasks\</path>
         <kind>object</kind>
         <file>sp_flop.obj</file>
         <name>sp_flop.obj</name>
      </input_file>
      <input_file id="fl-1f">
         <path>.\SimplyBlinkyDemo\</path>
         <kind>object</kind>
         <file>main_blinky.obj</file>
         <name>main_blinky.obj</name>
      </input_file>
      <input_file id="fl-20">
         <path>.\driverlib\</path>
         <kind>object</kind>
         <file>cpu.obj</file>
         <name>cpu.obj</name>
      </input_file>
      <input_file id="fl-21">
         <path>.\driverlib\</path>
         <kind>object</kind>
         <file>cs.obj</file>
         <name>cs.obj</name>
      </input_file>
      <input_file id="fl-22">
         <path>.\driverlib\</path>
         <kind>object</kind>
         <file>flash.obj</file>
         <name>flash.obj</name>
      </input_file>
      <input_file id="fl-23">
         <path>.\driverlib\</path>
         <kind>object</kind>
         <file>fpu.obj</file>
         <name>fpu.obj</name>
      </input_file>
      <input_file id="fl-24">
         <path>.\driverlib\</path>
         <kind>object</kind>
         <file>gpio.obj</file>
         <name>gpio.obj</name>
      </input_file>
      <input_file id="fl-25">
         <path>.\driverlib\</path>
         <kind>object</kind>
         <file>interrupt.obj</file>
         <name>interrupt.obj</name>
      </input_file>
      <input_file id="fl-26">
         <path>.\driverlib\</path>
         <kind>object</kind>
         <file>pcm.obj</file>
         <name>pcm.obj</name>
      </input_file>
      <input_file id="fl-27">
         <path>.\driverlib\</path>
         <kind>object</kind>
         <file>sysctl.obj</file>
         <name>sysctl.obj</name>
      </input_file>
      <input_file id="fl-28">
         <path>.\driverlib\</path>
         <kind>object</kind>
         <file>timer32.obj</file>
         <name>timer32.obj</name>
      </input_file>
      <input_file id="fl-29">
         <path>.\driverlib\</path>
         <kind>object</kind>
         <file>uart.obj</file>
         <name>uart.obj</name>
      </input_file>
      <input_file id="fl-2a">
         <path>.\driverlib\</path>
         <kind>object</kind>
         <file>wdt_a.obj</file>
         <name>wdt_a.obj</name>
      </input_file>
      <input_file id="fl-2b">
         <path>.\system\CCS\</path>
         <kind>object</kind>
         <file>msp432_startup_ccs.obj</file>
         <name>msp432_startup_ccs.obj</name>
      </input_file>
      <input_file id="fl-2c">
         <path>.\system\CCS\</path>
         <kind>object</kind>
         <file>printf-stdarg.obj</file>
         <name>printf-stdarg.obj</name>
      </input_file>
      <input_file id="fl-2d">
         <path>.\system\CCS\</path>
         <kind>object</kind>
         <file>system_msp432p401r.obj</file>
         <name>system_msp432p401r.obj</name>
      </input_file>
      <input_file id="fl-31">
         <kind>object</kind>
         <file>&lt;internal&gt;</file>
         <name>&lt;internal&gt;</name>
      </input_file>
      <input_file id="fl-e7">
         <path>C:\ti\ccsv8\tools\compiler\ti-cgt-arm_18.1.2.LTS\lib\</path>
         <kind>archive</kind>
         <file>rtsv7M4_T_le_v4SPD16_eabi.lib</file>
         <name>u_divt2.asm.obj</name>
      </input_file>
      <input_file id="fl-e8">
         <path>C:\ti\ccsv8\tools\compiler\ti-cgt-arm_18.1.2.LTS\lib\</path>
         <kind>archive</kind>
         <file>rtsv7M4_T_le_v4SPD16_eabi.lib</file>
         <name>memset_t2.asm.obj</name>
      </input_file>
      <input_file id="fl-e9">
         <path>C:\ti\ccsv8\tools\compiler\ti-cgt-arm_18.1.2.LTS\lib\</path>
         <kind>archive</kind>
         <file>rtsv7M4_T_le_v4SPD16_eabi.lib</file>
         <name>fd_cmp_t2.asm.obj</name>
      </input_file>
      <input_file id="fl-ea">
         <path>C:\ti\ccsv8\tools\compiler\ti-cgt-arm_18.1.2.LTS\lib\</path>
         <kind>archive</kind>
         <file>rtsv7M4_T_le_v4SPD16_eabi.lib</file>
         <name>fs_tod_t2.asm.obj</name>
      </input_file>
      <input_file id="fl-eb">
         <path>C:\ti\ccsv8\tools\compiler\ti-cgt-arm_18.1.2.LTS\lib\</path>
         <kind>archive</kind>
         <file>rtsv7M4_T_le_v4SPD16_eabi.lib</file>
         <name>memcpy_t2.asm.obj</name>
      </input_file>
      <input_file id="fl-ec">
         <path>C:\ti\ccsv8\tools\compiler\ti-cgt-arm_18.1.2.LTS\lib\</path>
         <kind>archive</kind>
         <file>rtsv7M4_T_le_v4SPD16_eabi.lib</file>
         <name>copy_zero_init.c.obj</name>
      </input_file>
      <input_file id="fl-ed">
         <path>C:\ti\ccsv8\tools\compiler\ti-cgt-arm_18.1.2.LTS\lib\</path>
         <kind>archive</kind>
         <file>rtsv7M4_T_le_v4SPD16_eabi.lib</file>
         <name>copy_decompress_none.c.obj</name>
      </input_file>
      <input_file id="fl-ee">
         <path>C:\ti\ccsv8\tools\compiler\ti-cgt-arm_18.1.2.LTS\lib\</path>
         <kind>archive</kind>
         <file>rtsv7M4_T_le_v4SPD16_eabi.lib</file>
         <name>copy_decompress_lzss.c.obj</name>
      </input_file>
      <input_file id="fl-ef">
         <path>C:\ti\ccsv8\tools\compiler\ti-cgt-arm_18.1.2.LTS\lib\</path>
         <kind>archive</kind>
         <file>rtsv7M4_T_le_v4SPD16_eabi.lib</file>
         <name>boot_cortex_m.c.obj</name>
      </input_file>
      <input_file id="fl-f0">
         <path>C:\ti\ccsv8\tools\compiler\ti-cgt-arm_18.1.2.LTS\lib\</path>
         <kind>archive</kind>
         <file>rtsv7M4_T_le_v4SPD16_eabi.lib</file>
         <name>exit.c.obj</name>
      </input_file>
      <input_file id="fl-f1">
         <path>C:\ti\ccsv8\tools\compiler\ti-cgt-arm_18.1.2.LTS\lib\</path>
         <kind>archive</kind>
         <file>rtsv7M4_T_le_v4SPD16_eabi.lib</file>
         <name>_lock.c.obj</name>
      </input_file>
      <input_file id="fl-f2">
         <path>C:\ti\ccsv8\tools\compiler\ti-cgt-arm_18.1.2.LTS\lib\</path>
         <kind>archive</kind>
         <file>rtsv7M4_T_le_v4SPD16_eabi.lib</file>
         <name>args_main.c.obj</name>
      </input_file>
      <input_file id="fl-f3">
         <path>C:\ti\ccsv8\tools\compiler\ti-cgt-arm_18.1.2.LTS\lib\</path>
         <kind>archive</kind>
         <file>rtsv7M4_T_le_v4SPD16_eabi.lib</file>
         <name>strcmp.c.obj</name>
      </input_file>
      <input_file id="fl-f4">
         <path>C:\ti\ccsv8\tools\compiler\ti-cgt-arm_18.1.2.LTS\lib\</path>
         <kind>archive</kind>
         <file>rtsv7M4_T_le_v4SPD16_eabi.lib</file>
         <name>strcpy.c.obj</name>
      </input_file>
      <input_file id="fl-f5">
         <path>C:\ti\ccsv8\tools\compiler\ti-cgt-arm_18.1.2.LTS\lib\</path>
         <kind>archive</kind>
         <file>rtsv7M4_T_le_v4SPD16_eabi.lib</file>
         <name>strlen.c.obj</name>
      </input_file>
      <input_file id="fl-f6">
         <path>C:\ti\ccsv8\tools\compiler\ti-cgt-arm_18.1.2.LTS\lib\</path>
         <kind>archive</kind>
         <file>rtsv7M4_T_le_v4SPD16_eabi.lib</file>
         <name>strncat.c.obj</name>
      </input_file>
      <input_file id="fl-f7">
         <path>C:\ti\ccsv8\tools\compiler\ti-cgt-arm_18.1.2.LTS\lib\</path>
         <kind>archive</kind>
         <file>rtsv7M4_T_le_v4SPD16_eabi.lib</file>
         <name>strncmp.c.obj</name>
      </input_file>
      <input_file id="fl-f8">
         <path>C:\ti\ccsv8\tools\compiler\ti-cgt-arm_18.1.2.LTS\lib\</path>
         <kind>archive</kind>
         <file>rtsv7M4_T_le_v4SPD16_eabi.lib</file>
         <name>strncpy.c.obj</name>
      </input_file>
      <input_file id="fl-f9">
         <path>C:\ti\ccsv8\tools\compiler\ti-cgt-arm_18.1.2.LTS\lib\</path>
         <kind>archive</kind>
         <file>rtsv7M4_T_le_v4SPD16_eabi.lib</file>
         <name>div0.asm.obj</name>
      </input_file>
      <input_file id="fl-fa">
         <path>C:\ti\ccsv8\tools\compiler\ti-cgt-arm_18.1.2.LTS\lib\</path>
         <kind>archive</kind>
         <file>rtsv7M4_T_le_v4SPD16_eabi.lib</file>
         <name>autoinit.c.obj</name>
      </input_file>
      <input_file id="fl-fb">
         <path>C:\ti\ccsv8\tools\compiler\ti-cgt-arm_18.1.2.LTS\lib\</path>
         <kind>archive</kind>
         <file>rtsv7M4_T_le_v4SPD16_eabi.lib</file>
         <name>pre_init.c.obj</name>
      </input_file>
      <input_file id="fl-fc">
         <path>C:\ti\ccsv8\tools\compiler\ti-cgt-arm_18.1.2.LTS\lib\</path>
         <kind>archive</kind>
         <file>rtsv7M4_T_le_v4SPD16_eabi.lib</file>
         <name>cpy_tbl.c.obj</name>
      </input_file>
   </input_file_list>
   <object_component_list>
      <object_component id="oc-10">
         <name>.intvecs:retain</name>
         <load_address>0x0</load_address>
         <run_address>0x0</run_address>
         <size>0x144</size>
         <input_file_ref idref="fl-2b"/>
      </object_component>
      <object_component id="oc-785">
         <name>.text:prvSingleTaskTests</name>
         <load_address>0x148</load_address>
         <run_address>0x148</run_address>
         <size>0x780</size>
         <input_file_ref idref="fl-19"/>
      </object_component>
      <object_component id="oc-254">
         <name>.text:vTimerPeriodicISRTests</name>
         <load_address>0x8c8</load_address>
         <run_address>0x8c8</run_address>
         <size>0x66e</size>
         <input_file_ref idref="fl-1a"/>
      </object_component>
      <object_component id="oc-b51">
         <name>.text</name>
         <load_address>0xf36</load_address>
         <run_address>0xf36</run_address>
         <size>0x2</size>
         <input_file_ref idref="fl-f9"/>
      </object_component>
      <object_component id="oc-52f">
         <name>.text</name>
         <load_address>0xf38</load_address>
         <run_address>0xf38</run_address>
         <size>0x33c</size>
         <input_file_ref idref="fl-f"/>
      </object_component>
      <object_component id="oc-114">
         <name>.text:_system_pre_init</name>
         <load_address>0x1274</load_address>
         <run_address>0x1274</run_address>
         <size>0x4</size>
         <input_file_ref idref="fl-fb"/>
      </object_component>
      <object_component id="oc-734">
         <name>.text:prvTest6_CheckAutoReloadResetBehaviour</name>
         <load_address>0x1278</load_address>
         <run_address>0x1278</run_address>
         <size>0x2c4</size>
         <input_file_ref idref="fl-1a"/>
      </object_component>
      <object_component id="oc-1dc">
         <name>.text:abort:abort</name>
         <load_address>0x153c</load_address>
         <run_address>0x153c</run_address>
         <size>0x4</size>
         <input_file_ref idref="fl-f0"/>
      </object_component>
      <object_component id="oc-430">
         <name>.text:prvSendFrontAndBackTest</name>
         <load_address>0x1540</load_address>
         <run_address>0x1540</run_address>
         <size>0x2ac</size>
         <input_file_ref idref="fl-16"/>
      </object_component>
      <object_component id="oc-47b">
         <name>.text:prvTest1_CreateTimersWithoutSchedulerRunning</name>
         <load_address>0x17f0</load_address>
         <run_address>0x17f0</run_address>
         <size>0x1e8</size>
         <input_file_ref idref="fl-1a"/>
      </object_component>
      <object_component id="oc-a9a">
         <name>.text:tiny_print</name>
         <load_address>0x19d8</load_address>
         <run_address>0x19d8</run_address>
         <size>0x1c4</size>
         <input_file_ref idref="fl-2c"/>
      </object_component>
      <object_component id="oc-e1">
         <name>.text:xSecondTimerHandler</name>
         <load_address>0x1ba0</load_address>
         <run_address>0x1ba0</run_address>
         <size>0x1c0</size>
         <input_file_ref idref="fl-17"/>
      </object_component>
      <object_component id="oc-771">
         <name>.text:prvPerformTaskSyncTests</name>
         <load_address>0x1d60</load_address>
         <run_address>0x1d60</run_address>
         <size>0x1b4</size>
         <input_file_ref idref="fl-15"/>
      </object_component>
      <object_component id="oc-64e">
         <name>.text:xQueueSemaphoreTake</name>
         <load_address>0x1f18</load_address>
         <run_address>0x1f18</run_address>
         <size>0x1a4</size>
         <input_file_ref idref="fl-6"/>
      </object_component>
      <object_component id="oc-46d">
         <name>.text:xQueueGenericSend</name>
         <load_address>0x20c0</load_address>
         <run_address>0x20c0</run_address>
         <size>0x194</size>
         <input_file_ref idref="fl-6"/>
      </object_component>
      <object_component id="oc-7e7">
         <name>.text:FreeRTOS_CLIProcessCommand</name>
         <load_address>0x2258</load_address>
         <run_address>0x2258</run_address>
         <size>0x174</size>
         <input_file_ref idref="fl-d"/>
      </object_component>
      <object_component id="oc-66b">
         <name>.text:xQueuePeek</name>
         <load_address>0x23d0</load_address>
         <run_address>0x23d0</run_address>
         <size>0x164</size>
         <input_file_ref idref="fl-6"/>
      </object_component>
      <object_component id="oc-60f">
         <name>.text:xQueueReceive</name>
         <load_address>0x2538</load_address>
         <run_address>0x2538</run_address>
         <size>0x164</size>
         <input_file_ref idref="fl-6"/>
      </object_component>
      <object_component id="oc-460">
         <name>.text:prvRecursiveMutexPollingTask</name>
         <load_address>0x26a0</load_address>
         <run_address>0x26a0</run_address>
         <size>0x158</size>
         <input_file_ref idref="fl-1c"/>
      </object_component>
      <object_component id="oc-79c">
         <name>.text:prvTakeAndGiveInTheSameOrder</name>
         <load_address>0x27f8</load_address>
         <run_address>0x27f8</run_address>
         <size>0x14c</size>
         <input_file_ref idref="fl-18"/>
      </object_component>
      <object_component id="oc-4e9">
         <name>.text:prvUARTCommandConsoleTask</name>
         <load_address>0x2948</load_address>
         <run_address>0x2948</run_address>
         <size>0x14c</size>
         <input_file_ref idref="fl-12"/>
      </object_component>
      <object_component id="oc-ad6">
         <name>.text:CS_getDCOFrequency</name>
         <load_address>0x2a98</load_address>
         <run_address>0x2a98</run_address>
         <size>0x148</size>
         <input_file_ref idref="fl-21"/>
      </object_component>
      <object_component id="oc-390">
         <name>.text:xTaskGenericNotifyFromISR</name>
         <load_address>0x2be0</load_address>
         <run_address>0x2be0</run_address>
         <size>0x148</size>
         <input_file_ref idref="fl-8"/>
      </object_component>
      <object_component id="oc-b1">
         <name>.text:xTaskIncrementTick</name>
         <load_address>0x2d28</load_address>
         <run_address>0x2d28</run_address>
         <size>0x148</size>
         <input_file_ref idref="fl-8"/>
      </object_component>
      <object_component id="oc-728">
         <name>.text:prvTest4_CheckAutoReloadTimersCanBeStopped</name>
         <load_address>0x2e70</load_address>
         <run_address>0x2e70</run_address>
         <size>0x140</size>
         <input_file_ref idref="fl-1a"/>
      </object_component>
      <object_component id="oc-3f8">
         <name>.text:prvHigherPriorityNormallyEmptyTask</name>
         <load_address>0x2fb0</load_address>
         <run_address>0x2fb0</run_address>
         <size>0x138</size>
         <input_file_ref idref="fl-17"/>
      </object_component>
      <object_component id="oc-84b">
         <name>.text:vPortSuppressTicksAndSleep</name>
         <load_address>0x30e8</load_address>
         <run_address>0x30e8</run_address>
         <size>0x134</size>
         <input_file_ref idref="fl-a"/>
      </object_component>
      <object_component id="oc-406">
         <name>.text:prv1stHigherPriorityNormallyFullTask</name>
         <load_address>0x3220</load_address>
         <run_address>0x3220</run_address>
         <size>0x130</size>
         <input_file_ref idref="fl-17"/>
      </object_component>
      <object_component id="oc-da">
         <name>.text:xFirstTimerHandler</name>
         <load_address>0x3350</load_address>
         <run_address>0x3350</run_address>
         <size>0x130</size>
         <input_file_ref idref="fl-17"/>
      </object_component>
      <object_component id="oc-467">
         <name>.text:pvPortMalloc</name>
         <load_address>0x3480</load_address>
         <run_address>0x3480</run_address>
         <size>0x12c</size>
         <input_file_ref idref="fl-c"/>
      </object_component>
      <object_component id="oc-74c">
         <name>.text:xEventGroupWaitBits</name>
         <load_address>0x35b0</load_address>
         <run_address>0x35b0</run_address>
         <size>0x12c</size>
         <input_file_ref idref="fl-4"/>
      </object_component>
      <object_component id="oc-7a2">
         <name>.text:prvTakeAndGiveInTheOppositeOrder</name>
         <load_address>0x36e0</load_address>
         <run_address>0x36e0</run_address>
         <size>0x124</size>
         <input_file_ref idref="fl-18"/>
      </object_component>
      <object_component id="oc-30c">
         <name>.text:vStartMathTasks</name>
         <load_address>0x3808</load_address>
         <run_address>0x3808</run_address>
         <size>0x124</size>
         <input_file_ref idref="fl-1e"/>
      </object_component>
      <object_component id="oc-3e1">
         <name>.text:CS_initClockSignal</name>
         <load_address>0x3930</load_address>
         <run_address>0x3930</run_address>
         <size>0x11c</size>
         <input_file_ref idref="fl-21"/>
      </object_component>
      <object_component id="oc-494">
         <name>.text:prvTestSlaveTask</name>
         <load_address>0x3a50</load_address>
         <run_address>0x3a50</run_address>
         <size>0x11c</size>
         <input_file_ref idref="fl-15"/>
      </object_component>
      <object_component id="oc-99a">
         <name>.text:xTaskGenericNotify</name>
         <load_address>0x3b70</load_address>
         <run_address>0x3b70</run_address>
         <size>0x118</size>
         <input_file_ref idref="fl-8"/>
      </object_component>
      <object_component id="oc-a5b">
         <name>.text:_CSComputeCLKFrequency</name>
         <load_address>0x3c88</load_address>
         <run_address>0x3c88</run_address>
         <size>0x114</size>
         <input_file_ref idref="fl-21"/>
      </object_component>
      <object_component id="oc-4a7">
         <name>.text:prvNotifiedTask</name>
         <load_address>0x3da0</load_address>
         <run_address>0x3da0</run_address>
         <size>0x110</size>
         <input_file_ref idref="fl-19"/>
      </object_component>
      <object_component id="oc-72e">
         <name>.text:prvTest5_CheckBasicOneShotTimerBehaviour</name>
         <load_address>0x3eb0</load_address>
         <run_address>0x3eb0</run_address>
         <size>0x110</size>
         <input_file_ref idref="fl-1a"/>
      </object_component>
      <object_component id="oc-6b4">
         <name>.text:xTaskResumeAll</name>
         <load_address>0x3fc0</load_address>
         <run_address>0x3fc0</run_address>
         <size>0x10c</size>
         <input_file_ref idref="fl-8"/>
      </object_component>
      <object_component id="oc-a53">
         <name>.text:__PCM_setPowerModeAdvanced</name>
         <load_address>0x40d0</load_address>
         <run_address>0x40d0</run_address>
         <size>0x108</size>
         <input_file_ref idref="fl-26"/>
      </object_component>
      <object_component id="oc-676">
         <name>.text:prvTakeTwoMutexesReturnInDifferentOrder</name>
         <load_address>0x41d8</load_address>
         <run_address>0x41d8</run_address>
         <size>0x108</size>
         <input_file_ref idref="fl-16"/>
      </object_component>
      <object_component id="oc-a2e">
         <name>.text:prvProcessReceivedCommands</name>
         <load_address>0x42e0</load_address>
         <run_address>0x42e0</run_address>
         <size>0x100</size>
         <input_file_ref idref="fl-9"/>
      </object_component>
      <object_component id="oc-4a0">
         <name>.text:prvSyncTask</name>
         <load_address>0x43e0</load_address>
         <run_address>0x43e0</run_address>
         <size>0x100</size>
         <input_file_ref idref="fl-15"/>
      </object_component>
      <object_component id="oc-76b">
         <name>.text:prvBitCombinationTestMasterFunction</name>
         <load_address>0x44e0</load_address>
         <run_address>0x44e0</run_address>
         <size>0xf8</size>
         <input_file_ref idref="fl-15"/>
      </object_component>
      <object_component id="oc-765">
         <name>.text:prvSelectiveBitsTestMasterFunction</name>
         <load_address>0x45d8</load_address>
         <run_address>0x45d8</run_address>
         <size>0xf0</size>
         <input_file_ref idref="fl-15"/>
      </object_component>
      <object_component id="oc-615">
         <name>.text:vTaskSuspend</name>
         <load_address>0x46c8</load_address>
         <run_address>0x46c8</run_address>
         <size>0xf0</size>
         <input_file_ref idref="fl-8"/>
      </object_component>
      <object_component id="oc-336">
         <name>.text:prvCheckTask</name>
         <load_address>0x47b8</load_address>
         <run_address>0x47b8</run_address>
         <size>0xec</size>
         <input_file_ref idref="fl-13"/>
      </object_component>
      <object_component id="oc-2d6">
         <name>.text:vStartInterruptQueueTasks</name>
         <load_address>0x48a8</load_address>
         <run_address>0x48a8</run_address>
         <size>0xec</size>
         <input_file_ref idref="fl-17"/>
      </object_component>
      <object_component id="oc-752">
         <name>.text:xEventGroupSync</name>
         <load_address>0x4998</load_address>
         <run_address>0x4998</run_address>
         <size>0xec</size>
         <input_file_ref idref="fl-4"/>
      </object_component>
      <object_component id="oc-67c">
         <name>.text:prvTakeTwoMutexesReturnInSameOrder</name>
         <load_address>0x4a88</load_address>
         <run_address>0x4a88</run_address>
         <size>0xe8</size>
         <input_file_ref idref="fl-16"/>
      </object_component>
      <object_component id="oc-2ee">
         <name>.text:vStartSemaphoreTasks</name>
         <load_address>0x4b70</load_address>
         <run_address>0x4b70</run_address>
         <size>0xe8</size>
         <input_file_ref idref="fl-1d"/>
      </object_component>
      <object_component id="oc-306">
         <name>.text:vStartInterruptSemaphoreTasks</name>
         <load_address>0x4c58</load_address>
         <run_address>0x4c58</run_address>
         <size>0xe0</size>
         <input_file_ref idref="fl-18"/>
      </object_component>
      <object_component id="oc-be">
         <name>.text:vTaskNotifyGiveFromISR</name>
         <load_address>0x4d38</load_address>
         <run_address>0x4d38</run_address>
         <size>0xe0</size>
         <input_file_ref idref="fl-8"/>
      </object_component>
      <object_component id="oc-aa">
         <name>.text:vTaskSwitchContext</name>
         <load_address>0x4e18</load_address>
         <run_address>0x4e18</run_address>
         <size>0xe0</size>
         <input_file_ref idref="fl-8"/>
      </object_component>
      <object_component id="oc-622">
         <name>.text:vTaskPrioritySet</name>
         <load_address>0x4ef8</load_address>
         <run_address>0x4ef8</run_address>
         <size>0xdc</size>
         <input_file_ref idref="fl-8"/>
      </object_component>
      <object_component id="oc-522">
         <name>.text:xPortStartScheduler</name>
         <load_address>0x4fd8</load_address>
         <run_address>0x4fd8</run_address>
         <size>0xdc</size>
         <input_file_ref idref="fl-a"/>
      </object_component>
      <object_component id="oc-3d">
         <name>.text</name>
         <load_address>0x50b4</load_address>
         <run_address>0x50b4</run_address>
         <size>0xda</size>
         <input_file_ref idref="fl-b"/>
      </object_component>
      <object_component id="oc-803">
         <name>.text:prvThreeParameterEchoCommand</name>
         <load_address>0x5190</load_address>
         <run_address>0x5190</run_address>
         <size>0xd4</size>
         <input_file_ref idref="fl-11"/>
      </object_component>
      <object_component id="oc-534">
         <name>.text:vTaskDelete</name>
         <load_address>0x5268</load_address>
         <run_address>0x5268</run_address>
         <size>0xd4</size>
         <input_file_ref idref="fl-8"/>
      </object_component>
      <object_component id="oc-9df">
         <name>.text:vTaskList</name>
         <load_address>0x5340</load_address>
         <run_address>0x5340</run_address>
         <size>0xd4</size>
         <input_file_ref idref="fl-8"/>
      </object_component>
      <object_component id="oc-5f6">
         <name>.text:__PCM_setCoreVoltageLevelAdvanced</name>
         <load_address>0x5418</load_address>
         <run_address>0x5418</run_address>
         <size>0xd0</size>
         <input_file_ref idref="fl-26"/>
      </object_component>
      <object_component id="oc-4c3">
         <name>.text:vInterruptCountingSemaphoreTask</name>
         <load_address>0x54e8</load_address>
         <run_address>0x54e8</run_address>
         <size>0xd0</size>
         <input_file_ref idref="fl-18"/>
      </object_component>
      <object_component id="oc-b8">
         <name>.text:xQueueGenericSendFromISR</name>
         <load_address>0x55b8</load_address>
         <run_address>0x55b8</run_address>
         <size>0xce</size>
         <input_file_ref idref="fl-6"/>
      </object_component>
      <object_component id="oc-a02">
         <name>.text:vTaskGetRunTimeStats</name>
         <load_address>0x5688</load_address>
         <run_address>0x5688</run_address>
         <size>0xc8</size>
         <input_file_ref idref="fl-8"/>
      </object_component>
      <object_component id="oc-8ff">
         <name>.text:vTaskPriorityDisinheritAfterTimeout</name>
         <load_address>0x5750</load_address>
         <run_address>0x5750</run_address>
         <size>0xc8</size>
         <input_file_ref idref="fl-8"/>
      </object_component>
      <object_component id="oc-273">
         <name>.text:xTaskPriorityDisinherit</name>
         <load_address>0x5818</load_address>
         <run_address>0x5818</run_address>
         <size>0xc8</size>
         <input_file_ref idref="fl-8"/>
      </object_component>
      <object_component id="oc-509">
         <name>.text:prvInitialiseNewTask</name>
         <load_address>0x58e0</load_address>
         <run_address>0x58e0</run_address>
         <size>0xc6</size>
         <input_file_ref idref="fl-8"/>
      </object_component>
      <object_component id="oc-49a">
         <name>.text:prvTestMasterTask</name>
         <load_address>0x59a8</load_address>
         <run_address>0x59a8</run_address>
         <size>0xc4</size>
         <input_file_ref idref="fl-15"/>
      </object_component>
      <object_component id="oc-4dc">
         <name>.text:vCompetingMathTask4</name>
         <load_address>0x5a70</load_address>
         <run_address>0x5a70</run_address>
         <size>0xc4</size>
         <input_file_ref idref="fl-1e"/>
      </object_component>
      <object_component id="oc-7fa">
         <name>.text:prvTaskStatsCommand</name>
         <load_address>0x5b38</load_address>
         <run_address>0x5b38</run_address>
         <size>0xc1</size>
         <input_file_ref idref="fl-11"/>
      </object_component>
      <object_component id="oc-473">
         <name>.text:prvSemaphoreTest</name>
         <load_address>0x5c00</load_address>
         <run_address>0x5c00</run_address>
         <size>0xc0</size>
         <input_file_ref idref="fl-1d"/>
      </object_component>
      <object_component id="oc-2fa">
         <name>.text:vStartEventGroupTasks</name>
         <load_address>0x5cc0</load_address>
         <run_address>0x5cc0</run_address>
         <size>0xc0</size>
         <input_file_ref idref="fl-15"/>
      </object_component>
      <object_component id="oc-afd">
         <name>.text:printi</name>
         <load_address>0x5d80</load_address>
         <run_address>0x5d80</run_address>
         <size>0xbe</size>
         <input_file_ref idref="fl-2c"/>
      </object_component>
      <object_component id="oc-609">
         <name>.text:vInitialiseTimerForIntQueueTest</name>
         <load_address>0x5e40</load_address>
         <run_address>0x5e40</run_address>
         <size>0xbc</size>
         <input_file_ref idref="fl-e"/>
      </object_component>
      <object_component id="oc-1d5">
         <name>.text:main_full</name>
         <load_address>0x5f00</load_address>
         <run_address>0x5f00</run_address>
         <size>0xb8</size>
         <input_file_ref idref="fl-13"/>
      </object_component>
      <object_component id="oc-543">
         <name>.text:vTaskDelayUntil</name>
         <load_address>0x5fb8</load_address>
         <run_address>0x5fb8</run_address>
         <size>0xb8</size>
         <input_file_ref idref="fl-8"/>
      </object_component>
      <object_component id="oc-50f">
         <name>.text:prvAddNewTaskToReadyList</name>
         <load_address>0x6070</load_address>
         <run_address>0x6070</run_address>
         <size>0xb4</size>
         <input_file_ref idref="fl-8"/>
      </object_component>
      <object_component id="oc-80b">
         <name>.text:prvParameterEchoCommand</name>
         <load_address>0x6128</load_address>
         <run_address>0x6128</run_address>
         <size>0xb4</size>
         <input_file_ref idref="fl-11"/>
      </object_component>
      <object_component id="oc-73a">
         <name>.text:prvResetStartConditionsForNextIteration</name>
         <load_address>0x61e0</load_address>
         <run_address>0x61e0</run_address>
         <size>0xb4</size>
         <input_file_ref idref="fl-1a"/>
      </object_component>
      <object_component id="oc-a8c">
         <name>.text:uxTaskGetSystemState</name>
         <load_address>0x6298</load_address>
         <run_address>0x6298</run_address>
         <size>0xb4</size>
         <input_file_ref idref="fl-8"/>
      </object_component>
      <object_component id="oc-48">
         <name>.text:vUART_Handler</name>
         <load_address>0x6350</load_address>
         <run_address>0x6350</run_address>
         <size>0xb4</size>
         <input_file_ref idref="fl-14"/>
      </object_component>
      <object_component id="oc-3a0">
         <name>.text:xQueueGiveFromISR</name>
         <load_address>0x6408</load_address>
         <run_address>0x6408</run_address>
         <size>0xb4</size>
         <input_file_ref idref="fl-6"/>
      </object_component>
      <object_component id="oc-454">
         <name>.text:prvRecursiveMutexControllingTask</name>
         <load_address>0x64c0</load_address>
         <run_address>0x64c0</run_address>
         <size>0xb0</size>
         <input_file_ref idref="fl-1c"/>
      </object_component>
      <object_component id="oc-4d6">
         <name>.text:vCompetingMathTask3</name>
         <load_address>0x6570</load_address>
         <run_address>0x6570</run_address>
         <size>0xb0</size>
         <input_file_ref idref="fl-1e"/>
      </object_component>
      <object_component id="oc-758">
         <name>.text:xEventGroupSetBits</name>
         <load_address>0x6620</load_address>
         <run_address>0x6620</run_address>
         <size>0xae</size>
         <input_file_ref idref="fl-4"/>
      </object_component>
      <object_component id="oc-813">
         <name>.text:prvRunTimeStatsCommand</name>
         <load_address>0x66d0</load_address>
         <run_address>0x66d0</run_address>
         <size>0xad</size>
         <input_file_ref idref="fl-11"/>
      </object_component>
      <object_component id="oc-260">
         <name>.text:xNotifyTaskFromISR</name>
         <load_address>0x6780</load_address>
         <run_address>0x6780</run_address>
         <size>0xac</size>
         <input_file_ref idref="fl-19"/>
      </object_component>
      <object_component id="oc-8f3">
         <name>.text:xTaskPriorityInherit</name>
         <load_address>0x6830</load_address>
         <run_address>0x6830</run_address>
         <size>0xac</size>
         <input_file_ref idref="fl-8"/>
      </object_component>
      <object_component id="oc-722">
         <name>.text:prvTest3_CheckAutoReloadExpireRates</name>
         <load_address>0x68e0</load_address>
         <run_address>0x68e0</run_address>
         <size>0xa8</size>
         <input_file_ref idref="fl-1a"/>
      </object_component>
      <object_component id="oc-40d">
         <name>.text:prv2ndHigherPriorityNormallyFullTask</name>
         <load_address>0x6988</load_address>
         <run_address>0x6988</run_address>
         <size>0xa4</size>
         <input_file_ref idref="fl-17"/>
      </object_component>
      <object_component id="oc-648">
         <name>.text:prvDecrementSemaphoreCount</name>
         <load_address>0x6a30</load_address>
         <run_address>0x6a30</run_address>
         <size>0xa4</size>
         <input_file_ref idref="fl-1b"/>
      </object_component>
      <object_component id="oc-2e2">
         <name>.text:vStartGenericQueueTasks</name>
         <load_address>0x6ad8</load_address>
         <run_address>0x6ad8</run_address>
         <size>0xa4</size>
         <input_file_ref idref="fl-16"/>
      </object_component>
      <object_component id="oc-195">
         <name>.text:xQueueReceiveFromISR</name>
         <load_address>0x6b80</load_address>
         <run_address>0x6b80</run_address>
         <size>0x9e</size>
         <input_file_ref idref="fl-6"/>
      </object_component>
      <object_component id="oc-68">
         <name>.text</name>
         <load_address>0x6c1e</load_address>
         <run_address>0x6c1e</run_address>
         <size>0x9c</size>
         <input_file_ref idref="fl-eb"/>
      </object_component>
      <object_component id="oc-4ca">
         <name>.text:vCompetingMathTask1</name>
         <load_address>0x6cc0</load_address>
         <run_address>0x6cc0</run_address>
         <size>0x9c</size>
         <input_file_ref idref="fl-1e"/>
      </object_component>
      <object_component id="oc-4d0">
         <name>.text:vCompetingMathTask2</name>
         <load_address>0x6d60</load_address>
         <run_address>0x6d60</run_address>
         <size>0x9c</size>
         <input_file_ref idref="fl-1e"/>
      </object_component>
      <object_component id="oc-170">
         <name>.text:xTaskRemoveFromEventList</name>
         <load_address>0x6e00</load_address>
         <run_address>0x6e00</run_address>
         <size>0x9c</size>
         <input_file_ref idref="fl-8"/>
      </object_component>
      <object_component id="oc-987">
         <name>.text:vTaskRemoveFromUnorderedEventList</name>
         <load_address>0x6ea0</load_address>
         <run_address>0x6ea0</run_address>
         <size>0x98</size>
         <input_file_ref idref="fl-8"/>
      </object_component>
      <object_component id="oc-3ff">
         <name>.text:prvLowerPriorityNormallyEmptyTask</name>
         <load_address>0x6f38</load_address>
         <run_address>0x6f38</run_address>
         <size>0x94</size>
         <input_file_ref idref="fl-17"/>
      </object_component>
      <object_component id="oc-45a">
         <name>.text:prvRecursiveMutexBlockingTask</name>
         <load_address>0x6fd0</load_address>
         <run_address>0x6fd0</run_address>
         <size>0x94</size>
         <input_file_ref idref="fl-1c"/>
      </object_component>
      <object_component id="oc-b0e">
         <name>.text:prvSwitchTimerLists</name>
         <load_address>0x7068</load_address>
         <run_address>0x7068</run_address>
         <size>0x94</size>
         <input_file_ref idref="fl-9"/>
      </object_component>
      <object_component id="oc-6ce">
         <name>.text:xTaskCheckForTimeOut</name>
         <load_address>0x7100</load_address>
         <run_address>0x7100</run_address>
         <size>0x94</size>
         <input_file_ref idref="fl-8"/>
      </object_component>
      <object_component id="oc-af7">
         <name>.text:prints</name>
         <load_address>0x7198</load_address>
         <run_address>0x7198</run_address>
         <size>0x90</size>
         <input_file_ref idref="fl-2c"/>
      </object_component>
      <object_component id="oc-8bf">
         <name>.text:xQueueGenericReset</name>
         <load_address>0x7228</load_address>
         <run_address>0x7228</run_address>
         <size>0x90</size>
         <input_file_ref idref="fl-6"/>
      </object_component>
      <object_component id="oc-994">
         <name>.text:xTaskNotifyWait</name>
         <load_address>0x72b8</load_address>
         <run_address>0x72b8</run_address>
         <size>0x90</size>
         <input_file_ref idref="fl-8"/>
      </object_component>
      <object_component id="oc-9a6">
         <name>.text:prvSuspendedTaskTimerTestCallback</name>
         <load_address>0x7348</load_address>
         <run_address>0x7348</run_address>
         <size>0x8c</size>
         <input_file_ref idref="fl-19"/>
      </object_component>
      <object_component id="oc-25a">
         <name>.text:vPeriodicEventGroupsProcessing</name>
         <load_address>0x73d8</load_address>
         <run_address>0x73d8</run_address>
         <size>0x8c</size>
         <input_file_ref idref="fl-15"/>
      </object_component>
      <object_component id="oc-61b">
         <name>.text:vTaskResume</name>
         <load_address>0x7468</load_address>
         <run_address>0x7468</run_address>
         <size>0x8c</size>
         <input_file_ref idref="fl-8"/>
      </object_component>
      <object_component id="oc-549">
         <name>.text:xAreIntQueueTasksStillRunning</name>
         <load_address>0x74f8</load_address>
         <run_address>0x74f8</run_address>
         <size>0x8c</size>
         <input_file_ref idref="fl-17"/>
      </object_component>
      <object_component id="oc-634">
         <name>.text:eTaskGetState</name>
         <load_address>0x7588</load_address>
         <run_address>0x7588</run_address>
         <size>0x88</size>
         <input_file_ref idref="fl-8"/>
      </object_component>
      <object_component id="oc-86c">
         <name>.text:prvAddCurrentTaskToDelayedList</name>
         <load_address>0x7610</load_address>
         <run_address>0x7610</run_address>
         <size>0x88</size>
         <input_file_ref idref="fl-8"/>
      </object_component>
      <object_component id="oc-266">
         <name>.text:vInterruptSemaphorePeriodicTest</name>
         <load_address>0x7698</load_address>
         <run_address>0x7698</run_address>
         <size>0x88</size>
         <input_file_ref idref="fl-18"/>
      </object_component>
      <object_component id="oc-324">
         <name>.text:vTaskStartScheduler</name>
         <load_address>0x7720</load_address>
         <run_address>0x7720</run_address>
         <size>0x88</size>
         <input_file_ref idref="fl-8"/>
      </object_component>
      <object_component id="oc-2d0">
         <name>.text:xSerialPortInitMinimal</name>
         <load_address>0x77a8</load_address>
         <run_address>0x77a8</run_address>
         <size>0x88</size>
         <input_file_ref idref="fl-14"/>
      </object_component>
      <object_component id="oc-7b5">
         <name>.text:__aeabi_cdrcmple</name>
         <load_address>0x7830</load_address>
         <run_address>0x7830</run_address>
         <size>0x86</size>
         <input_file_ref idref="fl-e9"/>
      </object_component>
      <object_component id="oc-413">
         <name>.text:prvLowerPriorityNormallyFullTask</name>
         <load_address>0x78b8</load_address>
         <run_address>0x78b8</run_address>
         <size>0x84</size>
         <input_file_ref idref="fl-17"/>
      </object_component>
      <object_component id="oc-71c">
         <name>.text:prvTest2_CheckTaskAndTimersInitialState</name>
         <load_address>0x7940</load_address>
         <run_address>0x7940</run_address>
         <size>0x80</size>
         <input_file_ref idref="fl-1a"/>
      </object_component>
      <object_component id="oc-2dc">
         <name>.text:vStartCountingSemaphoreTasks</name>
         <load_address>0x79c0</load_address>
         <run_address>0x79c0</run_address>
         <size>0x80</size>
         <input_file_ref idref="fl-1b"/>
      </object_component>
      <object_component id="oc-528">
         <name>.text:prvIdleTask</name>
         <load_address>0x7a40</load_address>
         <run_address>0x7a40</run_address>
         <size>0x7c</size>
         <input_file_ref idref="fl-8"/>
      </object_component>
      <object_component id="oc-654">
         <name>.text:prvIncrementSemaphoreCount</name>
         <load_address>0x7ac0</load_address>
         <run_address>0x7ac0</run_address>
         <size>0x7c</size>
         <input_file_ref idref="fl-1b"/>
      </object_component>
      <object_component id="oc-503">
         <name>.text:vPortFree</name>
         <load_address>0x7b40</load_address>
         <run_address>0x7b40</run_address>
         <size>0x7c</size>
         <input_file_ref idref="fl-c"/>
      </object_component>
      <object_component id="oc-10e">
         <name>.text</name>
         <load_address>0x7bbc</load_address>
         <run_address>0x7bbc</run_address>
         <size>0x7a</size>
         <input_file_ref idref="fl-e8"/>
      </object_component>
      <object_component id="oc-484">
         <name>.text:prvTimerTestTask</name>
         <load_address>0x7c38</load_address>
         <run_address>0x7c38</run_address>
         <size>0x78</size>
         <input_file_ref idref="fl-1a"/>
      </object_component>
      <object_component id="oc-2e8">
         <name>.text:vStartRecursiveMutexTasks</name>
         <load_address>0x7cb0</load_address>
         <run_address>0x7cb0</run_address>
         <size>0x78</size>
         <input_file_ref idref="fl-1c"/>
      </object_component>
      <object_component id="oc-b2f">
         <name>.text:vTaskGetInfo</name>
         <load_address>0x7d28</load_address>
         <run_address>0x7d28</run_address>
         <size>0x74</size>
         <input_file_ref idref="fl-8"/>
      </object_component>
      <object_component id="oc-361">
         <name>.text:xTimerGenericCommand</name>
         <load_address>0x7da0</load_address>
         <run_address>0x7da0</run_address>
         <size>0x74</size>
         <input_file_ref idref="fl-9"/>
      </object_component>
      <object_component id="oc-16a">
         <name>.text:prvCopyDataToQueue</name>
         <load_address>0x7e18</load_address>
         <run_address>0x7e18</run_address>
         <size>0x70</size>
         <input_file_ref idref="fl-6"/>
      </object_component>
      <object_component id="oc-6a8">
         <name>.text:prvHeapInit</name>
         <load_address>0x7e88</load_address>
         <run_address>0x7e88</run_address>
         <size>0x70</size>
         <input_file_ref idref="fl-c"/>
      </object_component>
      <object_component id="oc-829">
         <name>.text:prvInitialiseTaskLists</name>
         <load_address>0x7ef8</load_address>
         <run_address>0x7ef8</run_address>
         <size>0x70</size>
         <input_file_ref idref="fl-8"/>
      </object_component>
      <object_component id="oc-a28">
         <name>.text:prvProcessTimerOrBlockTask</name>
         <load_address>0x7f68</load_address>
         <run_address>0x7f68</run_address>
         <size>0x70</size>
         <input_file_ref idref="fl-9"/>
      </object_component>
      <object_component id="oc-557">
         <name>.text:xAreRecursiveMutexTasksStillRunning</name>
         <load_address>0x7fd8</load_address>
         <run_address>0x7fd8</run_address>
         <size>0x70</size>
         <input_file_ref idref="fl-1c"/>
      </object_component>
      <object_component id="oc-6d4">
         <name>.text:prvUnlockQueue</name>
         <load_address>0x8048</load_address>
         <run_address>0x8048</run_address>
         <size>0x6c</size>
         <input_file_ref idref="fl-6"/>
      </object_component>
      <object_component id="oc-7cf">
         <name>.text:vSerialPutString</name>
         <load_address>0x80b8</load_address>
         <run_address>0x80b8</run_address>
         <size>0x6c</size>
         <input_file_ref idref="fl-14"/>
      </object_component>
      <object_component id="oc-9a">
         <name>.text:SystemInit</name>
         <load_address>0x8128</load_address>
         <run_address>0x8128</run_address>
         <size>0x68</size>
         <input_file_ref idref="fl-2d"/>
      </object_component>
      <object_component id="oc-13">
         <name>.text:decompress:lzss:__TI_decompress_lzss</name>
         <load_address>0x8190</load_address>
         <run_address>0x8190</run_address>
         <size>0x68</size>
         <input_file_ref idref="fl-ee"/>
      </object_component>
      <object_component id="oc-6ae">
         <name>.text:prvInsertBlockIntoFreeList</name>
         <load_address>0x81f8</load_address>
         <run_address>0x81f8</run_address>
         <size>0x68</size>
         <input_file_ref idref="fl-c"/>
      </object_component>
      <object_component id="oc-aef">
         <name>.text:prvListTasksWithinSingleList</name>
         <load_address>0x8260</load_address>
         <run_address>0x8260</run_address>
         <size>0x68</size>
         <input_file_ref idref="fl-8"/>
      </object_component>
      <object_component id="oc-78b">
         <name>.text:ulTaskNotifyTake</name>
         <load_address>0x82c8</load_address>
         <run_address>0x82c8</run_address>
         <size>0x68</size>
         <input_file_ref idref="fl-8"/>
      </object_component>
      <object_component id="oc-83e">
         <name>.text:vPortSetupTimerInterrupt</name>
         <load_address>0x8330</load_address>
         <run_address>0x8330</run_address>
         <size>0x68</size>
         <input_file_ref idref="fl-a"/>
      </object_component>
      <object_component id="oc-56c">
         <name>.text:xAreTimerDemoTasksStillRunning</name>
         <load_address>0x8398</load_address>
         <run_address>0x8398</run_address>
         <size>0x68</size>
         <input_file_ref idref="fl-1a"/>
      </object_component>
      <object_component id="oc-31e">
         <name>.text:xTaskCreate</name>
         <load_address>0x8400</load_address>
         <run_address>0x8400</run_address>
         <size>0x68</size>
         <input_file_ref idref="fl-8"/>
      </object_component>
      <object_component id="oc-164">
         <name>.text:vPortValidateInterruptPriority</name>
         <load_address>0x8468</load_address>
         <run_address>0x8468</run_address>
         <size>0x64</size>
         <input_file_ref idref="fl-a"/>
      </object_component>
      <object_component id="oc-9ed">
         <name>.text:FreeRTOS_CLIGetParameter</name>
         <load_address>0x84d0</load_address>
         <run_address>0x84d0</run_address>
         <size>0x60</size>
         <input_file_ref idref="fl-d"/>
      </object_component>
      <object_component id="oc-4f0">
         <name>.text:FreeRTOS_CLIRegisterCommand</name>
         <load_address>0x8530</load_address>
         <run_address>0x8530</run_address>
         <size>0x60</size>
         <input_file_ref idref="fl-d"/>
      </object_component>
      <object_component id="oc-abe">
         <name>.text:prvProcessExpiredTimer</name>
         <load_address>0x8590</load_address>
         <run_address>0x8590</run_address>
         <size>0x60</size>
         <input_file_ref idref="fl-9"/>
      </object_component>
      <object_component id="oc-7db">
         <name>.text:xSerialPutChar</name>
         <load_address>0x85f0</load_address>
         <run_address>0x85f0</run_address>
         <size>0x60</size>
         <input_file_ref idref="fl-14"/>
      </object_component>
      <object_component id="oc-979">
         <name>.text:vTaskPlaceOnUnorderedEventList</name>
         <load_address>0x8650</load_address>
         <run_address>0x8650</run_address>
         <size>0x5c</size>
         <input_file_ref idref="fl-8"/>
      </object_component>
      <object_component id="oc-2f4">
         <name>.text:vStartTimerDemoTask</name>
         <load_address>0x86b0</load_address>
         <run_address>0x86b0</run_address>
         <size>0x58</size>
         <input_file_ref idref="fl-1a"/>
      </object_component>
      <object_component id="oc-516">
         <name>.text:xTimerCreateTimerTask</name>
         <load_address>0x8708</load_address>
         <run_address>0x8708</run_address>
         <size>0x58</size>
         <input_file_ref idref="fl-9"/>
      </object_component>
      <object_component id="oc-2b7">
         <name>.text:GPIO_setAsPeripheralModuleFunctionInputPin</name>
         <load_address>0x8760</load_address>
         <run_address>0x8760</run_address>
         <size>0x54</size>
         <input_file_ref idref="fl-24"/>
      </object_component>
      <object_component id="oc-b24">
         <name>.text:SysCtl_getTLVInfo</name>
         <load_address>0x87b8</load_address>
         <run_address>0x87b8</run_address>
         <size>0x54</size>
         <input_file_ref idref="fl-27"/>
      </object_component>
      <object_component id="oc-851">
         <name>.text:prvCheckTasksWaitingTermination</name>
         <load_address>0x8810</load_address>
         <run_address>0x8810</run_address>
         <size>0x54</size>
         <input_file_ref idref="fl-8"/>
      </object_component>
      <object_component id="oc-ac5">
         <name>.text:prvInsertTimerInActiveList</name>
         <load_address>0x8868</load_address>
         <run_address>0x8868</run_address>
         <size>0x54</size>
         <input_file_ref idref="fl-9"/>
      </object_component>
      <object_component id="oc-436">
         <name>.text:prvLowPriorityMutexTask</name>
         <load_address>0x88c0</load_address>
         <run_address>0x88c0</run_address>
         <size>0x54</size>
         <input_file_ref idref="fl-16"/>
      </object_component>
      <object_component id="oc-63b">
         <name>.text:vTaskDelay</name>
         <load_address>0x8918</load_address>
         <run_address>0x8918</run_address>
         <size>0x54</size>
         <input_file_ref idref="fl-8"/>
      </object_component>
      <object_component id="oc-56f">
         <name>.text:xAreEventGroupTasksStillRunning</name>
         <load_address>0x8970</load_address>
         <run_address>0x8970</run_address>
         <size>0x54</size>
         <input_file_ref idref="fl-15"/>
      </object_component>
      <object_component id="oc-75e">
         <name>.text:xEventGroupClearBits</name>
         <load_address>0x89c8</load_address>
         <run_address>0x89c8</run_address>
         <size>0x54</size>
         <input_file_ref idref="fl-4"/>
      </object_component>
      <object_component id="oc-ad0">
         <name>.text:_CSGetDividerValue</name>
         <load_address>0x8a20</load_address>
         <run_address>0x8a20</run_address>
         <size>0x52</size>
         <input_file_ref idref="fl-21"/>
      </object_component>
      <object_component id="oc-8ac">
         <name>.text:PCM_getCoreVoltageLevel</name>
         <load_address>0x8a78</load_address>
         <run_address>0x8a78</run_address>
         <size>0x50</size>
         <input_file_ref idref="fl-26"/>
      </object_component>
      <object_component id="oc-b1e">
         <name>.text:_CSGetDOCFrequency</name>
         <load_address>0x8ac8</load_address>
         <run_address>0x8ac8</run_address>
         <size>0x50</size>
         <input_file_ref idref="fl-21"/>
      </object_component>
      <object_component id="oc-845">
         <name>.text:prvGetExpectedIdleTime</name>
         <load_address>0x8b18</load_address>
         <run_address>0x8b18</run_address>
         <size>0x50</size>
         <input_file_ref idref="fl-8"/>
      </object_component>
      <object_component id="oc-445">
         <name>.text:prvHighPriorityMutexTask</name>
         <load_address>0x8b68</load_address>
         <run_address>0x8b68</run_address>
         <size>0x50</size>
         <input_file_ref idref="fl-16"/>
      </object_component>
      <object_component id="oc-569">
         <name>.text:xAreInterruptSemaphoreTasksStillRunning</name>
         <load_address>0x8bb8</load_address>
         <run_address>0x8bb8</run_address>
         <size>0x50</size>
         <input_file_ref idref="fl-18"/>
      </object_component>
      <object_component id="oc-830">
         <name>.text:prvCheckForValidListAndQueue</name>
         <load_address>0x8c08</load_address>
         <run_address>0x8c08</run_address>
         <size>0x4c</size>
         <input_file_ref idref="fl-9"/>
      </object_component>
      <object_component id="oc-740">
         <name>.text:prvOneShotTimerCallback</name>
         <load_address>0x8c58</load_address>
         <run_address>0x8c58</run_address>
         <size>0x4c</size>
         <input_file_ref idref="fl-1a"/>
      </object_component>
      <object_component id="oc-777">
         <name>.text:vEventGroupDelete</name>
         <load_address>0x8ca8</load_address>
         <run_address>0x8ca8</run_address>
         <size>0x4c</size>
         <input_file_ref idref="fl-4"/>
      </object_component>
      <object_component id="oc-563">
         <name>.text:xAreCountingSemaphoreTasksStillRunning</name>
         <load_address>0x8cf8</load_address>
         <run_address>0x8cf8</run_address>
         <size>0x4c</size>
         <input_file_ref idref="fl-1b"/>
      </object_component>
      <object_component id="oc-551">
         <name>.text:xAreGenericQueueTasksStillRunning</name>
         <load_address>0x8d48</load_address>
         <run_address>0x8d48</run_address>
         <size>0x4c</size>
         <input_file_ref idref="fl-16"/>
      </object_component>
      <object_component id="oc-572">
         <name>.text:xAreTaskNotificationTasksStillRunning</name>
         <load_address>0x8d98</load_address>
         <run_address>0x8d98</run_address>
         <size>0x4c</size>
         <input_file_ref idref="fl-19"/>
      </object_component>
      <object_component id="oc-3e8">
         <name>.text:xQueueGenericCreate</name>
         <load_address>0x8de8</load_address>
         <run_address>0x8de8</run_address>
         <size>0x4c</size>
         <input_file_ref idref="fl-6"/>
      </object_component>
      <object_component id="oc-68f">
         <name>.text:xQueueTakeMutexRecursive</name>
         <load_address>0x8e38</load_address>
         <run_address>0x8e38</run_address>
         <size>0x4c</size>
         <input_file_ref idref="fl-6"/>
      </object_component>
      <object_component id="oc-2ca">
         <name>.text:prvConfigureClocks</name>
         <load_address>0x8e88</load_address>
         <run_address>0x8e88</run_address>
         <size>0x4a</size>
         <input_file_ref idref="fl-13"/>
      </object_component>
      <object_component id="oc-ab8">
         <name>.text:vQueueWaitForMessageRestricted</name>
         <load_address>0x8ed8</load_address>
         <run_address>0x8ed8</run_address>
         <size>0x48</size>
         <input_file_ref idref="fl-6"/>
      </object_component>
      <object_component id="oc-312">
         <name>.text:vUARTCommandConsoleStart</name>
         <load_address>0x8f20</load_address>
         <run_address>0x8f20</run_address>
         <size>0x48</size>
         <input_file_ref idref="fl-12"/>
      </object_component>
      <object_component id="oc-94d">
         <name>.text:prvInitialiseNewTimer</name>
         <load_address>0x8f68</load_address>
         <run_address>0x8f68</run_address>
         <size>0x46</size>
         <input_file_ref idref="fl-9"/>
      </object_component>
      <object_component id="oc-1e8">
         <name>.text:__TI_auto_init_nobinit_nopinit:__TI_auto_init_nobinit_nopinit</name>
         <load_address>0x8fb0</load_address>
         <run_address>0x8fb0</run_address>
         <size>0x44</size>
         <input_file_ref idref="fl-fa"/>
      </object_component>
      <object_component id="oc-707">
         <name>.text:prvAutoReloadTimerCallback</name>
         <load_address>0x8ff8</load_address>
         <run_address>0x8ff8</run_address>
         <size>0x44</size>
         <input_file_ref idref="fl-1a"/>
      </object_component>
      <object_component id="oc-423">
         <name>.text:prvCountingSemaphoreTask</name>
         <load_address>0x9040</load_address>
         <run_address>0x9040</run_address>
         <size>0x44</size>
         <input_file_ref idref="fl-1b"/>
      </object_component>
      <object_component id="oc-77e">
         <name>.text:prvSelectiveBitsTestSlaveFunction</name>
         <load_address>0x9088</load_address>
         <run_address>0x9088</run_address>
         <size>0x44</size>
         <input_file_ref idref="fl-15"/>
      </object_component>
      <object_component id="oc-41a">
         <name>.text:xQueueCreateCountingSemaphore</name>
         <load_address>0x90d0</load_address>
         <run_address>0x90d0</run_address>
         <size>0x44</size>
         <input_file_ref idref="fl-6"/>
      </object_component>
      <object_component id="oc-689">
         <name>.text:xQueueGiveMutexRecursive</name>
         <load_address>0x9118</load_address>
         <run_address>0x9118</run_address>
         <size>0x44</size>
         <input_file_ref idref="fl-6"/>
      </object_component>
      <object_component id="oc-b37">
         <name>.text</name>
         <load_address>0x915c</load_address>
         <run_address>0x915c</run_address>
         <size>0x40</size>
         <input_file_ref idref="fl-e7"/>
      </object_component>
      <object_component id="oc-b14">
         <name>.text:vTaskPlaceOnEventListRestricted</name>
         <load_address>0x91a0</load_address>
         <run_address>0x91a0</run_address>
         <size>0x40</size>
         <input_file_ref idref="fl-8"/>
      </object_component>
      <object_component id="oc-a37">
         <name>.text:eTaskConfirmSleepModeStatus</name>
         <load_address>0x91e0</load_address>
         <run_address>0x91e0</run_address>
         <size>0x3c</size>
         <input_file_ref idref="fl-8"/>
      </object_component>
      <object_component id="oc-8df">
         <name>.text:prvTaskIsTaskSuspended</name>
         <load_address>0x9220</load_address>
         <run_address>0x9220</run_address>
         <size>0x3c</size>
         <input_file_ref idref="fl-8"/>
      </object_component>
      <object_component id="oc-4b7">
         <name>.text:vInterruptMutexSlaveTask</name>
         <load_address>0x9260</load_address>
         <run_address>0x9260</run_address>
         <size>0x3c</size>
         <input_file_ref idref="fl-18"/>
      </object_component>
      <object_component id="oc-628">
         <name>.text:vPortEnterCritical</name>
         <load_address>0x92a0</load_address>
         <run_address>0x92a0</run_address>
         <size>0x3c</size>
         <input_file_ref idref="fl-a"/>
      </object_component>
      <object_component id="oc-8a6">
         <name>.text:PCM_getPowerMode</name>
         <load_address>0x92e0</load_address>
         <run_address>0x92e0</run_address>
         <size>0x3a</size>
         <input_file_ref idref="fl-26"/>
      </object_component>
      <object_component id="oc-86">
         <name>.text:_c_int00_noargs:_c_int00_noargs</name>
         <load_address>0x931c</load_address>
         <run_address>0x931c</run_address>
         <size>0x38</size>
         <input_file_ref idref="fl-ef"/>
      </object_component>
      <object_component id="oc-a0a">
         <name>.text:prvTaskExitError</name>
         <load_address>0x9358</load_address>
         <run_address>0x9358</run_address>
         <size>0x38</size>
         <input_file_ref idref="fl-a"/>
      </object_component>
      <object_component id="oc-7b0">
         <name>.text</name>
         <load_address>0x9390</load_address>
         <run_address>0x9390</run_address>
         <size>0x38</size>
         <input_file_ref idref="fl-ea"/>
      </object_component>
      <object_component id="oc-300">
         <name>.text:vStartTaskNotifyTask</name>
         <load_address>0x93c8</load_address>
         <run_address>0x93c8</run_address>
         <size>0x38</size>
         <input_file_ref idref="fl-19"/>
      </object_component>
      <object_component id="oc-6e0">
         <name>.text:vTaskPlaceOnEventList</name>
         <load_address>0x9400</load_address>
         <run_address>0x9400</run_address>
         <size>0x38</size>
         <input_file_ref idref="fl-8"/>
      </object_component>
      <object_component id="oc-54b">
         <name>.text:xAreMathsTaskStillRunning</name>
         <load_address>0x9438</load_address>
         <run_address>0x9438</run_address>
         <size>0x38</size>
         <input_file_ref idref="fl-1e"/>
      </object_component>
      <object_component id="oc-55d">
         <name>.text:xAreSemaphoreTasksStillRunning</name>
         <load_address>0x9470</load_address>
         <run_address>0x9470</run_address>
         <size>0x38</size>
         <input_file_ref idref="fl-1d"/>
      </object_component>
      <object_component id="oc-9c9">
         <name>.text:strncpy</name>
         <load_address>0x94a8</load_address>
         <run_address>0x94a8</run_address>
         <size>0x36</size>
         <input_file_ref idref="fl-f8"/>
      </object_component>
      <object_component id="oc-aeb">
         <name>.text:prvHelpCommand</name>
         <load_address>0x94e0</load_address>
         <run_address>0x94e0</run_address>
         <size>0x34</size>
         <input_file_ref idref="fl-d"/>
      </object_component>
      <object_component id="oc-942">
         <name>.text:vListInsert</name>
         <load_address>0x9518</load_address>
         <run_address>0x9518</run_address>
         <size>0x34</size>
         <input_file_ref idref="fl-5"/>
      </object_component>
      <object_component id="oc-4e">
         <name>.text:vT32_0_Handler</name>
         <load_address>0x9550</load_address>
         <run_address>0x9550</run_address>
         <size>0x34</size>
         <input_file_ref idref="fl-e"/>
      </object_component>
      <object_component id="oc-54">
         <name>.text:vT32_1_Handler</name>
         <load_address>0x9588</load_address>
         <run_address>0x9588</run_address>
         <size>0x34</size>
         <input_file_ref idref="fl-e"/>
      </object_component>
      <object_component id="oc-a43">
         <name>.text:vTaskStepTick</name>
         <load_address>0x95c0</load_address>
         <run_address>0x95c0</run_address>
         <size>0x34</size>
         <input_file_ref idref="fl-8"/>
      </object_component>
      <object_component id="oc-9a0">
         <name>.text:xTaskNotifyStateClear</name>
         <load_address>0x95f8</load_address>
         <run_address>0x95f8</run_address>
         <size>0x34</size>
         <input_file_ref idref="fl-8"/>
      </object_component>
      <object_component id="oc-960">
         <name>.text:xTimerIsTimerActive</name>
         <load_address>0x9630</load_address>
         <run_address>0x9630</run_address>
         <size>0x34</size>
         <input_file_ref idref="fl-9"/>
      </object_component>
      <object_component id="oc-3cf">
         <name>.text:FlashCtl_setWaitState</name>
         <load_address>0x9668</load_address>
         <run_address>0x9668</run_address>
         <size>0x30</size>
         <input_file_ref idref="fl-22"/>
      </object_component>
      <object_component id="oc-148">
         <name>.text:prvResetNextTaskUnblockTime</name>
         <load_address>0x9698</load_address>
         <run_address>0x9698</run_address>
         <size>0x30</size>
         <input_file_ref idref="fl-8"/>
      </object_component>
      <object_component id="oc-1cf">
         <name>.text:prvSetupHardware</name>
         <load_address>0x96c8</load_address>
         <run_address>0x96c8</run_address>
         <size>0x30</size>
         <input_file_ref idref="fl-2"/>
      </object_component>
      <object_component id="oc-138">
         <name>.text:ulGetRunTimeCounterValue</name>
         <load_address>0x96f8</load_address>
         <run_address>0x96f8</run_address>
         <size>0x30</size>
         <input_file_ref idref="fl-10"/>
      </object_component>
      <object_component id="oc-4bd">
         <name>.text:vInterruptMutexMasterTask</name>
         <load_address>0x9728</load_address>
         <run_address>0x9728</run_address>
         <size>0x30</size>
         <input_file_ref idref="fl-18"/>
      </object_component>
      <object_component id="oc-62e">
         <name>.text:vPortExitCritical</name>
         <load_address>0x9758</load_address>
         <run_address>0x9758</run_address>
         <size>0x30</size>
         <input_file_ref idref="fl-a"/>
      </object_component>
      <object_component id="oc-9c3">
         <name>.text:prvGetNumberOfParameters</name>
         <load_address>0x9788</load_address>
         <run_address>0x9788</run_address>
         <size>0x2e</size>
         <input_file_ref idref="fl-d"/>
      </object_component>
      <object_component id="oc-9f9">
         <name>.text:strncat</name>
         <load_address>0x97b6</load_address>
         <run_address>0x97b6</run_address>
         <size>0x2e</size>
         <input_file_ref idref="fl-f6"/>
      </object_component>
      <object_component id="oc-6f5">
         <name>.text:xTimerCreate</name>
         <load_address>0x97e8</load_address>
         <run_address>0x97e8</run_address>
         <size>0x2e</size>
         <input_file_ref idref="fl-9"/>
      </object_component>
      <object_component id="oc-3db">
         <name>.text:CS_setDCOCenteredFrequency</name>
         <load_address>0x9818</load_address>
         <run_address>0x9818</run_address>
         <size>0x2c</size>
         <input_file_ref idref="fl-21"/>
      </object_component>
      <object_component id="oc-791">
         <name>.text:prvNotifyingTimer</name>
         <load_address>0x9848</load_address>
         <run_address>0x9848</run_address>
         <size>0x2c</size>
         <input_file_ref idref="fl-19"/>
      </object_component>
      <object_component id="oc-ab6">
         <name>.text:prvSampleTimeNow</name>
         <load_address>0x9878</load_address>
         <run_address>0x9878</run_address>
         <size>0x2c</size>
         <input_file_ref idref="fl-9"/>
      </object_component>
      <object_component id="oc-957">
         <name>.text:pvTimerGetTimerID</name>
         <load_address>0x98a8</load_address>
         <run_address>0x98a8</run_address>
         <size>0x2c</size>
         <input_file_ref idref="fl-9"/>
      </object_component>
      <object_component id="oc-822">
         <name>.text:pxPortInitialiseStack</name>
         <load_address>0x98d8</load_address>
         <run_address>0x98d8</run_address>
         <size>0x2c</size>
         <input_file_ref idref="fl-a"/>
      </object_component>
      <object_component id="oc-9bd">
         <name>.text:strncmp</name>
         <load_address>0x9904</load_address>
         <run_address>0x9904</run_address>
         <size>0x2c</size>
         <input_file_ref idref="fl-f7"/>
      </object_component>
      <object_component id="oc-665">
         <name>.text:uxQueueMessagesWaiting</name>
         <load_address>0x9930</load_address>
         <run_address>0x9930</run_address>
         <size>0x2c</size>
         <input_file_ref idref="fl-6"/>
      </object_component>
      <object_component id="oc-7a9">
         <name>.text:uxQueueSpacesAvailable</name>
         <load_address>0x9960</load_address>
         <run_address>0x9960</run_address>
         <size>0x2c</size>
         <input_file_ref idref="fl-6"/>
      </object_component>
      <object_component id="oc-318">
         <name>.text:vRegisterSampleCLICommands</name>
         <load_address>0x9990</load_address>
         <run_address>0x9990</run_address>
         <size>0x2c</size>
         <input_file_ref idref="fl-11"/>
      </object_component>
      <object_component id="oc-96c">
         <name>.text:vTimerSetTimerID</name>
         <load_address>0x99c0</load_address>
         <run_address>0x99c0</run_address>
         <size>0x2c</size>
         <input_file_ref idref="fl-9"/>
      </object_component>
      <object_component id="oc-42">
         <name>.text:xPortSysTickHandler</name>
         <load_address>0x99f0</load_address>
         <run_address>0x99f0</run_address>
         <size>0x2c</size>
         <input_file_ref idref="fl-a"/>
      </object_component>
      <object_component id="oc-1a1">
         <name>.text:xQueueIsQueueFullFromISR</name>
         <load_address>0x9a20</load_address>
         <run_address>0x9a20</run_address>
         <size>0x2c</size>
         <input_file_ref idref="fl-6"/>
      </object_component>
      <object_component id="oc-28c">
         <name>.text:prvCopyDataFromQueue</name>
         <load_address>0x9a50</load_address>
         <run_address>0x9a50</run_address>
         <size>0x28</size>
         <input_file_ref idref="fl-6"/>
      </object_component>
      <object_component id="oc-a92">
         <name>.text:prvWriteNameToBuffer</name>
         <load_address>0x9a78</load_address>
         <run_address>0x9a78</run_address>
         <size>0x28</size>
         <input_file_ref idref="fl-8"/>
      </object_component>
      <object_component id="oc-9f3">
         <name>.text:sprintf</name>
         <load_address>0x9aa0</load_address>
         <run_address>0x9aa0</run_address>
         <size>0x28</size>
         <input_file_ref idref="fl-2c"/>
      </object_component>
      <object_component id="oc-5c7">
         <name>.text:xTimerPendFunctionCallFromISR</name>
         <load_address>0x9ac8</load_address>
         <run_address>0x9ac8</run_address>
         <size>0x28</size>
         <input_file_ref idref="fl-9"/>
      </object_component>
      <object_component id="oc-14e">
         <name>.text:uxListRemove</name>
         <load_address>0x9af0</load_address>
         <run_address>0x9af0</run_address>
         <size>0x26</size>
         <input_file_ref idref="fl-5"/>
      </object_component>
      <object_component id="oc-adc">
         <name>.text:CS_clearInterruptFlag</name>
         <load_address>0x9b18</load_address>
         <run_address>0x9b18</run_address>
         <size>0x24</size>
         <input_file_ref idref="fl-21"/>
      </object_component>
      <object_component id="oc-b03">
         <name>.text:printchar</name>
         <load_address>0x9b40</load_address>
         <run_address>0x9b40</run_address>
         <size>0x24</size>
         <input_file_ref idref="fl-2c"/>
      </object_component>
      <object_component id="oc-a22">
         <name>.text:prvGetNextExpireTime</name>
         <load_address>0x9b68</load_address>
         <run_address>0x9b68</run_address>
         <size>0x24</size>
         <input_file_ref idref="fl-9"/>
      </object_component>
      <object_component id="oc-51c">
         <name>.text:vConfigureTimerForRunTimeStats</name>
         <load_address>0x9b90</load_address>
         <run_address>0x9b90</run_address>
         <size>0x24</size>
         <input_file_ref idref="fl-10"/>
      </object_component>
      <object_component id="oc-2c3">
         <name>.text:GPIO_setAsOutputPin</name>
         <load_address>0x9bb8</load_address>
         <run_address>0x9bb8</run_address>
         <size>0x20</size>
         <input_file_ref idref="fl-24"/>
      </object_component>
      <object_component id="oc-1b1">
         <name>.text:prvRecordValue_NormallyEmpty</name>
         <load_address>0x9bd8</load_address>
         <run_address>0x9bd8</run_address>
         <size>0x20</size>
         <input_file_ref idref="fl-17"/>
      </object_component>
      <object_component id="oc-19b">
         <name>.text:prvRecordValue_NormallyFull</name>
         <load_address>0x9bf8</load_address>
         <run_address>0x9bf8</run_address>
         <size>0x20</size>
         <input_file_ref idref="fl-17"/>
      </object_component>
      <object_component id="oc-5b3">
         <name>.text:xTaskGetSchedulerState</name>
         <load_address>0x9c18</load_address>
         <run_address>0x9c18</run_address>
         <size>0x20</size>
         <input_file_ref idref="fl-8"/>
      </object_component>
      <object_component id="oc-5ff">
         <name>.text:prvInitialiseNewQueue</name>
         <load_address>0x9c38</load_address>
         <run_address>0x9c38</run_address>
         <size>0x1e</size>
         <input_file_ref idref="fl-6"/>
      </object_component>
      <object_component id="oc-6da">
         <name>.text:prvIsQueueFull</name>
         <load_address>0x9c58</load_address>
         <run_address>0x9c58</run_address>
         <size>0x1e</size>
         <input_file_ref idref="fl-6"/>
      </object_component>
      <object_component id="oc-745">
         <name>.text:vListInitialise</name>
         <load_address>0x9c78</load_address>
         <run_address>0x9c78</run_address>
         <size>0x1e</size>
         <input_file_ref idref="fl-5"/>
      </object_component>
      <object_component id="oc-6fb">
         <name>.text:pcTimerGetName</name>
         <load_address>0x9c98</load_address>
         <run_address>0x9c98</run_address>
         <size>0x1c</size>
         <input_file_ref idref="fl-9"/>
      </object_component>
      <object_component id="oc-43f">
         <name>.text:prvMediumPriorityMutexTask</name>
         <load_address>0x9cb8</load_address>
         <run_address>0x9cb8</run_address>
         <size>0x1c</size>
         <input_file_ref idref="fl-16"/>
      </object_component>
      <object_component id="oc-4ad">
         <name>.text:prvRand</name>
[...]
         <name>vPortSuppressTicksAndSleep</name>
         <value>0x30e9</value>
         <object_component_ref idref="oc-84b"/>
      </symbol>
      <symbol id="sm-9b0">
         <name>xPortSysTickHandler</name>
         <value>0x99f1</value>
         <object_component_ref idref="oc-42"/>
      </symbol>
      <symbol id="sm-9b1">
         <name>vPortValidateInterruptPriority</name>
         <value>0x8469</value>
         <object_component_ref idref="oc-164"/>
      </symbol>
      <symbol id="sm-9b2">
         <name>pxPortInitialiseStack</name>
         <value>0x98d9</value>
         <object_component_ref idref="oc-822"/>
      </symbol>
      <symbol id="sm-9b3">
         <name>vPortExitCritical</name>
         <value>0x9759</value>
         <object_component_ref idref="oc-62e"/>
      </symbol>
      <symbol id="sm-9b4">
         <name>xPortStartScheduler</name>
         <value>0x4fd9</value>
         <object_component_ref idref="oc-522"/>
      </symbol>
      <symbol id="sm-9b5">
         <name>vPortEnterCritical</name>
         <value>0x92a1</value>
         <object_component_ref idref="oc-628"/>
      </symbol>
      <symbol id="sm-9c4">
         <name>vPortStartFirstTask</name>
         <value>0x515d</value>
         <object_component_ref idref="oc-3d"/>
      </symbol>
      <symbol id="sm-9c5">
         <name>ulPortGetIPSR</name>
         <value>0x50c5</value>
         <object_component_ref idref="oc-3d"/>
      </symbol>
      <symbol id="sm-9c6">
         <name>vPortEnableVFP</name>
         <value>0x5181</value>
         <object_component_ref idref="oc-3d"/>
      </symbol>
      <symbol id="sm-9c7">
         <name>xPortPendSVHandler</name>
         <value>0x50dd</value>
         <object_component_ref idref="oc-3d"/>
      </symbol>
      <symbol id="sm-9c8">
         <name>vPortSVCHandler</name>
         <value>0x513d</value>
         <object_component_ref idref="oc-3d"/>
      </symbol>
      <symbol id="sm-a3d">
         <name>pvPortMalloc</name>
         <value>0x3481</value>
         <object_component_ref idref="oc-467"/>
      </symbol>
      <symbol id="sm-a3e">
         <name>vPortFree</name>
         <value>0x7b41</value>
         <object_component_ref idref="oc-503"/>
      </symbol>
      <symbol id="sm-ac9">
         <name>FreeRTOS_CLIProcessCommand</name>
         <value>0x2259</value>
         <object_component_ref idref="oc-7e7"/>
      </symbol>
      <symbol id="sm-aca">
         <name>FreeRTOS_CLIGetParameter</name>
         <value>0x84d1</value>
         <object_component_ref idref="oc-9ed"/>
      </symbol>
      <symbol id="sm-acb">
         <name>FreeRTOS_CLIGetOutputBuffer</name>
         <value>0xa0c1</value>
         <object_component_ref idref="oc-7c3"/>
      </symbol>
      <symbol id="sm-acc">
         <name>FreeRTOS_CLIRegisterCommand</name>
         <value>0x8531</value>
         <object_component_ref idref="oc-4f0"/>
      </symbol>
      <symbol id="sm-af5">
         <name>vT32_1_Handler</name>
         <value>0x9589</value>
         <object_component_ref idref="oc-54"/>
      </symbol>
      <symbol id="sm-af6">
         <name>vT32_0_Handler</name>
         <value>0x9551</value>
         <object_component_ref idref="oc-4e"/>
      </symbol>
      <symbol id="sm-af7">
         <name>vInitialiseTimerForIntQueueTest</name>
         <value>0x5e41</value>
         <object_component_ref idref="oc-609"/>
      </symbol>
      <symbol id="sm-b0c">
         <name>vRegTest1Implementation</name>
         <value>0xf45</value>
         <object_component_ref idref="oc-52f"/>
      </symbol>
      <symbol id="sm-b0d">
         <name>vRegTest2Implementation</name>
         <value>0x10d1</value>
         <object_component_ref idref="oc-52f"/>
      </symbol>
      <symbol id="sm-b2c">
         <name>ulGetRunTimeCounterValue</name>
         <value>0x96f9</value>
         <object_component_ref idref="oc-138"/>
      </symbol>
      <symbol id="sm-b2d">
         <name>vConfigureTimerForRunTimeStats</name>
         <value>0x9b91</value>
         <object_component_ref idref="oc-51c"/>
      </symbol>
      <symbol id="sm-bbb">
         <name>vRegisterSampleCLICommands</name>
         <value>0x9991</value>
         <object_component_ref idref="oc-318"/>
      </symbol>
      <symbol id="sm-c0c">
         <name>vUARTCommandConsoleStart</name>
         <value>0x8f21</value>
         <object_component_ref idref="oc-312"/>
      </symbol>
      <symbol id="sm-c73">
         <name>main_full</name>
         <value>0x5f01</value>
         <object_component_ref idref="oc-1d5"/>
      </symbol>
      <symbol id="sm-c74">
         <name>ulRegTest2LoopCounter</name>
         <value>0x2000d560</value>
         <object_component_ref idref="oc-57b"/>
      </symbol>
      <symbol id="sm-c75">
         <name>ulRegTest1LoopCounter</name>
         <value>0x2000d55c</value>
         <object_component_ref idref="oc-57b"/>
      </symbol>
      <symbol id="sm-c76">
         <name>vApplicationTickHook</name>
         <value>0x9f99</value>
         <object_component_ref idref="oc-15a"/>
      </symbol>
      <symbol id="sm-ce3">
         <name>vUART_Handler</name>
         <value>0x6351</value>
         <object_component_ref idref="oc-48"/>
      </symbol>
      <symbol id="sm-ce4">
         <name>xSerialPutChar</name>
         <value>0x85f1</value>
         <object_component_ref idref="oc-7db"/>
      </symbol>
      <symbol id="sm-ce5">
         <name>xUARTConfig</name>
         <value>0xa384</value>
         <object_component_ref idref="oc-3ee"/>
      </symbol>
      <symbol id="sm-ce6">
         <name>xSerialGetChar</name>
         <value>0xa091</value>
         <object_component_ref idref="oc-7d5"/>
      </symbol>
      <symbol id="sm-ce7">
         <name>xSerialPortInitMinimal</name>
         <value>0x77a9</value>
         <object_component_ref idref="oc-2d0"/>
      </symbol>
      <symbol id="sm-ce8">
         <name>vSerialPutString</name>
         <value>0x80b9</value>
         <object_component_ref idref="oc-7cf"/>
      </symbol>
      <symbol id="sm-df4">
         <name>vPeriodicEventGroupsProcessing</name>
         <value>0x73d9</value>
         <object_component_ref idref="oc-25a"/>
      </symbol>
      <symbol id="sm-df5">
         <name>vStartEventGroupTasks</name>
         <value>0x5cc1</value>
         <object_component_ref idref="oc-2fa"/>
      </symbol>
      <symbol id="sm-df6">
         <name>xAreEventGroupTasksStillRunning</name>
         <value>0x8971</value>
         <object_component_ref idref="oc-56f"/>
      </symbol>
      <symbol id="sm-ecd">
         <name>vStartGenericQueueTasks</name>
         <value>0x6ad9</value>
         <object_component_ref idref="oc-2e2"/>
      </symbol>
      <symbol id="sm-ece">
         <name>xAreGenericQueueTasksStillRunning</name>
         <value>0x8d49</value>
         <object_component_ref idref="oc-551"/>
      </symbol>
      <symbol id="sm-1006">
         <name>xHighPriorityNormallyEmptyTask1</name>
         <value>0x2000d1b4</value>
      </symbol>
      <symbol id="sm-1007">
         <name>xHighPriorityNormallyEmptyTask2</name>
         <value>0x2000d1b8</value>
      </symbol>
      <symbol id="sm-1008">
         <name>xHighPriorityNormallyFullTask1</name>
         <value>0x2000d1bc</value>
      </symbol>
      <symbol id="sm-1009">
         <name>xHighPriorityNormallyFullTask2</name>
         <value>0x2000d1c0</value>
      </symbol>
      <symbol id="sm-100a">
         <name>xAreIntQueueTasksStillRunning</name>
         <value>0x74f9</value>
         <object_component_ref idref="oc-549"/>
      </symbol>
      <symbol id="sm-100b">
         <name>vStartInterruptQueueTasks</name>
         <value>0x48a9</value>
         <object_component_ref idref="oc-2d6"/>
      </symbol>
      <symbol id="sm-100c">
         <name>xFirstTimerHandler</name>
         <value>0x3351</value>
         <object_component_ref idref="oc-da"/>
      </symbol>
      <symbol id="sm-100d">
         <name>xSecondTimerHandler</name>
         <value>0x1ba1</value>
         <object_component_ref idref="oc-e1"/>
      </symbol>
      <symbol id="sm-10e1">
         <name>xAreInterruptSemaphoreTasksStillRunning</name>
         <value>0x8bb9</value>
         <object_component_ref idref="oc-569"/>
      </symbol>
      <symbol id="sm-10e2">
         <name>vStartInterruptSemaphoreTasks</name>
         <value>0x4c59</value>
         <object_component_ref idref="oc-306"/>
      </symbol>
      <symbol id="sm-10e3">
         <name>vInterruptSemaphorePeriodicTest</name>
         <value>0x7699</value>
         <object_component_ref idref="oc-266"/>
      </symbol>
      <symbol id="sm-11e8">
         <name>vStartTaskNotifyTask</name>
         <value>0x93c9</value>
         <object_component_ref idref="oc-300"/>
      </symbol>
      <symbol id="sm-11e9">
         <name>xNotifyTaskFromISR</name>
         <value>0x6781</value>
         <object_component_ref idref="oc-260"/>
      </symbol>
      <symbol id="sm-11ea">
         <name>xAreTaskNotificationTasksStillRunning</name>
         <value>0x8d99</value>
         <object_component_ref idref="oc-572"/>
      </symbol>
      <symbol id="sm-13b5">
         <name>xAreTimerDemoTasksStillRunning</name>
         <value>0x8399</value>
         <object_component_ref idref="oc-56c"/>
      </symbol>
      <symbol id="sm-13b6">
         <name>vTimerPeriodicISRTests</name>
         <value>0x8c9</value>
         <object_component_ref idref="oc-254"/>
      </symbol>
      <symbol id="sm-13b7">
         <name>vStartTimerDemoTask</name>
         <value>0x86b1</value>
         <object_component_ref idref="oc-2f4"/>
      </symbol>
      <symbol id="sm-142a">
         <name>vStartCountingSemaphoreTasks</name>
         <value>0x79c1</value>
         <object_component_ref idref="oc-2dc"/>
      </symbol>
      <symbol id="sm-142b">
         <name>xAreCountingSemaphoreTasksStillRunning</name>
         <value>0x8cf9</value>
         <object_component_ref idref="oc-563"/>
      </symbol>
      <symbol id="sm-14c9">
         <name>vStartRecursiveMutexTasks</name>
         <value>0x7cb1</value>
         <object_component_ref idref="oc-2e8"/>
      </symbol>
      <symbol id="sm-14ca">
         <name>xAreRecursiveMutexTasksStillRunning</name>
         <value>0x7fd9</value>
         <object_component_ref idref="oc-557"/>
      </symbol>
      <symbol id="sm-151b">
         <name>vStartSemaphoreTasks</name>
         <value>0x4b71</value>
         <object_component_ref idref="oc-2ee"/>
      </symbol>
      <symbol id="sm-151c">
         <name>xAreSemaphoreTasksStillRunning</name>
         <value>0x9471</value>
         <object_component_ref idref="oc-55d"/>
      </symbol>
      <symbol id="sm-1596">
         <name>vStartMathTasks</name>
         <value>0x3809</value>
         <object_component_ref idref="oc-30c"/>
      </symbol>
      <symbol id="sm-1597">
         <name>xAreMathsTaskStillRunning</name>
         <value>0x9439</value>
         <object_component_ref idref="oc-54b"/>
      </symbol>
      <symbol id="sm-15a1">
         <name>vPreSleepProcessing</name>
         <value>0xa111</value>
         <object_component_ref idref="oc-a3d"/>
      </symbol>
      <symbol id="sm-1651">
         <name>CS_getMCLK</name>
         <value>0x9dd9</value>
         <object_component_ref idref="oc-8cd"/>
      </symbol>
      <symbol id="sm-1652">
         <name>CS_clearInterruptFlag</name>
         <value>0x9b19</value>
         <object_component_ref idref="oc-adc"/>
      </symbol>
      <symbol id="sm-1653">
         <name>CS_getDCOFrequency</name>
         <value>0x2a99</value>
         <object_component_ref idref="oc-ad6"/>
      </symbol>
      <symbol id="sm-1654">
         <name>CS_setDCOCenteredFrequency</name>
         <value>0x9819</value>
         <object_component_ref idref="oc-3db"/>
      </symbol>
      <symbol id="sm-1655">
         <name>CS_initClockSignal</name>
         <value>0x3931</value>
         <object_component_ref idref="oc-3e1"/>
      </symbol>
      <symbol id="sm-1664">
         <name>FlashCtl_setWaitState</name>
         <value>0x9669</value>
         <object_component_ref idref="oc-3cf"/>
      </symbol>
      <symbol id="sm-1670">
         <name>FPU_enableModule</name>
         <value>0x9ff9</value>
         <object_component_ref idref="oc-2b1"/>
      </symbol>
      <symbol id="sm-16a7">
         <name>GPIO_setAsOutputPin</name>
         <value>0x9bb9</value>
         <object_component_ref idref="oc-2c3"/>
      </symbol>
      <symbol id="sm-16a8">
         <name>GPIO_setOutputLowOnPin</name>
         <value>0x9f11</value>
         <object_component_ref idref="oc-2bd"/>
      </symbol>
      <symbol id="sm-16a9">
         <name>GPIO_toggleOutputOnPin</name>
         <value>0x9f29</value>
         <object_component_ref idref="oc-575"/>
      </symbol>
      <symbol id="sm-16aa">
         <name>GPIO_setAsPeripheralModuleFunctionInputPin</name>
         <value>0x8761</value>
         <object_component_ref idref="oc-2b7"/>
      </symbol>
      <symbol id="sm-1718">
         <name>PCM_setCoreVoltageLevel</name>
         <value>0xa0c9</value>
         <object_component_ref idref="oc-3d5"/>
      </symbol>
      <symbol id="sm-1719">
         <name>PCM_getCoreVoltageLevel</name>
         <value>0x8a79</value>
         <object_component_ref idref="oc-8ac"/>
      </symbol>
      <symbol id="sm-171a">
         <name>PCM_getPowerMode</name>
         <value>0x92e1</value>
         <object_component_ref idref="oc-8a6"/>
      </symbol>
      <symbol id="sm-171b">
         <name>PCM_getPowerState</name>
         <value>0xa069</value>
         <object_component_ref idref="oc-8b2"/>
      </symbol>
      <symbol id="sm-171c">
         <name>PCM_setPowerMode</name>
         <value>0xa0d1</value>
         <object_component_ref idref="oc-8b8"/>
      </symbol>
      <symbol id="sm-1732">
         <name>SysCtl_getTLVInfo</name>
         <value>0x87b9</value>
         <object_component_ref idref="oc-b24"/>
      </symbol>
      <symbol id="sm-1769">
         <name>interruptVectors</name>
         <value>0x0</value>
         <object_component_ref idref="oc-10"/>
      </symbol>
      <symbol id="sm-17c5">
         <name>sprintf</name>
         <value>0x9aa1</value>
         <object_component_ref idref="oc-9f3"/>
      </symbol>
      <symbol id="sm-17d6">
         <name>SystemInit</name>
         <value>0x8129</value>
         <object_component_ref idref="oc-9a"/>
      </symbol>
      <symbol id="sm-17e5">
         <name>__aeabi_uidivmod</name>
         <value>0x915d</value>
         <object_component_ref idref="oc-b37"/>
      </symbol>
      <symbol id="sm-17e6">
         <name>__aeabi_uidiv</name>
         <value>0x915d</value>
         <object_component_ref idref="oc-b37"/>
      </symbol>
      <symbol id="sm-17f5">
         <name>__aeabi_memset</name>
         <value>0x7bbf</value>
         <object_component_ref idref="oc-10e"/>
      </symbol>
      <symbol id="sm-17f6">
         <name>memset</name>
         <value>0x7bc5</value>
         <object_component_ref idref="oc-10e"/>
      </symbol>
      <symbol id="sm-17f7">
         <name>__aeabi_memset8</name>
         <value>0x7bbf</value>
         <object_component_ref idref="oc-10e"/>
      </symbol>
      <symbol id="sm-17f8">
         <name>__aeabi_memset4</name>
         <value>0x7bbf</value>
         <object_component_ref idref="oc-10e"/>
      </symbol>
      <symbol id="sm-17f9">
         <name>__aeabi_memclr8</name>
         <value>0x7bbd</value>
         <object_component_ref idref="oc-10e"/>
      </symbol>
      <symbol id="sm-17fa">
         <name>__aeabi_memclr4</name>
         <value>0x7bbd</value>
         <object_component_ref idref="oc-10e"/>
      </symbol>
      <symbol id="sm-17fb">
         <name>__aeabi_memclr</name>
         <value>0x7bbd</value>
         <object_component_ref idref="oc-10e"/>
      </symbol>
      <symbol id="sm-180d">
         <name>__aeabi_cdrcmple</name>
         <value>0x7831</value>
         <object_component_ref idref="oc-7b5"/>
      </symbol>
      <symbol id="sm-1818">
         <name>__aeabi_f2d</name>
         <value>0x9391</value>
         <object_component_ref idref="oc-7b0"/>
      </symbol>
      <symbol id="sm-1833">
         <name>memcpy</name>
         <value>0x6c1f</value>
         <object_component_ref idref="oc-68"/>
      </symbol>
      <symbol id="sm-1834">
         <name>__aeabi_memcpy</name>
         <value>0x6c1f</value>
         <object_component_ref idref="oc-68"/>
      </symbol>
      <symbol id="sm-1835">
         <name>__aeabi_memcpy8</name>
         <value>0x6c1f</value>
         <object_component_ref idref="oc-68"/>
      </symbol>
      <symbol id="sm-1836">
         <name>__aeabi_memcpy4</name>
         <value>0x6c1f</value>
         <object_component_ref idref="oc-68"/>
      </symbol>
      <symbol id="sm-1848">
         <name>__TI_zero_init</name>
         <value>0xa075</value>
         <object_component_ref idref="oc-7a"/>
      </symbol>
      <symbol id="sm-185f">
         <name>__TI_decompress_none</name>
         <value>0xa049</value>
         <object_component_ref idref="oc-19"/>
      </symbol>
      <symbol id="sm-1882">
         <name>__TI_decompress_lzss</name>
         <value>0x8191</value>
         <object_component_ref idref="oc-13"/>
      </symbol>
      <symbol id="sm-1895">
         <name>__stack</name>
         <value>0x2000fce0</value>
         <object_component_ref idref="oc-22"/>
      </symbol>
      <symbol id="sm-1896">
         <name>_c_int00_noargs</name>
         <value>0x931d</value>
         <object_component_ref idref="oc-86"/>
      </symbol>
      <symbol id="sm-18a1">
         <name>C$$EXIT</name>
         <value>0x153d</value>
         <object_component_ref idref="oc-1dc"/>
      </symbol>
      <symbol id="sm-18a2">
         <name>abort</name>
         <value>0x153d</value>
         <object_component_ref idref="oc-1dc"/>
      </symbol>
      <symbol id="sm-18b3">
         <name>strcmp</name>
         <value>0x9e69</value>
         <object_component_ref idref="oc-701"/>
      </symbol>
      <symbol id="sm-18c1">
         <name>strcpy</name>
         <value>0x9f6d</value>
         <object_component_ref idref="oc-7e1"/>
      </symbol>
      <symbol id="sm-18cf">
         <name>strlen</name>
         <value>0x9f81</value>
         <object_component_ref idref="oc-7c9"/>
      </symbol>
      <symbol id="sm-18e0">
         <name>strncat</name>
         <value>0x97b7</value>
         <object_component_ref idref="oc-9f9"/>
      </symbol>
      <symbol id="sm-18f0">
         <name>strncmp</name>
         <value>0x9905</value>
         <object_component_ref idref="oc-9bd"/>
      </symbol>
      <symbol id="sm-1900">
         <name>strncpy</name>
         <value>0x94a9</value>
         <object_component_ref idref="oc-9c9"/>
      </symbol>
      <symbol id="sm-190a">
         <name>__aeabi_idiv0</name>
         <value>0xf37</value>
         <object_component_ref idref="oc-b51"/>
      </symbol>
      <symbol id="sm-190b">
         <name>__aeabi_ldiv0</name>
         <value>0xf37</value>
         <object_component_ref idref="oc-b51"/>
      </symbol>
      <symbol id="sm-1933">
         <name>__TI_auto_init_nobinit_nopinit</name>
         <value>0x8fb1</value>
         <object_component_ref idref="oc-1e8"/>
      </symbol>
      <symbol id="sm-193d">
         <name>_system_pre_init</name>
         <value>0x1275</value>
         <object_component_ref idref="oc-114"/>
      </symbol>
      <symbol id="sm-193f">
         <name>__TI_static_base__</name>
         <value>0x0</value>
      </symbol>
      <symbol id="sm-1942">
         <name>__mpu_init</name>
         <value>0x0</value>
      </symbol>
      <symbol id="sm-1943">
         <name>_system_post_cinit</name>
         <value>0x0</value>
      </symbol>
   </symbol_table>
   <title>Link successful</title>
</link_info>
