******************************************************************************
                  TI ARM Linker PC v18.1.2                     
******************************************************************************
>> Linked Mon Dec  3 08:59:20 2018

OUTPUT FILE NAME:   <RTOSDemo.out>
ENTRY POINT SYMBOL: "_c_int00_noargs"  address: 0000931d


MEMORY CONFIGURATION

         name            origin    length      used     unused   attr    fill
----------------------  --------  ---------  --------  --------  ----  --------
  MAIN                  00000000   00040000  0000a496  00035b6a  R  X
  INFO                  00200000   00004000  00000000  00004000  R  X
  SRAM_CODE             01000000   00010000  00000000  00010000  RW X
  SRAM_DATA             20000000   00010000  0000d8f4  0000270c  RW  


SEGMENT ALLOCATION MAP

run origin  load origin   length   init length attrs members
----------  ----------- ---------- ----------- ----- -------
00000000    00000000    0000a4a0   0000a4a0    r-x
  00000000    00000000    00000144   00000144    r-- .intvecs
  00000148    00000148    00009fca   00009fca    r-x .text
  0000a114    0000a114    00000300   00000300    r-- .const
  0000a418    0000a418    00000088   00000088    r-- .cinit
20000000    20000000    0000d5d4   00000000    rw-
  20000000    20000000    0000d1c4   00000000    rw- .bss
  2000d1c4    2000d1c4    00000410   00000000    rw- .data
2000fce0    2000fce0    00000320   00000000    rw-
  2000fce0    2000fce0    00000320   00000000    rw- .stack


SECTION ALLOCATION MAP

 output                                  attributes/
section   page    origin      length       input sections
--------  ----  ----------  ----------   ----------------
.intvecs   0    00000000    00000144     
                  00000000    00000144     msp432_startup_ccs.obj (.intvecs:retain)

.text      0    00000148    00009fca     
                  00000148    00000780     TaskNotify.obj (.text:prvSingleTaskTests)
                  000008c8    0000066e     TimerDemo.obj (.text:vTimerPeriodicISRTests)
                  00000f36    00000002     rtsv7M4_T_le_v4SPD16_eabi.lib : div0.asm.obj (.text)
                  00000f38    0000033c     RegTest.obj (.text)
                  00001274    00000004     rtsv7M4_T_le_v4SPD16_eabi.lib : pre_init.c.obj (.text:_system_pre_init)
                  00001278    000002c4     TimerDemo.obj (.text:prvTest6_CheckAutoReloadResetBehaviour)
                  0000153c    00000004     rtsv7M4_T_le_v4SPD16_eabi.lib : exit.c.obj (.text:abort:abort)
                  00001540    000002ac     GenQTest.obj (.text:prvSendFrontAndBackTest)
                  000017ec    00000004     --HOLE-- [fill = 0]
                  000017f0    000001e8     TimerDemo.obj (.text:prvTest1_CreateTimersWithoutSchedulerRunning)
                  000019d8    000001c4     printf-stdarg.obj (.text:tiny_print)
                  00001b9c    00000004     --HOLE-- [fill = 0]
                  00001ba0    000001c0     IntQueue.obj (.text:xSecondTimerHandler)
                  00001d60    000001b4     EventGroupsDemo.obj (.text:prvPerformTaskSyncTests)
                  00001f14    00000004     --HOLE-- [fill = 0]
                  00001f18    000001a4     queue.obj (.text:xQueueSemaphoreTake)
                  000020bc    00000004     --HOLE-- [fill = 0]
                  000020c0    00000194     queue.obj (.text:xQueueGenericSend)
                  00002254    00000004     --HOLE-- [fill = 0]
                  00002258    00000174     FreeRTOS_CLI.obj (.text:FreeRTOS_CLIProcessCommand)
                  000023cc    00000004     --HOLE-- [fill = 0]
                  000023d0    00000164     queue.obj (.text:xQueuePeek)
                  00002534    00000004     --HOLE-- [fill = 0]
                  00002538    00000164     queue.obj (.text:xQueueReceive)
                  0000269c    00000004     --HOLE-- [fill = 0]
                  000026a0    00000158     recmutex.obj (.text:prvRecursiveMutexPollingTask)
                  000027f8    0000014c     IntSemTest.obj (.text:prvTakeAndGiveInTheSameOrder)
                  00002944    00000004     --HOLE-- [fill = 0]
                  00002948    0000014c     UARTCommandConsole.obj (.text:prvUARTCommandConsoleTask)
                  00002a94    00000004     --HOLE-- [fill = 0]
                  00002a98    00000148     cs.obj (.text:CS_getDCOFrequency)
                  00002be0    00000148     tasks.obj (.text:xTaskGenericNotifyFromISR)
                  00002d28    00000148     tasks.obj (.text:xTaskIncrementTick)
                  00002e70    00000140     TimerDemo.obj (.text:prvTest4_CheckAutoReloadTimersCanBeStopped)
                  00002fb0    00000138     IntQueue.obj (.text:prvHigherPriorityNormallyEmptyTask)
                  000030e8    00000134     port.obj (.text:vPortSuppressTicksAndSleep)
                  0000321c    00000004     --HOLE-- [fill = 0]
                  00003220    00000130     IntQueue.obj (.text:prv1stHigherPriorityNormallyFullTask)
                  00003350    00000130     IntQueue.obj (.text:xFirstTimerHandler)
                  00003480    0000012c     heap_4.obj (.text:pvPortMalloc)
                  000035ac    00000004     --HOLE-- [fill = 0]
                  000035b0    0000012c     event_groups.obj (.text:xEventGroupWaitBits)
                  000036dc    00000004     --HOLE-- [fill = 0]
                  000036e0    00000124     IntSemTest.obj (.text:prvTakeAndGiveInTheOppositeOrder)
                  00003804    00000004     --HOLE-- [fill = 0]
                  00003808    00000124     sp_flop.obj (.text:vStartMathTasks)
                  0000392c    00000004     --HOLE-- [fill = 0]
                  00003930    0000011c     cs.obj (.text:CS_initClockSignal)
                  00003a4c    00000004     --HOLE-- [fill = 0]
                  00003a50    0000011c     EventGroupsDemo.obj (.text:prvTestSlaveTask)
                  00003b6c    00000004     --HOLE-- [fill = 0]
                  00003b70    00000118     tasks.obj (.text:xTaskGenericNotify)
                  00003c88    00000114     cs.obj (.text:_CSComputeCLKFrequency)
                  00003d9c    00000004     --HOLE-- [fill = 0]
                  00003da0    00000110     TaskNotify.obj (.text:prvNotifiedTask)
                  00003eb0    00000110     TimerDemo.obj (.text:prvTest5_CheckBasicOneShotTimerBehaviour)
                  00003fc0    0000010c     tasks.obj (.text:xTaskResumeAll)
                  000040cc    00000004     --HOLE-- [fill = 0]
                  000040d0    00000108     pcm.obj (.text:__PCM_setPowerModeAdvanced)
                  000041d8    00000108     GenQTest.obj (.text:prvTakeTwoMutexesReturnInDifferentOrder)
                  000042e0    00000100     timers.obj (.text:prvProcessReceivedCommands)
                  000043e0    00000100     EventGroupsDemo.obj (.text:prvSyncTask)
                  000044e0    000000f8     EventGroupsDemo.obj (.text:prvBitCombinationTestMasterFunction)
                  000045d8    000000f0     EventGroupsDemo.obj (.text:prvSelectiveBitsTestMasterFunction)
                  000046c8    000000f0     tasks.obj (.text:vTaskSuspend)
                  000047b8    000000ec     main_full.obj (.text:prvCheckTask)
                  000048a4    00000004     --HOLE-- [fill = 0]
                  000048a8    000000ec     IntQueue.obj (.text:vStartInterruptQueueTasks)
                  00004994    00000004     --HOLE-- [fill = 0]
                  00004998    000000ec     event_groups.obj (.text:xEventGroupSync)
                  00004a84    00000004     --HOLE-- [fill = 0]
                  00004a88    000000e8     GenQTest.obj (.text:prvTakeTwoMutexesReturnInSameOrder)
                  00004b70    000000e8     semtest.obj (.text:vStartSemaphoreTasks)
                  00004c58    000000e0     IntSemTest.obj (.text:vStartInterruptSemaphoreTasks)
                  00004d38    000000e0     tasks.obj (.text:vTaskNotifyGiveFromISR)
                  00004e18    000000e0     tasks.obj (.text:vTaskSwitchContext)
                  00004ef8    000000dc     tasks.obj (.text:vTaskPrioritySet)
                  00004fd4    00000004     --HOLE-- [fill = 0]
                  00004fd8    000000dc     port.obj (.text:xPortStartScheduler)
                  000050b4    000000da     portasm.obj (.text)
                  0000518e    00000002     --HOLE-- [fill = 0]
                  00005190    000000d4     Sample-CLI-commands.obj (.text:prvThreeParameterEchoCommand)
                  00005264    00000004     --HOLE-- [fill = 0]
                  00005268    000000d4     tasks.obj (.text:vTaskDelete)
                  0000533c    00000004     --HOLE-- [fill = 0]
                  00005340    000000d4     tasks.obj (.text:vTaskList)
                  00005414    00000004     --HOLE-- [fill = 0]
                  00005418    000000d0     pcm.obj (.text:__PCM_setCoreVoltageLevelAdvanced)
                  000054e8    000000d0     IntSemTest.obj (.text:vInterruptCountingSemaphoreTask)
                  000055b8    000000ce     queue.obj (.text:xQueueGenericSendFromISR)
                  00005686    00000002     --HOLE-- [fill = 0]
                  00005688    000000c8     tasks.obj (.text:vTaskGetRunTimeStats)
                  00005750    000000c8     tasks.obj (.text:vTaskPriorityDisinheritAfterTimeout)
                  00005818    000000c8     tasks.obj (.text:xTaskPriorityDisinherit)
                  000058e0    000000c6     tasks.obj (.text:prvInitialiseNewTask)
                  000059a6    00000002     --HOLE-- [fill = 0]
                  000059a8    000000c4     EventGroupsDemo.obj (.text:prvTestMasterTask)
                  00005a6c    00000004     --HOLE-- [fill = 0]
                  00005a70    000000c4     sp_flop.obj (.text:vCompetingMathTask4)
                  00005b34    00000004     --HOLE-- [fill = 0]
                  00005b38    000000c1     Sample-CLI-commands.obj (.text:prvTaskStatsCommand)
                  00005bf9    00000007     --HOLE-- [fill = 0]
                  00005c00    000000c0     semtest.obj (.text:prvSemaphoreTest)
                  00005cc0    000000c0     EventGroupsDemo.obj (.text:vStartEventGroupTasks)
                  00005d80    000000be     printf-stdarg.obj (.text:printi)
                  00005e3e    00000002     --HOLE-- [fill = 0]
                  00005e40    000000bc     IntQueueTimer.obj (.text:vInitialiseTimerForIntQueueTest)
                  00005efc    00000004     --HOLE-- [fill = 0]
                  00005f00    000000b8     main_full.obj (.text:main_full)
                  00005fb8    000000b8     tasks.obj (.text:vTaskDelayUntil)
                  00006070    000000b4     tasks.obj (.text:prvAddNewTaskToReadyList)
                  00006124    00000004     --HOLE-- [fill = 0]
                  00006128    000000b4     Sample-CLI-commands.obj (.text:prvParameterEchoCommand)
                  000061dc    00000004     --HOLE-- [fill = 0]
                  000061e0    000000b4     TimerDemo.obj (.text:prvResetStartConditionsForNextIteration)
                  00006294    00000004     --HOLE-- [fill = 0]
                  00006298    000000b4     tasks.obj (.text:uxTaskGetSystemState)
                  0000634c    00000004     --HOLE-- [fill = 0]
                  00006350    000000b4     serial.obj (.text:vUART_Handler)
                  00006404    00000004     --HOLE-- [fill = 0]
                  00006408    000000b4     queue.obj (.text:xQueueGiveFromISR)
                  000064bc    00000004     --HOLE-- [fill = 0]
                  000064c0    000000b0     recmutex.obj (.text:prvRecursiveMutexControllingTask)
                  00006570    000000b0     sp_flop.obj (.text:vCompetingMathTask3)
                  00006620    000000ae     event_groups.obj (.text:xEventGroupSetBits)
                  000066ce    00000002     --HOLE-- [fill = 0]
                  000066d0    000000ad     Sample-CLI-commands.obj (.text:prvRunTimeStatsCommand)
                  0000677d    00000003     --HOLE-- [fill = 0]
                  00006780    000000ac     TaskNotify.obj (.text:xNotifyTaskFromISR)
                  0000682c    00000004     --HOLE-- [fill = 0]
                  00006830    000000ac     tasks.obj (.text:xTaskPriorityInherit)
                  000068dc    00000004     --HOLE-- [fill = 0]
                  000068e0    000000a8     TimerDemo.obj (.text:prvTest3_CheckAutoReloadExpireRates)
                  00006988    000000a4     IntQueue.obj (.text:prv2ndHigherPriorityNormallyFullTask)
                  00006a2c    00000004     --HOLE-- [fill = 0]
                  00006a30    000000a4     countsem.obj (.text:prvDecrementSemaphoreCount)
                  00006ad4    00000004     --HOLE-- [fill = 0]
                  00006ad8    000000a4     GenQTest.obj (.text:vStartGenericQueueTasks)
                  00006b7c    00000004     --HOLE-- [fill = 0]
                  00006b80    0000009e     queue.obj (.text:xQueueReceiveFromISR)
                  00006c1e    0000009c     rtsv7M4_T_le_v4SPD16_eabi.lib : memcpy_t2.asm.obj (.text)
                  00006cba    00000006     --HOLE-- [fill = 0]
                  00006cc0    0000009c     sp_flop.obj (.text:vCompetingMathTask1)
                  00006d5c    00000004     --HOLE-- [fill = 0]
                  00006d60    0000009c     sp_flop.obj (.text:vCompetingMathTask2)
                  00006dfc    00000004     --HOLE-- [fill = 0]
                  00006e00    0000009c     tasks.obj (.text:xTaskRemoveFromEventList)
                  00006e9c    00000004     --HOLE-- [fill = 0]
                  00006ea0    00000098     tasks.obj (.text:vTaskRemoveFromUnorderedEventList)
                  00006f38    00000094     IntQueue.obj (.text:prvLowerPriorityNormallyEmptyTask)
                  00006fcc    00000004     --HOLE-- [fill = 0]
                  00006fd0    00000094     recmutex.obj (.text:prvRecursiveMutexBlockingTask)
                  00007064    00000004     --HOLE-- [fill = 0]
                  00007068    00000094     timers.obj (.text:prvSwitchTimerLists)
                  000070fc    00000004     --HOLE-- [fill = 0]
                  00007100    00000094     tasks.obj (.text:xTaskCheckForTimeOut)
                  00007194    00000004     --HOLE-- [fill = 0]
                  00007198    00000090     printf-stdarg.obj (.text:prints)
                  00007228    00000090     queue.obj (.text:xQueueGenericReset)
                  000072b8    00000090     tasks.obj (.text:xTaskNotifyWait)
                  00007348    0000008c     TaskNotify.obj (.text:prvSuspendedTaskTimerTestCallback)
                  000073d4    00000004     --HOLE-- [fill = 0]
                  000073d8    0000008c     EventGroupsDemo.obj (.text:vPeriodicEventGroupsProcessing)
                  00007464    00000004     --HOLE-- [fill = 0]
                  00007468    0000008c     tasks.obj (.text:vTaskResume)
                  000074f4    00000004     --HOLE-- [fill = 0]
                  000074f8    0000008c     IntQueue.obj (.text:xAreIntQueueTasksStillRunning)
                  00007584    00000004     --HOLE-- [fill = 0]
                  00007588    00000088     tasks.obj (.text:eTaskGetState)
                  00007610    00000088     tasks.obj (.text:prvAddCurrentTaskToDelayedList)
                  00007698    00000088     IntSemTest.obj (.text:vInterruptSemaphorePeriodicTest)
                  00007720    00000088     tasks.obj (.text:vTaskStartScheduler)
                  000077a8    00000088     serial.obj (.text:xSerialPortInitMinimal)
                  00007830    00000086     rtsv7M4_T_le_v4SPD16_eabi.lib : fd_cmp_t2.asm.obj (.text:__aeabi_cdrcmple)
                  000078b6    00000002     --HOLE-- [fill = 0]
                  000078b8    00000084     IntQueue.obj (.text:prvLowerPriorityNormallyFullTask)
                  0000793c    00000004     --HOLE-- [fill = 0]
                  00007940    00000080     TimerDemo.obj (.text:prvTest2_CheckTaskAndTimersInitialState)
                  000079c0    00000080     countsem.obj (.text:vStartCountingSemaphoreTasks)
                  00007a40    0000007c     tasks.obj (.text:prvIdleTask)
                  00007abc    00000004     --HOLE-- [fill = 0]
                  00007ac0    0000007c     countsem.obj (.text:prvIncrementSemaphoreCount)
                  00007b3c    00000004     --HOLE-- [fill = 0]
                  00007b40    0000007c     heap_4.obj (.text:vPortFree)
                  00007bbc    0000007a     rtsv7M4_T_le_v4SPD16_eabi.lib : memset_t2.asm.obj (.text)
                  00007c36    00000002     --HOLE-- [fill = 0]
                  00007c38    00000078     TimerDemo.obj (.text:prvTimerTestTask)
                  00007cb0    00000078     recmutex.obj (.text:vStartRecursiveMutexTasks)
                  00007d28    00000074     tasks.obj (.text:vTaskGetInfo)
                  00007d9c    00000004     --HOLE-- [fill = 0]
                  00007da0    00000074     timers.obj (.text:xTimerGenericCommand)
                  00007e14    00000004     --HOLE-- [fill = 0]
                  00007e18    00000070     queue.obj (.text:prvCopyDataToQueue)
                  00007e88    00000070     heap_4.obj (.text:prvHeapInit)
                  00007ef8    00000070     tasks.obj (.text:prvInitialiseTaskLists)
                  00007f68    00000070     timers.obj (.text:prvProcessTimerOrBlockTask)
                  00007fd8    00000070     recmutex.obj (.text:xAreRecursiveMutexTasksStillRunning)
                  00008048    0000006c     queue.obj (.text:prvUnlockQueue)
                  000080b4    00000004     --HOLE-- [fill = 0]
                  000080b8    0000006c     serial.obj (.text:vSerialPutString)
                  00008124    00000004     --HOLE-- [fill = 0]
                  00008128    00000068     system_msp432p401r.obj (.text:SystemInit)
                  00008190    00000068     rtsv7M4_T_le_v4SPD16_eabi.lib : copy_decompress_lzss.c.obj (.text:decompress:lzss:__TI_decompress_lzss)
                  000081f8    00000068     heap_4.obj (.text:prvInsertBlockIntoFreeList)
                  00008260    00000068     tasks.obj (.text:prvListTasksWithinSingleList)
                  000082c8    00000068     tasks.obj (.text:ulTaskNotifyTake)
                  00008330    00000068     port.obj (.text:vPortSetupTimerInterrupt)
                  00008398    00000068     TimerDemo.obj (.text:xAreTimerDemoTasksStillRunning)
                  00008400    00000068     tasks.obj (.text:xTaskCreate)
                  00008468    00000064     port.obj (.text:vPortValidateInterruptPriority)
                  000084cc    00000004     --HOLE-- [fill = 0]
                  000084d0    00000060     FreeRTOS_CLI.obj (.text:FreeRTOS_CLIGetParameter)
                  00008530    00000060     FreeRTOS_CLI.obj (.text:FreeRTOS_CLIRegisterCommand)
                  00008590    00000060     timers.obj (.text:prvProcessExpiredTimer)
                  000085f0    00000060     serial.obj (.text:xSerialPutChar)
                  00008650    0000005c     tasks.obj (.text:vTaskPlaceOnUnorderedEventList)
                  000086ac    00000004     --HOLE-- [fill = 0]
                  000086b0    00000058     TimerDemo.obj (.text:vStartTimerDemoTask)
                  00008708    00000058     timers.obj (.text:xTimerCreateTimerTask)
                  00008760    00000054     gpio.obj (.text:GPIO_setAsPeripheralModuleFunctionInputPin)
                  000087b4    00000004     --HOLE-- [fill = 0]
                  000087b8    00000054     sysctl.obj (.text:SysCtl_getTLVInfo)
                  0000880c    00000004     --HOLE-- [fill = 0]
                  00008810    00000054     tasks.obj (.text:prvCheckTasksWaitingTermination)
                  00008864    00000004     --HOLE-- [fill = 0]
                  00008868    00000054     timers.obj (.text:prvInsertTimerInActiveList)
                  000088bc    00000004     --HOLE-- [fill = 0]
                  000088c0    00000054     GenQTest.obj (.text:prvLowPriorityMutexTask)
                  00008914    00000004     --HOLE-- [fill = 0]
                  00008918    00000054     tasks.obj (.text:vTaskDelay)
                  0000896c    00000004     --HOLE-- [fill = 0]
                  00008970    00000054     EventGroupsDemo.obj (.text:xAreEventGroupTasksStillRunning)
                  000089c4    00000004     --HOLE-- [fill = 0]
                  000089c8    00000054     event_groups.obj (.text:xEventGroupClearBits)
                  00008a1c    00000004     --HOLE-- [fill = 0]
                  00008a20    00000052     cs.obj (.text:_CSGetDividerValue)
                  00008a72    00000006     --HOLE-- [fill = 0]
                  00008a78    00000050     pcm.obj (.text:PCM_getCoreVoltageLevel)
                  00008ac8    00000050     cs.obj (.text:_CSGetDOCFrequency)
                  00008b18    00000050     tasks.obj (.text:prvGetExpectedIdleTime)
                  00008b68    00000050     GenQTest.obj (.text:prvHighPriorityMutexTask)
                  00008bb8    00000050     IntSemTest.obj (.text:xAreInterruptSemaphoreTasksStillRunning)
                  00008c08    0000004c     timers.obj (.text:prvCheckForValidListAndQueue)
                  00008c54    00000004     --HOLE-- [fill = 0]
                  00008c58    0000004c     TimerDemo.obj (.text:prvOneShotTimerCallback)
                  00008ca4    00000004     --HOLE-- [fill = 0]
                  00008ca8    0000004c     event_groups.obj (.text:vEventGroupDelete)
                  00008cf4    00000004     --HOLE-- [fill = 0]
                  00008cf8    0000004c     countsem.obj (.text:xAreCountingSemaphoreTasksStillRunning)
                  00008d44    00000004     --HOLE-- [fill = 0]
                  00008d48    0000004c     GenQTest.obj (.text:xAreGenericQueueTasksStillRunning)
                  00008d94    00000004     --HOLE-- [fill = 0]
                  00008d98    0000004c     TaskNotify.obj (.text:xAreTaskNotificationTasksStillRunning)
                  00008de4    00000004     --HOLE-- [fill = 0]
                  00008de8    0000004c     queue.obj (.text:xQueueGenericCreate)
                  00008e34    00000004     --HOLE-- [fill = 0]
                  00008e38    0000004c     queue.obj (.text:xQueueTakeMutexRecursive)
                  00008e84    00000004     --HOLE-- [fill = 0]
                  00008e88    0000004a     main_full.obj (.text:prvConfigureClocks)
                  00008ed2    00000006     --HOLE-- [fill = 0]
                  00008ed8    00000048     queue.obj (.text:vQueueWaitForMessageRestricted)
                  00008f20    00000048     UARTCommandConsole.obj (.text:vUARTCommandConsoleStart)
                  00008f68    00000046     timers.obj (.text:prvInitialiseNewTimer)
                  00008fae    00000002     --HOLE-- [fill = 0]
                  00008fb0    00000044     rtsv7M4_T_le_v4SPD16_eabi.lib : autoinit.c.obj (.text:__TI_auto_init_nobinit_nopinit:__TI_auto_init_nobinit_nopinit)
                  00008ff4    00000004     --HOLE-- [fill = 0]
                  00008ff8    00000044     TimerDemo.obj (.text:prvAutoReloadTimerCallback)
                  0000903c    00000004     --HOLE-- [fill = 0]
                  00009040    00000044     countsem.obj (.text:prvCountingSemaphoreTask)
                  00009084    00000004     --HOLE-- [fill = 0]
                  00009088    00000044     EventGroupsDemo.obj (.text:prvSelectiveBitsTestSlaveFunction)
                  000090cc    00000004     --HOLE-- [fill = 0]
                  000090d0    00000044     queue.obj (.text:xQueueCreateCountingSemaphore)
                  00009114    00000004     --HOLE-- [fill = 0]
                  00009118    00000044     queue.obj (.text:xQueueGiveMutexRecursive)
                  0000915c    00000040     rtsv7M4_T_le_v4SPD16_eabi.lib : u_divt2.asm.obj (.text)
                  0000919c    00000004     --HOLE-- [fill = 0]
                  000091a0    00000040     tasks.obj (.text:vTaskPlaceOnEventListRestricted)
                  000091e0    0000003c     tasks.obj (.text:eTaskConfirmSleepModeStatus)
                  0000921c    00000004     --HOLE-- [fill = 0]
                  00009220    0000003c     tasks.obj (.text:prvTaskIsTaskSuspended)
                  0000925c    00000004     --HOLE-- [fill = 0]
                  00009260    0000003c     IntSemTest.obj (.text:vInterruptMutexSlaveTask)
                  0000929c    00000004     --HOLE-- [fill = 0]
                  000092a0    0000003c     port.obj (.text:vPortEnterCritical)
                  000092dc    00000004     --HOLE-- [fill = 0]
                  000092e0    0000003a     pcm.obj (.text:PCM_getPowerMode)
                  0000931a    00000002     --HOLE-- [fill = 0]
                  0000931c    00000038     rtsv7M4_T_le_v4SPD16_eabi.lib : boot_cortex_m.c.obj (.text:_c_int00_noargs:_c_int00_noargs)
                  00009354    00000004     --HOLE-- [fill = 0]
                  00009358    00000038     port.obj (.text:prvTaskExitError)
                  00009390    00000038     rtsv7M4_T_le_v4SPD16_eabi.lib : fs_tod_t2.asm.obj (.text)
                  000093c8    00000038     TaskNotify.obj (.text:vStartTaskNotifyTask)
                  00009400    00000038     tasks.obj (.text:vTaskPlaceOnEventList)
                  00009438    00000038     sp_flop.obj (.text:xAreMathsTaskStillRunning)
                  00009470    00000038     semtest.obj (.text:xAreSemaphoreTasksStillRunning)
                  000094a8    00000036     rtsv7M4_T_le_v4SPD16_eabi.lib : strncpy.c.obj (.text:strncpy)
                  000094de    00000002     --HOLE-- [fill = 0]
                  000094e0    00000034     FreeRTOS_CLI.obj (.text:prvHelpCommand)
                  00009514    00000004     --HOLE-- [fill = 0]
                  00009518    00000034     list.obj (.text:vListInsert)
                  0000954c    00000004     --HOLE-- [fill = 0]
                  00009550    00000034     IntQueueTimer.obj (.text:vT32_0_Handler)
                  00009584    00000004     --HOLE-- [fill = 0]
                  00009588    00000034     IntQueueTimer.obj (.text:vT32_1_Handler)
                  000095bc    00000004     --HOLE-- [fill = 0]
                  000095c0    00000034     tasks.obj (.text:vTaskStepTick)
                  000095f4    00000004     --HOLE-- [fill = 0]
                  000095f8    00000034     tasks.obj (.text:xTaskNotifyStateClear)
                  0000962c    00000004     --HOLE-- [fill = 0]
                  00009630    00000034     timers.obj (.text:xTimerIsTimerActive)
                  00009664    00000004     --HOLE-- [fill = 0]
                  00009668    00000030     flash.obj (.text:FlashCtl_setWaitState)
                  00009698    00000030     tasks.obj (.text:prvResetNextTaskUnblockTime)
                  000096c8    00000030     main.obj (.text:prvSetupHardware)
                  000096f8    00000030     RunTimeStatsTimer.obj (.text:ulGetRunTimeCounterValue)
                  00009728    00000030     IntSemTest.obj (.text:vInterruptMutexMasterTask)
                  00009758    00000030     port.obj (.text:vPortExitCritical)
                  00009788    0000002e     FreeRTOS_CLI.obj (.text:prvGetNumberOfParameters)
                  000097b6    0000002e     rtsv7M4_T_le_v4SPD16_eabi.lib : strncat.c.obj (.text:strncat)
                  000097e4    00000004     --HOLE-- [fill = 0]
                  000097e8    0000002e     timers.obj (.text:xTimerCreate)
                  00009816    00000002     --HOLE-- [fill = 0]
                  00009818    0000002c     cs.obj (.text:CS_setDCOCenteredFrequency)
                  00009844    00000004     --HOLE-- [fill = 0]
                  00009848    0000002c     TaskNotify.obj (.text:prvNotifyingTimer)
                  00009874    00000004     --HOLE-- [fill = 0]
                  00009878    0000002c     timers.obj (.text:prvSampleTimeNow)
                  000098a4    00000004     --HOLE-- [fill = 0]
                  000098a8    0000002c     timers.obj (.text:pvTimerGetTimerID)
                  000098d4    00000004     --HOLE-- [fill = 0]
                  000098d8    0000002c     port.obj (.text:pxPortInitialiseStack)
                  00009904    0000002c     rtsv7M4_T_le_v4SPD16_eabi.lib : strncmp.c.obj (.text:strncmp)
                  00009930    0000002c     queue.obj (.text:uxQueueMessagesWaiting)
                  0000995c    00000004     --HOLE-- [fill = 0]
                  00009960    0000002c     queue.obj (.text:uxQueueSpacesAvailable)
                  0000998c    00000004     --HOLE-- [fill = 0]
                  00009990    0000002c     Sample-CLI-commands.obj (.text:vRegisterSampleCLICommands)
                  000099bc    00000004     --HOLE-- [fill = 0]
                  000099c0    0000002c     timers.obj (.text:vTimerSetTimerID)
                  000099ec    00000004     --HOLE-- [fill = 0]
                  000099f0    0000002c     port.obj (.text:xPortSysTickHandler)
                  00009a1c    00000004     --HOLE-- [fill = 0]
                  00009a20    0000002c     queue.obj (.text:xQueueIsQueueFullFromISR)
                  00009a4c    00000004     --HOLE-- [fill = 0]
                  00009a50    00000028     queue.obj (.text:prvCopyDataFromQueue)
                  00009a78    00000028     tasks.obj (.text:prvWriteNameToBuffer)
                  00009aa0    00000028     printf-stdarg.obj (.text:sprintf)
                  00009ac8    00000028     timers.obj (.text:xTimerPendFunctionCallFromISR)
                  00009af0    00000026     list.obj (.text:uxListRemove)
                  00009b16    00000002     --HOLE-- [fill = 0]
                  00009b18    00000024     cs.obj (.text:CS_clearInterruptFlag)
                  00009b3c    00000004     --HOLE-- [fill = 0]
                  00009b40    00000024     printf-stdarg.obj (.text:printchar)
                  00009b64    00000004     --HOLE-- [fill = 0]
                  00009b68    00000024     timers.obj (.text:prvGetNextExpireTime)
                  00009b8c    00000004     --HOLE-- [fill = 0]
                  00009b90    00000024     RunTimeStatsTimer.obj (.text:vConfigureTimerForRunTimeStats)
                  00009bb4    00000004     --HOLE-- [fill = 0]
                  00009bb8    00000020     gpio.obj (.text:GPIO_setAsOutputPin)
                  00009bd8    00000020     IntQueue.obj (.text:prvRecordValue_NormallyEmpty)
                  00009bf8    00000020     IntQueue.obj (.text:prvRecordValue_NormallyFull)
                  00009c18    00000020     tasks.obj (.text:xTaskGetSchedulerState)
                  00009c38    0000001e     queue.obj (.text:prvInitialiseNewQueue)
                  00009c56    00000002     --HOLE-- [fill = 0]
                  00009c58    0000001e     queue.obj (.text:prvIsQueueFull)
                  00009c76    00000002     --HOLE-- [fill = 0]
                  00009c78    0000001e     list.obj (.text:vListInitialise)
                  00009c96    00000002     --HOLE-- [fill = 0]
                  00009c98    0000001c     timers.obj (.text:pcTimerGetName)
                  00009cb4    00000004     --HOLE-- [fill = 0]
                  00009cb8    0000001c     GenQTest.obj (.text:prvMediumPriorityMutexTask)
                  00009cd4    00000004     --HOLE-- [fill = 0]
                  00009cd8    0000001c     TaskNotify.obj (.text:prvRand)
                  00009cf4    00000004     --HOLE-- [fill = 0]
                  00009cf8    0000001c     event_groups.obj (.text:prvTestWaitCondition)
                  00009d14    00000004     --HOLE-- [fill = 0]
                  00009d18    0000001c     tasks.obj (.text:uxTaskPriorityGet)
                  00009d34    00000004     --HOLE-- [fill = 0]
                  00009d38    0000001a     queue.obj (.text:prvGetDisinheritPriorityAfterTimeout)
                  00009d52    00000006     --HOLE-- [fill = 0]
                  00009d58    0000001a     queue.obj (.text:prvIsQueueEmpty)
                  00009d72    00000006     --HOLE-- [fill = 0]
                  00009d78    0000001a     timers.obj (.text:prvTimerTask)
                  00009d92    00000006     --HOLE-- [fill = 0]
                  00009d98    0000001a     event_groups.obj (.text:xEventGroupCreate)
                  00009db2    00000006     --HOLE-- [fill = 0]
                  00009db8    0000001a     event_groups.obj (.text:xEventGroupGetBitsFromISR)
                  00009dd2    00000006     --HOLE-- [fill = 0]
                  00009dd8    00000018     cs.obj (.text:CS_getMCLK)
                  00009df0    00000018     main_full.obj (.text:prvRegTestTaskEntry1)
                  00009e08    00000018     main_full.obj (.text:prvRegTestTaskEntry2)
                  00009e20    00000018     tasks.obj (.text:prvTaskCheckFreeStackSpace)
                  00009e38    00000018     tasks.obj (.text:pvTaskIncrementMutexHeldCount)
                  00009e50    00000018     msp432_startup_ccs.obj (.text:resetISR)
                  00009e68    00000018     rtsv7M4_T_le_v4SPD16_eabi.lib : strcmp.c.obj (.text:strcmp)
                  00009e80    00000018     tasks.obj (.text:uxTaskResetEventItemValue)
                  00009e98    00000018     list.obj (.text:vListInsertEnd)
                  00009eb0    00000018     tasks.obj (.text:vTaskInternalSetTimeOutState)
                  00009ec8    00000018     event_groups.obj (.text:xEventGroupClearBitsFromISR)
                  00009ee0    00000018     event_groups.obj (.text:xEventGroupSetBitsFromISR)
                  00009ef8    00000016     queue.obj (.text:xQueueCreateMutex)
                  00009f0e    00000002     --HOLE-- [fill = 0]
                  00009f10    00000014     gpio.obj (.text:GPIO_setOutputLowOnPin)
                  00009f24    00000004     --HOLE-- [fill = 0]
                  00009f28    00000014     gpio.obj (.text:GPIO_toggleOutputOnPin)
                  00009f3c    00000004     --HOLE-- [fill = 0]
                  00009f40    00000014     queue.obj (.text:prvInitialiseMutex)
                  00009f54    00000004     --HOLE-- [fill = 0]
                  00009f58    00000014     IntQueue.obj (.text:prvQueueAccessLogError)
                  00009f6c    00000014     rtsv7M4_T_le_v4SPD16_eabi.lib : strcpy.c.obj (.text:strcpy)
                  00009f80    00000014                                   : strlen.c.obj (.text:strlen)
                  00009f94    00000004     --HOLE-- [fill = 0]
                  00009f98    00000014     main_full.obj (.text:vApplicationTickHook)
                  00009fac    00000004     --HOLE-- [fill = 0]
                  00009fb0    00000012     tasks.obj (.text:prvDeleteTCB)
                  00009fc2    00000006     --HOLE-- [fill = 0]
                  00009fc8    00000012     main.obj (.text:vApplicationMallocFailedHook)
                  00009fda    00000006     --HOLE-- [fill = 0]
                  00009fe0    00000012     main.obj (.text:vApplicationStackOverflowHook)
                  00009ff2    00000006     --HOLE-- [fill = 0]
                  00009ff8    00000010     fpu.obj (.text:FPU_enableModule)
                  0000a008    00000010     TimerDemo.obj (.text:prvISRAutoReloadTimerCallback)
                  0000a018    00000010     TimerDemo.obj (.text:prvISROneShotTimerCallback)
                  0000a028    00000010     tasks.obj (.text:vTaskSuspendAll)
                  0000a038    00000010     tasks.obj (.text:xTaskGetTickCountFromISR)
                  0000a048    0000000e     rtsv7M4_T_le_v4SPD16_eabi.lib : copy_decompress_none.c.obj (.text:decompress:none:__TI_decompress_none)
                  0000a056    00000002     --HOLE-- [fill = 0]
                  0000a058    0000000e     main.obj (.text:main)
                  0000a066    00000002     --HOLE-- [fill = 0]
                  0000a068    0000000c     pcm.obj (.text:PCM_getPowerState)
                  0000a074    0000000c     rtsv7M4_T_le_v4SPD16_eabi.lib : copy_zero_init.c.obj (.text:decompress:ZI:__TI_zero_init)
                  0000a080    0000000c     tasks.obj (.text:vTaskMissedYield)
                  0000a08c    00000004     --HOLE-- [fill = 0]
                  0000a090    0000000c     serial.obj (.text:xSerialGetChar)
                  0000a09c    00000004     --HOLE-- [fill = 0]
                  0000a0a0    0000000c     tasks.obj (.text:xTaskGetCurrentTaskHandle)
                  0000a0ac    00000004     --HOLE-- [fill = 0]
                  0000a0b0    0000000c     tasks.obj (.text:xTaskGetTickCount)
                  0000a0bc    00000004     --HOLE-- [fill = 0]
                  0000a0c0    00000008     FreeRTOS_CLI.obj (.text:FreeRTOS_CLIGetOutputBuffer)
                  0000a0c8    00000008     pcm.obj (.text:PCM_setCoreVoltageLevel)
                  0000a0d0    00000008     pcm.obj (.text:PCM_setPowerMode)
                  0000a0d8    00000006     list.obj (.text:vListInitialiseItem)
                  0000a0de    00000002     --HOLE-- [fill = 0]
                  0000a0e0    00000004     event_groups.obj (.text:vEventGroupClearBitsCallback)
                  0000a0e4    00000004     --HOLE-- [fill = 0]
                  0000a0e8    00000004     event_groups.obj (.text:vEventGroupSetBitsCallback)
                  0000a0ec    00000004     --HOLE-- [fill = 0]
                  0000a0f0    00000002     msp432_startup_ccs.obj (.text:defaultISR)
                  0000a0f2    00000006     --HOLE-- [fill = 0]
                  0000a0f8    00000002     msp432_startup_ccs.obj (.text:faultISR)
                  0000a0fa    00000006     --HOLE-- [fill = 0]
                  0000a100    00000002     msp432_startup_ccs.obj (.text:nmiISR)
                  0000a102    00000006     --HOLE-- [fill = 0]
                  0000a108    00000002     main.obj (.text:vApplicationIdleHook)
                  0000a10a    00000006     --HOLE-- [fill = 0]
                  0000a110    00000002     main_blinky.obj (.text:vPreSleepProcessing)

.const     0    0000a114    00000300     
                  0000a114    000001a8     Sample-CLI-commands.obj (.const:.string)
                  0000a2bc    00000090     UARTCommandConsole.obj (.const:.string)
                  0000a34c    00000038     FreeRTOS_CLI.obj (.const:.string)
                  0000a384    00000024     serial.obj (.const:xUARTConfig)
                  0000a3a8    00000010     UARTCommandConsole.obj (.const)
                  0000a3b8    00000010     FreeRTOS_CLI.obj (.const:xHelpCommand)
                  0000a3c8    00000010     Sample-CLI-commands.obj (.const:xParameterEcho)
                  0000a3d8    00000010     Sample-CLI-commands.obj (.const:xRunTimeStats)
                  0000a3e8    00000010     Sample-CLI-commands.obj (.const:xTaskStats)
                  0000a3f8    00000010     Sample-CLI-commands.obj (.const:xThreeParameterEcho)
                  0000a408    00000008     port.obj (.const)
                  0000a410    00000004     serial.obj (.const)

.cinit     0    0000a418    00000088     
                  0000a418    0000005e     (.cinit..data.load) [load image, compression = lzss]
                  0000a476    00000002     --HOLE-- [fill = 0]
                  0000a478    0000000c     (__TI_handler_table)
                  0000a484    00000004     --HOLE-- [fill = 0]
                  0000a488    00000008     (.cinit..bss.load) [load image, compression = zero_init]
                  0000a490    00000010     (__TI_cinit_table)

.bss       0    20000000    0000d1c4     UNINITIALIZED
                  20000000    0000c800     heap_4.obj (.bss:ucHeap)
                  2000c800    00000800     FreeRTOS_CLI.obj (.bss:cOutputBuffer)
                  2000d000    00000064     tasks.obj (.bss:pxReadyTasksLists)
                  2000d064    00000034     UARTCommandConsole.obj (.bss:cInputString$1)
                  2000d098    00000034     UARTCommandConsole.obj (.bss:cLastInputString$2)
                  2000d0cc    00000018     countsem.obj (.bss:xParameters)
                  2000d0e4    00000014     timers.obj (.bss:xActiveTimerList1)
                  2000d0f8    00000014     timers.obj (.bss:xActiveTimerList2)
                  2000d10c    00000014     tasks.obj (.bss:xDelayedTaskList1)
                  2000d120    00000014     tasks.obj (.bss:xDelayedTaskList2)
                  2000d134    00000014     tasks.obj (.bss:xPendingReadyList)
                  2000d148    00000014     tasks.obj (.bss:xSuspendedTaskList)
                  2000d15c    00000014     tasks.obj (.bss:xTasksWaitingTermination)
                  2000d170    0000000c     recmutex.obj (.bss)
                  2000d17c    00000008     GenQTest.obj (.bss)
                  2000d184    00000008     IntQueue.obj (.bss)
                  2000d18c    00000008     cs.obj (.bss)
                  2000d194    00000008     tasks.obj (.bss)
                  2000d19c    00000008     timers.obj (.bss)
                  2000d1a4    00000008     heap_4.obj (.bss:xStart)
                  2000d1ac    00000004     IntSemTest.obj (.bss)
                  2000d1b0    00000004     TimerDemo.obj (.bss)
                  2000d1b4    00000004     (.common:xHighPriorityNormallyEmptyTask1)
                  2000d1b8    00000004     (.common:xHighPriorityNormallyEmptyTask2)
                  2000d1bc    00000004     (.common:xHighPriorityNormallyFullTask1)
                  2000d1c0    00000004     (.common:xHighPriorityNormallyFullTask2)

.data      0    2000d1c4    00000410     UNINITIALIZED
                  2000d1c4    000000c8     IntQueue.obj (.data:ucNormallyEmptyReceivedValues)
                  2000d28c    000000c8     IntQueue.obj (.data:ucNormallyFullReceivedValues)
                  2000d354    0000003c     IntQueue.obj (.data)
                  2000d390    0000003c     tasks.obj (.data)
                  2000d3cc    00000034     TimerDemo.obj (.data)
                  2000d400    00000030     EventGroupsDemo.obj (.data)
                  2000d430    00000030     gpio.obj (.data:GPIO_PORT_TO_BASE)
                  2000d460    0000002c     IntSemTest.obj (.data)
                  2000d48c    0000002c     TaskNotify.obj (.data)
                  2000d4b8    00000024     recmutex.obj (.data)
                  2000d4dc    0000001c     GenQTest.obj (.data)
                  2000d4f8    00000018     port.obj (.data)
                  2000d510    00000018     TimerDemo.obj (.data:xAutoReloadTimers)
                  2000d528    00000012     sp_flop.obj (.data:usLastTaskCheck$1)
                  2000d53a    00000012     sp_flop.obj (.data:usTaskCheck)
                  2000d54c    00000010     heap_4.obj (.data)
                  2000d55c    00000010     main_full.obj (.data)
                  2000d56c    00000010     serial.obj (.data)
                  2000d57c    0000000c     FreeRTOS_CLI.obj (.data)
                  2000d588    0000000c     countsem.obj (.data)
                  2000d594    0000000c     timers.obj (.data)
                  2000d5a0    00000008     RunTimeStatsTimer.obj (.data)
                  2000d5a8    00000008     Sample-CLI-commands.obj (.data)
                  2000d5b0    00000008     semtest.obj (.data:sCheckVariables)
                  2000d5b8    00000008     semtest.obj (.data:sLastCheckVariables$1)
                  2000d5c0    00000008     FreeRTOS_CLI.obj (.data:xRegisteredCommands)
                  2000d5c8    00000006     TimerDemo.obj (.data:ucAutoReloadTimerCounters)
                  2000d5ce    00000002     semtest.obj (.data)
                  2000d5d0    00000004     UARTCommandConsole.obj (.data)

.stack     0    2000fce0    00000320     UNINITIALIZED
                  2000fce0    00000004     rtsv7M4_T_le_v4SPD16_eabi.lib : boot_cortex_m.c.obj (.stack)
                  2000fce4    0000031c     --HOLE--

MODULE SUMMARY

       Module                       code    ro data   rw data
       ------                       ----    -------   -------
    .\
       main.obj                     100     0         0      
    +--+----------------------------+-------+---------+---------+
       Total:                       100     0         0      
                                                             
    .\FreeRTOS_Source\
       tasks.obj                    6876    0         268    
       queue.obj                    3130    0         0      
       timers.obj                   1406    0         60     
       event_groups.obj             1006    0         0      
       list.obj                     150     0         0      
    +--+----------------------------+-------+---------+---------+
       Total:                       12568   0         328    
                                                             
    .\FreeRTOS_Source\portable\CCS\ARM_CM4F\
       port.obj                     984     8         24     
       portasm.obj                  218     0         0      
    +--+----------------------------+-------+---------+---------+
       Total:                       1202    8         24     
                                                             
    .\FreeRTOS_Source\portable\MemMang\
       heap_4.obj                   640     0         51224  
    +--+----------------------------+-------+---------+---------+
       Total:                       640     0         51224  
                                                             
    .\Full_Demo\
       Sample-CLI-commands.obj      802     488       8      
       RegTest.obj                  828     0         0      
       UARTCommandConsole.obj       404     160       108    
       serial.obj                   532     40        16     
       main_full.obj                562     0         16     
       IntQueueTimer.obj            292     0         0      
       RunTimeStatsTimer.obj        84      0         8      
    +--+----------------------------+-------+---------+---------+
       Total:                       3504    688       156    
                                                             
    .\Full_Demo\FreeRTOS+CLI\
       FreeRTOS_CLI.obj             670     72        2068   
    +--+----------------------------+-------+---------+---------+
       Total:                       670     72        2068   
                                                             
    .\Full_Demo\Standard_Demo_Tasks\
       TimerDemo.obj                4398    0         86     
       IntQueue.obj                 2272    0         484    
       TaskNotify.obj               2708    0         44     
       EventGroupsDemo.obj          2144    0         48     
       GenQTest.obj                 1612    0         36     
       IntSemTest.obj               1380    0         48     
       sp_flop.obj                  1032    0         36     
       recmutex.obj                 900     0         48     
       countsem.obj                 560     0         36     
       semtest.obj                  480     0         18     
    +--+----------------------------+-------+---------+---------+
       Total:                       17486   0         884    
                                                             
    .\SimplyBlinkyDemo\
       main_blinky.obj              2       0         0      
    +--+----------------------------+-------+---------+---------+
       Total:                       2       0         0      
                                                             
    .\driverlib\
       cs.obj                       1154    0         8      
       pcm.obj                      638     0         0      
       gpio.obj                     156     0         48     
       sysctl.obj                   84      0         0      
       flash.obj                    48      0         0      
       fpu.obj                      16      0         0      
    +--+----------------------------+-------+---------+---------+
       Total:                       2096    0         56     
                                                             
    .\system\CCS\
       printf-stdarg.obj            862     0         0      
       msp432_startup_ccs.obj       30      324       0      
       system_msp432p401r.obj       104     0         0      
    +--+----------------------------+-------+---------+---------+
       Total:                       996     324       0      
                                                             
    C:\ti\ccsv8\tools\compiler\ti-cgt-arm_18.1.2.LTS\lib\rtsv7M4_T_le_v4SPD16_eabi.lib
       memcpy_t2.asm.obj            156     0         0      
       fd_cmp_t2.asm.obj            134     0         0      
       memset_t2.asm.obj            122     0         0      
       copy_decompress_lzss.c.obj   104     0         0      
       autoinit.c.obj               68      0         0      
       u_divt2.asm.obj              64      0         0      
       boot_cortex_m.c.obj          56      0         0      
       fs_tod_t2.asm.obj            56      0         0      
       strncpy.c.obj                54      0         0      
       strncat.c.obj                46      0         0      
       strncmp.c.obj                44      0         0      
       strcmp.c.obj                 24      0         0      
       strcpy.c.obj                 20      0         0      
       strlen.c.obj                 20      0         0      
       copy_decompress_none.c.obj   14      0         0      
       copy_zero_init.c.obj         12      0         0      
       exit.c.obj                   4       0         0      
       pre_init.c.obj               4       0         0      
       div0.asm.obj                 2       0         0      
    +--+----------------------------+-------+---------+---------+
       Total:                       1004    0         0      
                                                             
       Stack:                       0       0         800    
       Linker Generated:            0       130       0      
    +--+----------------------------+-------+---------+---------+
       Grand Total:                 40268   1222      55540  


LINKER GENERATED COPY TABLES

__TI_cinit_table @ 0000a490 records: 2, size/record: 8, table size: 16
	.data: load addr=0000a418, load size=0000005e bytes, run addr=2000d1c4, run size=00000410 bytes, compression=lzss
	.bss: load addr=0000a488, load size=00000008 bytes, run addr=20000000, run size=0000d1c4 bytes, compression=zero_init


LINKER GENERATED HANDLER TABLE

__TI_handler_table @ 0000a478 records: 3, size/record: 4, table size: 12
	index: 0, handler: __TI_decompress_lzss
	index: 1, handler: __TI_decompress_none
	index: 2, handler: __TI_zero_init


GLOBAL SYMBOLS: SORTED ALPHABETICALLY BY Name 

address   name                                      
-------   ----                                      
0000153d  C$$EXIT                                   
00009b19  CS_clearInterruptFlag                     
00002a99  CS_getDCOFrequency                        
00009dd9  CS_getMCLK                                
00003931  CS_initClockSignal                        
00009819  CS_setDCOCenteredFrequency                
00009ff9  FPU_enableModule                          
00009669  FlashCtl_setWaitState                     
0000a0c1  FreeRTOS_CLIGetOutputBuffer               
000084d1  FreeRTOS_CLIGetParameter                  
00002259  FreeRTOS_CLIProcessCommand                
00008531  FreeRTOS_CLIRegisterCommand               
00009bb9  GPIO_setAsOutputPin                       
00008761  GPIO_setAsPeripheralModuleFunctionInputPin
00009f11  GPIO_setOutputLowOnPin                    
00009f29  GPIO_toggleOutputOnPin                    
00008a79  PCM_getCoreVoltageLevel                   
000092e1  PCM_getPowerMode                          
0000a069  PCM_getPowerState                         
0000a0c9  PCM_setCoreVoltageLevel                   
0000a0d1  PCM_setPowerMode                          
000087b9  SysCtl_getTLVInfo                         
00008129  SystemInit                                
4000480c  WDTCTL_SYM                                
20010000  __STACK_END                               
00000320  __STACK_SIZE                              
0000a490  __TI_CINIT_Base                           
0000a4a0  __TI_CINIT_Limit                          
0000a478  __TI_Handler_Table_Base                   
0000a484  __TI_Handler_Table_Limit                  
00008fb1  __TI_auto_init_nobinit_nopinit            
00008191  __TI_decompress_lzss                      
0000a049  __TI_decompress_none                      
ffffffff  __TI_pprof_out_hndl                       
ffffffff  __TI_prof_data_size                       
ffffffff  __TI_prof_data_start                      
00000000  __TI_static_base__                        
0000a075  __TI_zero_init                            
00007831  __aeabi_cdrcmple                          
00009391  __aeabi_f2d                               
00000f37  __aeabi_idiv0                             
00000f37  __aeabi_ldiv0                             
00007bbd  __aeabi_memclr                            
00007bbd  __aeabi_memclr4                           
00007bbd  __aeabi_memclr8                           
00006c1f  __aeabi_memcpy                            
00006c1f  __aeabi_memcpy4                           
00006c1f  __aeabi_memcpy8                           
00007bbf  __aeabi_memset                            
00007bbf  __aeabi_memset4                           
00007bbf  __aeabi_memset8                           
0000915d  __aeabi_uidiv                             
0000915d  __aeabi_uidivmod                          
ffffffff  __binit__                                 
ffffffff  __c_args__                                
UNDEFED   __mpu_init                                
2000fce0  __stack                                   
0000931d  _c_int00_noargs                           
UNDEFED   _system_post_cinit                        
00001275  _system_pre_init                          
0000153d  abort                                     
ffffffff  binit                                     
000091e1  eTaskConfirmSleepModeStatus               
00007589  eTaskGetState                             
00000000  interruptVectors                          
0000a059  main                                      
00005f01  main_full                                 
00006c1f  memcpy                                    
00007bc5  memset                                    
00009c99  pcTimerGetName                            
00003481  pvPortMalloc                              
00009e39  pvTaskIncrementMutexHeldCount             
000098a9  pvTimerGetTimerID                         
2000d390  pxCurrentTCB                              
000098d9  pxPortInitialiseStack                     
00009aa1  sprintf                                   
00009e69  strcmp                                    
00009f6d  strcpy                                    
00009f81  strlen                                    
000097b7  strncat                                   
00009905  strncmp                                   
000094a9  strncpy                                   
000096f9  ulGetRunTimeCounterValue                  
0000a408  ulMaxSyscallInterruptPriority             
000050c5  ulPortGetIPSR                             
2000d55c  ulRegTest1LoopCounter                     
2000d560  ulRegTest2LoopCounter                     
000082c9  ulTaskNotifyTake                          
00009af1  uxListRemove                              
00009931  uxQueueMessagesWaiting                    
00009961  uxQueueSpacesAvailable                    
00006299  uxTaskGetSystemState                      
00009d19  uxTaskPriorityGet                         
00009e81  uxTaskResetEventItemValue                 
0000a109  vApplicationIdleHook                      
00009fc9  vApplicationMallocFailedHook              
00009fe1  vApplicationStackOverflowHook             
00009f99  vApplicationTickHook                      
00009b91  vConfigureTimerForRunTimeStats            
0000a0e1  vEventGroupClearBitsCallback              
00008ca9  vEventGroupDelete                         
0000a0e9  vEventGroupSetBitsCallback                
00005e41  vInitialiseTimerForIntQueueTest           
00007699  vInterruptSemaphorePeriodicTest           
00009c79  vListInitialise                           
0000a0d9  vListInitialiseItem                       
00009519  vListInsert                               
00009e99  vListInsertEnd                            
000073d9  vPeriodicEventGroupsProcessing            
00005181  vPortEnableVFP                            
000092a1  vPortEnterCritical                        
00009759  vPortExitCritical                         
00007b41  vPortFree                                 
0000513d  vPortSVCHandler                           
00008331  vPortSetupTimerInterrupt                  
0000515d  vPortStartFirstTask                       
000030e9  vPortSuppressTicksAndSleep                
00008469  vPortValidateInterruptPriority            
0000a111  vPreSleepProcessing                       
00008ed9  vQueueWaitForMessageRestricted            
00000f45  vRegTest1Implementation                   
000010d1  vRegTest2Implementation                   
00009991  vRegisterSampleCLICommands                
000080b9  vSerialPutString                          
000079c1  vStartCountingSemaphoreTasks              
00005cc1  vStartEventGroupTasks                     
00006ad9  vStartGenericQueueTasks                   
000048a9  vStartInterruptQueueTasks                 
00004c59  vStartInterruptSemaphoreTasks             
00003809  vStartMathTasks                           
00007cb1  vStartRecursiveMutexTasks                 
00004b71  vStartSemaphoreTasks                      
000093c9  vStartTaskNotifyTask                      
000086b1  vStartTimerDemoTask                       
00009551  vT32_0_Handler                            
00009589  vT32_1_Handler                            
00008919  vTaskDelay                                
00005fb9  vTaskDelayUntil                           
00005269  vTaskDelete                               
00007d29  vTaskGetInfo                              
00005689  vTaskGetRunTimeStats                      
00009eb1  vTaskInternalSetTimeOutState              
00005341  vTaskList                                 
0000a081  vTaskMissedYield                          
00004d39  vTaskNotifyGiveFromISR                    
00009401  vTaskPlaceOnEventList                     
000091a1  vTaskPlaceOnEventListRestricted           
00008651  vTaskPlaceOnUnorderedEventList            
00005751  vTaskPriorityDisinheritAfterTimeout       
00004ef9  vTaskPrioritySet                          
00006ea1  vTaskRemoveFromUnorderedEventList         
00007469  vTaskResume                               
00007721  vTaskStartScheduler                       
000095c1  vTaskStepTick                             
000046c9  vTaskSuspend                              
0000a029  vTaskSuspendAll                           
00004e19  vTaskSwitchContext                        
000008c9  vTimerPeriodicISRTests                    
000099c1  vTimerSetTimerID                          
00008f21  vUARTCommandConsoleStart                  
00006351  vUART_Handler                             
00008cf9  xAreCountingSemaphoreTasksStillRunning    
00008971  xAreEventGroupTasksStillRunning           
00008d49  xAreGenericQueueTasksStillRunning         
000074f9  xAreIntQueueTasksStillRunning             
00008bb9  xAreInterruptSemaphoreTasksStillRunning   
00009439  xAreMathsTaskStillRunning                 
00007fd9  xAreRecursiveMutexTasksStillRunning       
00009471  xAreSemaphoreTasksStillRunning            
00008d99  xAreTaskNotificationTasksStillRunning     
00008399  xAreTimerDemoTasksStillRunning            
000089c9  xEventGroupClearBits                      
00009ec9  xEventGroupClearBitsFromISR               
00009d99  xEventGroupCreate                         
00009db9  xEventGroupGetBitsFromISR                 
00006621  xEventGroupSetBits                        
00009ee1  xEventGroupSetBitsFromISR                 
00004999  xEventGroupSync                           
000035b1  xEventGroupWaitBits                       
00003351  xFirstTimerHandler                        
2000d1b4  xHighPriorityNormallyEmptyTask1           
2000d1b8  xHighPriorityNormallyEmptyTask2           
2000d1bc  xHighPriorityNormallyFullTask1            
2000d1c0  xHighPriorityNormallyFullTask2            
00006781  xNotifyTaskFromISR                        
000050dd  xPortPendSVHandler                        
00004fd9  xPortStartScheduler                       
000099f1  xPortSysTickHandler                       
000090d1  xQueueCreateCountingSemaphore             
00009ef9  xQueueCreateMutex                         
00008de9  xQueueGenericCreate                       
00007229  xQueueGenericReset                        
000020c1  xQueueGenericSend                         
000055b9  xQueueGenericSendFromISR                  
00006409  xQueueGiveFromISR                         
00009119  xQueueGiveMutexRecursive                  
00009a21  xQueueIsQueueFullFromISR                  
000023d1  xQueuePeek                                
00002539  xQueueReceive                             
00006b81  xQueueReceiveFromISR                      
00001f19  xQueueSemaphoreTake                       
00008e39  xQueueTakeMutexRecursive                  
00001ba1  xSecondTimerHandler                       
0000a091  xSerialGetChar                            
000077a9  xSerialPortInitMinimal                    
000085f1  xSerialPutChar                            
00007101  xTaskCheckForTimeOut                      
00008401  xTaskCreate                               
00003b71  xTaskGenericNotify                        
00002be1  xTaskGenericNotifyFromISR                 
0000a0a1  xTaskGetCurrentTaskHandle                 
00009c19  xTaskGetSchedulerState                    
0000a0b1  xTaskGetTickCount                         
0000a039  xTaskGetTickCountFromISR                  
00002d29  xTaskIncrementTick                        
000095f9  xTaskNotifyStateClear                     
000072b9  xTaskNotifyWait                           
00005819  xTaskPriorityDisinherit                   
00006831  xTaskPriorityInherit                      
00006e01  xTaskRemoveFromEventList                  
00003fc1  xTaskResumeAll                            
000097e9  xTimerCreate                              
00008709  xTimerCreateTimerTask                     
00007da1  xTimerGenericCommand                      
00009631  xTimerIsTimerActive                       
00009ac9  xTimerPendFunctionCallFromISR             
0000a384  xUARTConfig                               


GLOBAL SYMBOLS: SORTED BY Symbol Address 

address   name                                      
-------   ----                                      
00000000  __TI_static_base__                        
00000000  interruptVectors                          
00000320  __STACK_SIZE                              
000008c9  vTimerPeriodicISRTests                    
00000f37  __aeabi_idiv0                             
00000f37  __aeabi_ldiv0                             
00000f45  vRegTest1Implementation                   
000010d1  vRegTest2Implementation                   
00001275  _system_pre_init                          
0000153d  C$$EXIT                                   
0000153d  abort                                     
00001ba1  xSecondTimerHandler                       
00001f19  xQueueSemaphoreTake                       
000020c1  xQueueGenericSend                         
00002259  FreeRTOS_CLIProcessCommand                
000023d1  xQueuePeek                                
00002539  xQueueReceive                             
00002a99  CS_getDCOFrequency                        
00002be1  xTaskGenericNotifyFromISR                 
00002d29  xTaskIncrementTick                        
000030e9  vPortSuppressTicksAndSleep                
00003351  xFirstTimerHandler                        
00003481  pvPortMalloc                              
000035b1  xEventGroupWaitBits                       
00003809  vStartMathTasks                           
00003931  CS_initClockSignal                        
00003b71  xTaskGenericNotify                        
00003fc1  xTaskResumeAll                            
000046c9  vTaskSuspend                              
000048a9  vStartInterruptQueueTasks                 
00004999  xEventGroupSync                           
00004b71  vStartSemaphoreTasks                      
00004c59  vStartInterruptSemaphoreTasks             
00004d39  vTaskNotifyGiveFromISR                    
00004e19  vTaskSwitchContext                        
00004ef9  vTaskPrioritySet                          
00004fd9  xPortStartScheduler                       
000050c5  ulPortGetIPSR                             
000050dd  xPortPendSVHandler                        
0000513d  vPortSVCHandler                           
0000515d  vPortStartFirstTask                       
00005181  vPortEnableVFP                            
00005269  vTaskDelete                               
00005341  vTaskList                                 
000055b9  xQueueGenericSendFromISR                  
00005689  vTaskGetRunTimeStats                      
00005751  vTaskPriorityDisinheritAfterTimeout       
00005819  xTaskPriorityDisinherit                   
00005cc1  vStartEventGroupTasks                     
00005e41  vInitialiseTimerForIntQueueTest           
00005f01  main_full                                 
00005fb9  vTaskDelayUntil                           
00006299  uxTaskGetSystemState                      
00006351  vUART_Handler                             
00006409  xQueueGiveFromISR                         
00006621  xEventGroupSetBits                        
00006781  xNotifyTaskFromISR                        
00006831  xTaskPriorityInherit                      
00006ad9  vStartGenericQueueTasks                   
00006b81  xQueueReceiveFromISR                      
00006c1f  __aeabi_memcpy                            
00006c1f  __aeabi_memcpy4                           
00006c1f  __aeabi_memcpy8                           
00006c1f  memcpy                                    
00006e01  xTaskRemoveFromEventList                  
00006ea1  vTaskRemoveFromUnorderedEventList         
00007101  xTaskCheckForTimeOut                      
00007229  xQueueGenericReset                        
000072b9  xTaskNotifyWait                           
000073d9  vPeriodicEventGroupsProcessing            
00007469  vTaskResume                               
000074f9  xAreIntQueueTasksStillRunning             
00007589  eTaskGetState                             
00007699  vInterruptSemaphorePeriodicTest           
00007721  vTaskStartScheduler                       
000077a9  xSerialPortInitMinimal                    
00007831  __aeabi_cdrcmple                          
000079c1  vStartCountingSemaphoreTasks              
00007b41  vPortFree                                 
00007bbd  __aeabi_memclr                            
00007bbd  __aeabi_memclr4                           
00007bbd  __aeabi_memclr8                           
00007bbf  __aeabi_memset                            
00007bbf  __aeabi_memset4                           
00007bbf  __aeabi_memset8                           
00007bc5  memset                                    
00007cb1  vStartRecursiveMutexTasks                 
00007d29  vTaskGetInfo                              
00007da1  xTimerGenericCommand                      
00007fd9  xAreRecursiveMutexTasksStillRunning       
000080b9  vSerialPutString                          
00008129  SystemInit                                
00008191  __TI_decompress_lzss                      
000082c9  ulTaskNotifyTake                          
00008331  vPortSetupTimerInterrupt                  
00008399  xAreTimerDemoTasksStillRunning            
00008401  xTaskCreate                               
00008469  vPortValidateInterruptPriority            
000084d1  FreeRTOS_CLIGetParameter                  
00008531  FreeRTOS_CLIRegisterCommand               
000085f1  xSerialPutChar                            
00008651  vTaskPlaceOnUnorderedEventList            
000086b1  vStartTimerDemoTask                       
00008709  xTimerCreateTimerTask                     
00008761  GPIO_setAsPeripheralModuleFunctionInputPin
000087b9  SysCtl_getTLVInfo                         
00008919  vTaskDelay                                
00008971  xAreEventGroupTasksStillRunning           
000089c9  xEventGroupClearBits                      
00008a79  PCM_getCoreVoltageLevel                   
00008bb9  xAreInterruptSemaphoreTasksStillRunning   
00008ca9  vEventGroupDelete                         
00008cf9  xAreCountingSemaphoreTasksStillRunning    
00008d49  xAreGenericQueueTasksStillRunning         
00008d99  xAreTaskNotificationTasksStillRunning     
00008de9  xQueueGenericCreate                       
00008e39  xQueueTakeMutexRecursive                  
00008ed9  vQueueWaitForMessageRestricted            
00008f21  vUARTCommandConsoleStart                  
00008fb1  __TI_auto_init_nobinit_nopinit            
000090d1  xQueueCreateCountingSemaphore             
00009119  xQueueGiveMutexRecursive                  
0000915d  __aeabi_uidiv                             
0000915d  __aeabi_uidivmod                          
000091a1  vTaskPlaceOnEventListRestricted           
000091e1  eTaskConfirmSleepModeStatus               
000092a1  vPortEnterCritical                        
000092e1  PCM_getPowerMode                          
0000931d  _c_int00_noargs                           
00009391  __aeabi_f2d                               
000093c9  vStartTaskNotifyTask                      
00009401  vTaskPlaceOnEventList                     
00009439  xAreMathsTaskStillRunning                 
00009471  xAreSemaphoreTasksStillRunning            
000094a9  strncpy                                   
00009519  vListInsert                               
00009551  vT32_0_Handler                            
00009589  vT32_1_Handler                            
000095c1  vTaskStepTick                             
000095f9  xTaskNotifyStateClear                     
00009631  xTimerIsTimerActive                       
00009669  FlashCtl_setWaitState                     
000096f9  ulGetRunTimeCounterValue                  
00009759  vPortExitCritical                         
000097b7  strncat                                   
000097e9  xTimerCreate                              
00009819  CS_setDCOCenteredFrequency                
000098a9  pvTimerGetTimerID                         
000098d9  pxPortInitialiseStack                     
00009905  strncmp                                   
00009931  uxQueueMessagesWaiting                    
00009961  uxQueueSpacesAvailable                    
00009991  vRegisterSampleCLICommands                
000099c1  vTimerSetTimerID                          
000099f1  xPortSysTickHandler                       
00009a21  xQueueIsQueueFullFromISR                  
00009aa1  sprintf                                   
00009ac9  xTimerPendFunctionCallFromISR             
00009af1  uxListRemove                              
00009b19  CS_clearInterruptFlag                     
00009b91  vConfigureTimerForRunTimeStats            
00009bb9  GPIO_setAsOutputPin                       
00009c19  xTaskGetSchedulerState                    
00009c79  vListInitialise                           
00009c99  pcTimerGetName                            
00009d19  uxTaskPriorityGet                         
00009d99  xEventGroupCreate                         
00009db9  xEventGroupGetBitsFromISR                 
00009dd9  CS_getMCLK                                
00009e39  pvTaskIncrementMutexHeldCount             
00009e69  strcmp                                    
00009e81  uxTaskResetEventItemValue                 
00009e99  vListInsertEnd                            
00009eb1  vTaskInternalSetTimeOutState              
00009ec9  xEventGroupClearBitsFromISR               
00009ee1  xEventGroupSetBitsFromISR                 
00009ef9  xQueueCreateMutex                         
00009f11  GPIO_setOutputLowOnPin                    
00009f29  GPIO_toggleOutputOnPin                    
00009f6d  strcpy                                    
00009f81  strlen                                    
00009f99  vApplicationTickHook                      
00009fc9  vApplicationMallocFailedHook              
00009fe1  vApplicationStackOverflowHook             
00009ff9  FPU_enableModule                          
0000a029  vTaskSuspendAll                           
0000a039  xTaskGetTickCountFromISR                  
0000a049  __TI_decompress_none                      
0000a059  main                                      
0000a069  PCM_getPowerState                         
0000a075  __TI_zero_init                            
0000a081  vTaskMissedYield                          
0000a091  xSerialGetChar                            
0000a0a1  xTaskGetCurrentTaskHandle                 
0000a0b1  xTaskGetTickCount                         
0000a0c1  FreeRTOS_CLIGetOutputBuffer               
0000a0c9  PCM_setCoreVoltageLevel                   
0000a0d1  PCM_setPowerMode                          
0000a0d9  vListInitialiseItem                       
0000a0e1  vEventGroupClearBitsCallback              
0000a0e9  vEventGroupSetBitsCallback                
0000a109  vApplicationIdleHook                      
0000a111  vPreSleepProcessing                       
0000a384  xUARTConfig                               
0000a408  ulMaxSyscallInterruptPriority             
0000a478  __TI_Handler_Table_Base                   
0000a484  __TI_Handler_Table_Limit                  
0000a490  __TI_CINIT_Base                           
0000a4a0  __TI_CINIT_Limit                          
2000d1b4  xHighPriorityNormallyEmptyTask1           
2000d1b8  xHighPriorityNormallyEmptyTask2           
2000d1bc  xHighPriorityNormallyFullTask1            
2000d1c0  xHighPriorityNormallyFullTask2            
2000d390  pxCurrentTCB                              
2000d55c  ulRegTest1LoopCounter                     
2000d560  ulRegTest2LoopCounter                     
2000fce0  __stack                                   
20010000  __STACK_END                               
4000480c  WDTCTL_SYM                                
ffffffff  __TI_pprof_out_hndl                       
ffffffff  __TI_prof_data_size                       
ffffffff  __TI_prof_data_start                      
ffffffff  __binit__                                 
ffffffff  __c_args__                                
ffffffff  binit                                     
UNDEFED   __mpu_init                                
UNDEFED   _system_post_cinit                        

[227 symbols]
