******************************************************************************
                  TI ARM Linker PC v18.1.2                     
******************************************************************************
>> Linked Mon Dec  3 09:44:21 2018

OUTPUT FILE NAME:   <part3.out>
ENTRY POINT SYMBOL: "_c_int00_noargs"  address: 00000d01


MEMORY CONFIGURATION

         name            origin    length      used     unused   attr    fill
----------------------  --------  ---------  --------  --------  ----  --------
  MAIN                  00000000   00040000  00000e30  0003f1d0  R  X
  INFO                  00200000   00004000  00000000  00004000  R  X
  SRAM_CODE             01000000   00010000  00000268  0000fd98  RW X
  SRAM_DATA             20000000   00010000  00000268  0000fd98  RW  


SEGMENT ALLOCATION MAP

run origin  load origin   length   init length attrs members
----------  ----------- ---------- ----------- ----- -------
00000000    00000000    00000e30   00000e30    r-x
  00000000    00000000    000000e4   000000e4    r-- .intvecs
  000000e4    000000e4    00000cb0   00000cb0    r-x .text
  00000d94    00000d94    0000005c   0000005c    r-- .const
  00000df0    00000df0    00000040   00000040    r-- .cinit
20000000    20000000    00000068   00000000    rw-
  20000000    20000000    0000004c   00000000    rw- .data
  2000004c    2000004c    0000001c   00000000    rw- .bss
2000fe00    2000fe00    00000200   00000000    rw-
  2000fe00    2000fe00    00000200   00000000    rw- .stack


SECTION ALLOCATION MAP

 output                                  attributes/
section   page    origin      length       input sections
--------  ----  ----------  ----------   ----------------
.intvecs   0    00000000    000000e4     
                  00000000    000000e4     startup_msp432p401r_ccs.obj (.intvecs:retain)

.text      0    000000e4    00000cb0     
                  000000e4    000002a4     main.obj (.text:PORT1_IRQHandler)
                  00000388    00000294     main.obj (.text:main)
                  0000061c    00000220     main.obj (.text:SysTick_Handler)
                  0000083c    000001ec     main.obj (.text:EUSCIA0_IRQHandler)
                  00000a28    0000009c     rtsv7M4_T_le_v4SPD16_eabi.lib : memcpy_t2.asm.obj (.text)
                  00000ac4    00000090     main.obj (.text:TA1_0_IRQHandler)
                  00000b54    00000088     main.obj (.text:TA2_0_IRQHandler)
                  00000bdc    00000078     system_msp432p401r.obj (.text:SystemInit)
                  00000c54    00000068     rtsv7M4_T_le_v4SPD16_eabi.lib : copy_decompress_lzss.c.obj (.text:decompress:lzss:__TI_decompress_lzss)
                  00000cbc    00000044                                   : autoinit.c.obj (.text:__TI_auto_init_nobinit_nopinit:__TI_auto_init_nobinit_nopinit)
                  00000d00    00000038                                   : boot_cortex_m.c.obj (.text:_c_int00_noargs:_c_int00_noargs)
                  00000d38    00000024                                   : rand.c.obj (.text:srand)
                  00000d5c    00000012                                   : copy_zero_init.c.obj (.text:decompress:ZI:__TI_zero_init_nomemset:__TI_zero_init_nomemset)
                  00000d6e    0000000e                                   : copy_decompress_none.c.obj (.text:decompress:none:__TI_decompress_none)
                  00000d7c    0000000c     startup_msp432p401r_ccs.obj (.text:Reset_Handler)
                  00000d88    00000004     rtsv7M4_T_le_v4SPD16_eabi.lib : pre_init.c.obj (.text:_system_pre_init)
                  00000d8c    00000004                                   : exit.c.obj (.text:abort:abort)
                  00000d90    00000002     startup_msp432p401r_ccs.obj (.text:Default_Handler)
                  00000d92    00000002     rtsv7M4_T_le_v4SPD16_eabi.lib : _lock.c.obj (.text:_nop)

.const     0    00000d94    0000005c     
                  00000d94    00000024     main.obj (.const:uartConfig)
                  00000db8    00000018     main.obj (.const:TA2upConfig)
                  00000dd0    00000018     main.obj (.const:upConfig)
                  00000de8    00000008     main.obj (.const:.string:port_mapping)

.cinit     0    00000df0    00000040     
                  00000df0    0000001a     (.cinit..data.load) [load image, compression = lzss]
                  00000e0a    00000002     --HOLE-- [fill = 0]
                  00000e0c    0000000c     (__TI_handler_table)
                  00000e18    00000008     (.cinit..bss.load) [load image, compression = zero_init]
                  00000e20    00000010     (__TI_cinit_table)

.init_array 
*          0    00000000    00000000     UNINITIALIZED

.binit     0    00000000    00000000     

.data      0    20000000    0000004c     UNINITIALIZED
                  20000000    00000040     main.obj (.data)
                  20000040    00000008     rtsv7M4_T_le_v4SPD16_eabi.lib : _lock.c.obj (.data:$O1$$)
                  20000048    00000004                                   : rand.c.obj (.data)

.bss       0    2000004c    0000001c     UNINITIALIZED
                  2000004c    00000014     (.common:periods)
                  20000060    00000008     (.common:start)

.stack     0    2000fe00    00000200     UNINITIALIZED
                  2000fe00    00000004     rtsv7M4_T_le_v4SPD16_eabi.lib : boot_cortex_m.c.obj (.stack)
                  2000fe04    000001fc     --HOLE--

MODULE SUMMARY

       Module                        code   ro data   rw data
       ------                        ----   -------   -------
    .\
       main.obj                      2652   92        184    
       system_msp432p401r.obj        120    0         0      
    +--+-----------------------------+------+---------+---------+
       Total:                        2772   92        184    
                                                             
    .\ccs\
       startup_msp432p401r_ccs.obj   14     228       0      
    +--+-----------------------------+------+---------+---------+
       Total:                        14     228       0      
                                                             
    C:\ti\ccsv8\tools\compiler\ti-cgt-arm_18.1.2.LTS\lib\rtsv7M4_T_le_v4SPD16_eabi.lib
       memcpy_t2.asm.obj             156    0         0      
       copy_decompress_lzss.c.obj    104    0         0      
       autoinit.c.obj                68     0         0      
       boot_cortex_m.c.obj           56     0         0      
       rand.c.obj                    36     0         8      
       _lock.c.obj                   2      0         16     
       copy_zero_init.c.obj          18     0         0      
       copy_decompress_none.c.obj    14     0         0      
       exit.c.obj                    4      0         0      
       pre_init.c.obj                4      0         0      
    +--+-----------------------------+------+---------+---------+
       Total:                        462    0         24     
                                                             
       Stack:                        0      0         1024   
       Linker Generated:             0      62        0      
    +--+-----------------------------+------+---------+---------+
       Grand Total:                  3248   382       1232   


LINKER GENERATED COPY TABLES

__TI_cinit_table @ 00000e20 records: 2, size/record: 8, table size: 16
	.data: load addr=00000df0, load size=0000001a bytes, run addr=20000000, run size=0000004c bytes, compression=lzss
	.bss: load addr=00000e18, load size=00000008 bytes, run addr=2000004c, run size=0000001c bytes, compression=zero_init


LINKER GENERATED HANDLER TABLE

__TI_handler_table @ 00000e0c records: 3, size/record: 4, table size: 12
	index: 0, handler: __TI_decompress_lzss
	index: 1, handler: __TI_decompress_none
	index: 2, handler: __TI_zero_init


GLOBAL SYMBOLS: SORTED ALPHABETICALLY BY Name 

address   name                          
-------   ----                          
00000d91  ADC14_IRQHandler              
00000d91  AES256_IRQHandler             
00000d91  BusFault_Handler              
00000d8d  C$$EXIT                       
00000d91  COMP_E0_IRQHandler            
00000d91  COMP_E1_IRQHandler            
00000d91  CS_IRQHandler                 
00000d91  DMA_ERR_IRQHandler            
00000d91  DMA_INT0_IRQHandler           
00000d91  DMA_INT1_IRQHandler           
00000d91  DMA_INT2_IRQHandler           
00000d91  DMA_INT3_IRQHandler           
00000d91  DebugMon_Handler              
00000d91  Default_Handler               
0000083d  EUSCIA0_IRQHandler            
0000083d  EUSCIA0_IRQHandler            
00000d91  EUSCIA1_IRQHandler            
00000d91  EUSCIA2_IRQHandler            
00000d91  EUSCIA3_IRQHandler            
00000d91  EUSCIB0_IRQHandler            
00000d91  EUSCIB1_IRQHandler            
00000d91  EUSCIB2_IRQHandler            
00000d91  EUSCIB3_IRQHandler            
00000d91  FLCTL_IRQHandler              
00000d91  FPU_IRQHandler                
00000d91  HardFault_Handler             
00000d91  MemManage_Handler             
00000d91  NMI_Handler                   
00000d91  PCM_IRQHandler                
000000e5  PORT1_IRQHandler              
000000e5  PORT1_IRQHandler              
00000d91  PORT2_IRQHandler              
00000d91  PORT3_IRQHandler              
00000d91  PORT4_IRQHandler              
00000d91  PORT5_IRQHandler              
00000d91  PORT6_IRQHandler              
00000d91  PSS_IRQHandler                
00000d91  PendSV_Handler                
00000d91  RTC_C_IRQHandler              
00000d7d  Reset_Handler                 
20000000  S1buttonDebounce              
20000004  S2buttonDebounce              
00000d91  SVC_Handler                   
0000061d  SysTick_Handler               
0000061d  SysTick_Handler               
00000bdd  SystemInit                    
00000d91  T32_INT1_IRQHandler           
00000d91  T32_INT2_IRQHandler           
00000d91  T32_INTC_IRQHandler           
00000d91  TA0_0_IRQHandler              
00000d91  TA0_N_IRQHandler              
00000ac5  TA1_0_IRQHandler              
00000ac5  TA1_0_IRQHandler              
00000d91  TA1_N_IRQHandler              
00000b55  TA2_0_IRQHandler              
00000b55  TA2_0_IRQHandler              
00000d91  TA2_N_IRQHandler              
00000db8  TA2upConfig                   
00000d91  TA3_0_IRQHandler              
00000d91  TA3_N_IRQHandler              
00000d91  UsageFault_Handler            
4000480c  WDTCTL_SYM                    
00000d91  WDT_A_IRQHandler              
20010000  __STACK_END                   
00000200  __STACK_SIZE                  
00000e20  __TI_CINIT_Base               
00000e30  __TI_CINIT_Limit              
00000e0c  __TI_Handler_Table_Base       
00000e18  __TI_Handler_Table_Limit      
00000cbd  __TI_auto_init_nobinit_nopinit
00000c55  __TI_decompress_lzss          
00000d6f  __TI_decompress_none          
ffffffff  __TI_pprof_out_hndl           
ffffffff  __TI_prof_data_size           
ffffffff  __TI_prof_data_start          
00000000  __TI_static_base__            
00000d5d  __TI_zero_init_nomemset       
00000a29  __aeabi_memcpy                
00000a29  __aeabi_memcpy4               
00000a29  __aeabi_memcpy8               
ffffffff  __binit__                     
ffffffff  __c_args__                    
UNDEFED   __mpu_init                    
2000fe00  __stack                       
00000d01  _c_int00_noargs               
20000040  _lock                         
00000d93  _nop                          
UNDEFED   _system_post_cinit            
00000d89  _system_pre_init              
20000044  _unlock                       
00000d8d  abort                         
20000030  ack                           
ffffffff  binit                         
20000034  brightness                    
20000028  bytesReceived                 
20000018  count                         
20000014  counting                      
20000024  currentColor                  
00000000  interruptVectors              
20000008  interval                      
00000389  main                          
00000a29  memcpy                        
2000003c  multiplier                    
20000010  newTick                       
20000038  noLED                         
2000000c  oldTick                       
2000004c  periods                       
00000de8  port_mapping                  
2000002c  receiveFreq                   
00000d39  srand                         
20000060  start                         
2000001c  sysTickCount                  
20000020  taps                          
00000d94  uartConfig                    
00000dd0  upConfig                      


GLOBAL SYMBOLS: SORTED BY Symbol Address 

address   name                          
-------   ----                          
00000000  __TI_static_base__            
00000000  interruptVectors              
000000e5  PORT1_IRQHandler              
000000e5  PORT1_IRQHandler              
00000200  __STACK_SIZE                  
00000389  main                          
0000061d  SysTick_Handler               
0000061d  SysTick_Handler               
0000083d  EUSCIA0_IRQHandler            
0000083d  EUSCIA0_IRQHandler            
00000a29  __aeabi_memcpy                
00000a29  __aeabi_memcpy4               
00000a29  __aeabi_memcpy8               
00000a29  memcpy                        
00000ac5  TA1_0_IRQHandler              
00000ac5  TA1_0_IRQHandler              
00000b55  TA2_0_IRQHandler              
00000b55  TA2_0_IRQHandler              
00000bdd  SystemInit                    
00000c55  __TI_decompress_lzss          
00000cbd  __TI_auto_init_nobinit_nopinit
00000d01  _c_int00_noargs               
00000d39  srand                         
00000d5d  __TI_zero_init_nomemset       
00000d6f  __TI_decompress_none          
00000d7d  Reset_Handler                 
00000d89  _system_pre_init              
00000d8d  C$$EXIT                       
00000d8d  abort                         
00000d91  ADC14_IRQHandler              
00000d91  AES256_IRQHandler             
00000d91  BusFault_Handler              
00000d91  COMP_E0_IRQHandler            
00000d91  COMP_E1_IRQHandler            
00000d91  CS_IRQHandler                 
00000d91  DMA_ERR_IRQHandler            
00000d91  DMA_INT0_IRQHandler           
00000d91  DMA_INT1_IRQHandler           
00000d91  DMA_INT2_IRQHandler           
00000d91  DMA_INT3_IRQHandler           
00000d91  DebugMon_Handler              
00000d91  Default_Handler               
00000d91  EUSCIA1_IRQHandler            
00000d91  EUSCIA2_IRQHandler            
00000d91  EUSCIA3_IRQHandler            
00000d91  EUSCIB0_IRQHandler            
00000d91  EUSCIB1_IRQHandler            
00000d91  EUSCIB2_IRQHandler            
00000d91  EUSCIB3_IRQHandler            
00000d91  FLCTL_IRQHandler              
00000d91  FPU_IRQHandler                
00000d91  HardFault_Handler             
00000d91  MemManage_Handler             
00000d91  NMI_Handler                   
00000d91  PCM_IRQHandler                
00000d91  PORT2_IRQHandler              
00000d91  PORT3_IRQHandler              
00000d91  PORT4_IRQHandler              
00000d91  PORT5_IRQHandler              
00000d91  PORT6_IRQHandler              
00000d91  PSS_IRQHandler                
00000d91  PendSV_Handler                
00000d91  RTC_C_IRQHandler              
00000d91  SVC_Handler                   
00000d91  T32_INT1_IRQHandler           
00000d91  T32_INT2_IRQHandler           
00000d91  T32_INTC_IRQHandler           
00000d91  TA0_0_IRQHandler              
00000d91  TA0_N_IRQHandler              
00000d91  TA1_N_IRQHandler              
00000d91  TA2_N_IRQHandler              
00000d91  TA3_0_IRQHandler              
00000d91  TA3_N_IRQHandler              
00000d91  UsageFault_Handler            
00000d91  WDT_A_IRQHandler              
00000d93  _nop                          
00000d94  uartConfig                    
00000db8  TA2upConfig                   
00000dd0  upConfig                      
00000de8  port_mapping                  
00000e0c  __TI_Handler_Table_Base       
00000e18  __TI_Handler_Table_Limit      
00000e20  __TI_CINIT_Base               
00000e30  __TI_CINIT_Limit              
20000000  S1buttonDebounce              
20000004  S2buttonDebounce              
20000008  interval                      
2000000c  oldTick                       
20000010  newTick                       
20000014  counting                      
20000018  count                         
2000001c  sysTickCount                  
20000020  taps                          
20000024  currentColor                  
20000028  bytesReceived                 
2000002c  receiveFreq                   
20000030  ack                           
20000034  brightness                    
20000038  noLED                         
2000003c  multiplier                    
20000040  _lock                         
20000044  _unlock                       
2000004c  periods                       
20000060  start                         
2000fe00  __stack                       
20010000  __STACK_END                   
4000480c  WDTCTL_SYM                    
ffffffff  __TI_pprof_out_hndl           
ffffffff  __TI_prof_data_size           
ffffffff  __TI_prof_data_start          
ffffffff  __binit__                     
ffffffff  __c_args__                    
ffffffff  binit                         
UNDEFED   __mpu_init                    
UNDEFED   _system_post_cinit            

[115 symbols]
